01-02 08:00:09.216  2150  2231 D NativeOptionInfo: OptionInfoAndroidImpl::getLauncherConfig(noCheckAppExits) on cpp! ret : 
01-02 08:00:09.226  2238  2238 I dalvikvm: Could not find method android.os.PowerManager.isInteractive, referenced from method gmh.o
01-02 08:00:09.226  2238  2238 W dalvikvm: VFY: unable to resolve virtual method 3028: Landroid/os/PowerManager;.isInteractive ()Z
01-02 08:00:09.226  2238  2238 D dalvikvm: VFY: replacing opcode 0x6e at 0x0042
01-02 08:00:09.303  2208  2208 I dalvikvm: Could not find method android.content.Context.checkSelfPermission, referenced from method itz.a
01-02 08:00:09.303  2208  2208 W dalvikvm: VFY: unable to resolve virtual method 2187: Landroid/content/Context;.checkSelfPermission (Ljava/lang/String;)I
01-02 08:00:09.304  2208  2208 D dalvikvm: VFY: replacing opcode 0x6e at 0x0034
01-02 08:00:09.305  2208  2208 I dalvikvm: Failed resolving Liua; interface 1208 'Landroid/content/pm/PackageManager$OnPermissionsChangedListener;'
01-02 08:00:09.305  2208  2208 W dalvikvm: Link of class 'Liua;' failed
01-02 08:00:09.305  2208  2208 E dalvikvm: Could not find class 'iua', referenced from method itz.a
01-02 08:00:09.306  2208  2208 W dalvikvm: VFY: unable to resolve new-instance 3558 (Liua;) in Litz;
01-02 08:00:09.306  2208  2208 D dalvikvm: VFY: replacing opcode 0x22 at 0x0000
01-02 08:00:09.307  2208  2208 I dalvikvm: Failed resolving Liua; interface 1208 'Landroid/content/pm/PackageManager$OnPermissionsChangedListener;'
01-02 08:00:09.307  2208  2208 W dalvikvm: Link of class 'Liua;' failed
01-02 08:00:09.308  2208  2208 D dalvikvm: DexOpt: unable to opt direct call 0x4987 at 0x02 in Litz;.a
01-02 08:00:09.338  2150  2231 D NativeLocalApp: LocalAppImpl::getAppById on cpp!
01-02 08:00:09.339  2150  2231 D NativeOptionInfo: OptionInfoAndroidImpl::getLauncherVersion on cpp! ret : 1506567672
01-02 08:00:09.342  2208  2209 D dalvikvm: GC_CONCURRENT freed 342K, 14% free 4063K/4696K, paused 2ms+4ms, total 22ms
01-02 08:00:09.349  2150  2231 D NativeOptionInfo: OptionInfoAndroidImpl::getLauncherConfig(noCheckAppExits) on cpp!
01-02 08:00:09.349  2150  2231 D NativeOptionInfo: in java attribute = noCheckAppExits
01-02 08:00:09.349  2150  2231 D NativeOptionInfo: in java null
01-02 08:00:09.349  2150  2231 D NativeOptionInfo: OptionInfoAndroidImpl::getLauncherConfig(noCheckAppExits) on cpp! ret : 
01-02 08:00:09.351  2208  2401 I GCoreUlr: WorldUpdater received intent Intent { act=com.google.android.location.reporting.ACTION_UPDATE_WORLD cmp=com.google.android.gms/com.google.android.location.reporting.service.DispatchingService (has extras) } with receiverAction android.location.PROVIDERS_CHANGED
01-02 08:00:09.355  2208  2208 I dalvikvm: Failed resolving Lagop; interface 9256 'Landroid/net/wifi/WifiScanner$ScanListener;'
01-02 08:00:09.355  2208  2208 W dalvikvm: Link of class 'Lagop;' failed
01-02 08:00:09.356  2208  2208 E dalvikvm: Could not find class 'agop', referenced from method ahjc.<init>
01-02 08:00:09.356  2208  2208 W dalvikvm: VFY: unable to resolve new-instance 4464 (Lagop;) in Lahjc;
01-02 08:00:09.356  2208  2208 D dalvikvm: VFY: replacing opcode 0x22 at 0x0059
01-02 08:00:09.361  2208  2208 I dalvikvm: Failed resolving Lagop; interface 9256 'Landroid/net/wifi/WifiScanner$ScanListener;'
01-02 08:00:09.361  2208  2208 W dalvikvm: Link of class 'Lagop;' failed
01-02 08:00:09.362  2208  2208 D dalvikvm: DexOpt: unable to opt direct call 0x52a1 at 0x5b in Lahjc;.<init>
01-02 08:00:09.405  2274  2398 D dalvikvm: GC_EXPLICIT freed 88K, 11% free 3724K/4164K, paused 2ms+2ms, total 28ms
01-02 08:00:09.430  2150  2231 D NativeLocalApp: LocalAppImpl::getAppById on cpp!
01-02 08:00:09.431  2150  2231 D NativeOptionInfo: OptionInfoAndroidImpl::getLauncherVersion on cpp! ret : 1506567672
01-02 08:00:09.438  2150  2231 D NativeOptionInfo: OptionInfoAndroidImpl::getLauncherConfig(noCheckAppExits) on cpp!
01-02 08:00:09.438  2150  2231 D NativeOptionInfo: in java attribute = noCheckAppExits
01-02 08:00:09.439  2150  2231 D NativeOptionInfo: in java null
01-02 08:00:09.439  2150  2231 D NativeOptionInfo: OptionInfoAndroidImpl::getLauncherConfig(noCheckAppExits) on cpp! ret : 
01-02 08:00:09.446  2208  2401 I GCoreUlr: WorldUpdater:android.location.PROVIDERS_CHANGED: Ensuring that reporting is stopped because of reasons: (no Google accounts)
01-02 08:00:09.450  2208  2401 I GCoreUlr: Unbound from all location providers
01-02 08:00:09.450  2208  2401 I GCoreUlr: Place inference reporting - stop
01-02 08:00:09.470  2208  2208 I dalvikvm: Failed resolving Lahgx; interface 9023 'Landroid/app/AlarmManager$OnAlarmListener;'
01-02 08:00:09.470  2208  2208 W dalvikvm: Link of class 'Lahgx;' failed
01-02 08:00:09.470  2208  2208 E dalvikvm: Could not find class 'ahgx', referenced from method ahgw.<init>
01-02 08:00:09.470  2208  2208 W dalvikvm: VFY: unable to resolve new-instance 4959 (Lahgx;) in Lahgw;
01-02 08:00:09.470  2208  2208 D dalvikvm: VFY: replacing opcode 0x22 at 0x007a
01-02 08:00:09.471  2238  2238 I CastSocket: 19 >= 18. Adding new CastClientAuthKeyManager.
01-02 08:00:09.475  2208  2208 I dalvikvm: Could not find method android.app.AlarmManager.set, referenced from method ahgw.a
01-02 08:00:09.475  2208  2208 W dalvikvm: VFY: unable to resolve virtual method 43063: Landroid/app/AlarmManager;.set (IJLjava/lang/String;Landroid/app/AlarmManager$OnAlarmListener;Landroid/os/Handler;)V
01-02 08:00:09.475  2208  2208 D dalvikvm: VFY: replacing opcode 0x74 at 0x0016
01-02 08:00:09.476  2208  2208 I dalvikvm: Could not find method android.app.AlarmManager.cancel, referenced from method ahgw.a
01-02 08:00:09.476  2208  2208 W dalvikvm: VFY: unable to resolve virtual method 43059: Landroid/app/AlarmManager;.cancel (Landroid/app/AlarmManager$OnAlarmListener;)V
01-02 08:00:09.476  2208  2208 D dalvikvm: VFY: replacing opcode 0x6e at 0x0004
01-02 08:00:09.484  2208  2208 I dalvikvm: Failed resolving Lahgx; interface 9023 'Landroid/app/AlarmManager$OnAlarmListener;'
01-02 08:00:09.484  2208  2208 W dalvikvm: Link of class 'Lahgx;' failed
01-02 08:00:09.485  2208  2208 D dalvikvm: DexOpt: unable to opt direct call 0x5bab at 0x7c in Lahgw;.<init>
01-02 08:00:09.492  2150  2231 D dalvikvm: GC_FOR_ALLOC freed 1492K, 12% free 11940K/13460K, paused 36ms, total 37ms
01-02 08:00:09.527  2150  2231 D NativeLocalApp: LocalAppImpl::getAppById on cpp!
01-02 08:00:09.528  2150  2231 D NativeOptionInfo: OptionInfoAndroidImpl::getLauncherVersion on cpp! ret : 1506567672
01-02 08:00:09.540  2150  2231 D NativeOptionInfo: OptionInfoAndroidImpl::getLauncherConfig(noCheckAppExits) on cpp!
01-02 08:00:09.541  2150  2231 D NativeOptionInfo: in java attribute = noCheckAppExits
01-02 08:00:09.541  2150  2231 D NativeOptionInfo: in java null
01-02 08:00:09.541  2150  2231 D NativeOptionInfo: OptionInfoAndroidImpl::getLauncherConfig(noCheckAppExits) on cpp! ret : 
01-02 08:00:09.545  2208  2208 I dalvikvm: Could not find method android.app.AlarmManager.setAndAllowWhileIdle, referenced from method iyp.a
01-02 08:00:09.546  2208  2208 W dalvikvm: VFY: unable to resolve virtual method 1686: Landroid/app/AlarmManager;.setAndAllowWhileIdle (IJLandroid/app/PendingIntent;)V
01-02 08:00:09.546  2208  2208 D dalvikvm: VFY: replacing opcode 0x6e at 0x000f
01-02 08:00:09.546  2208  2208 I dalvikvm: Could not find method android.app.AlarmManager.setExactAndAllowWhileIdle, referenced from method iyp.b
01-02 08:00:09.546  2208  2208 W dalvikvm: VFY: unable to resolve virtual method 1687: Landroid/app/AlarmManager;.setExactAndAllowWhileIdle (IJLandroid/app/PendingIntent;)V
01-02 08:00:09.546  2208  2208 D dalvikvm: VFY: replacing opcode 0x6e at 0x0010
01-02 08:00:09.566  2208  2208 I dalvikvm: Failed resolving Ljdx; interface 1208 'Landroid/content/pm/PackageManager$OnPermissionsChangedListener;'
01-02 08:00:09.566  2150  2231 D NativeLocalApp: LocalAppImpl::getAppById on cpp!
01-02 08:00:09.566  2208  2208 W dalvikvm: Link of class 'Ljdx;' failed
01-02 08:00:09.567  2150  2231 D NativeOptionInfo: OptionInfoAndroidImpl::getLauncherVersion on cpp! ret : 1506567672
01-02 08:00:09.579  2150  2231 D NativeOptionInfo: OptionInfoAndroidImpl::getLauncherConfig(noCheckAppExits) on cpp!
01-02 08:00:09.579  2150  2231 D NativeOptionInfo: in java attribute = noCheckAppExits
01-02 08:00:09.579  2150  2231 D NativeOptionInfo: in java null
01-02 08:00:09.580  2150  2231 D NativeOptionInfo: OptionInfoAndroidImpl::getLauncherConfig(noCheckAppExits) on cpp! ret : 
01-02 08:00:09.582  2150  2231 D NativeLocalApp: LocalAppImpl::getAppById on cpp!
01-02 08:00:09.587  2208  2208 E dalvikvm: Could not find class 'jdx', referenced from method jdv.a
01-02 08:00:09.587  2208  2208 W dalvikvm: VFY: unable to resolve new-instance 7348 (Ljdx;) in Ljdv;
01-02 08:00:09.587  2208  2208 D dalvikvm: VFY: replacing opcode 0x22 at 0x0014
01-02 08:00:09.588  2208  2208 I dalvikvm: Failed resolving Ljdx; interface 1208 'Landroid/content/pm/PackageManager$OnPermissionsChangedListener;'
01-02 08:00:09.588  2208  2208 W dalvikvm: Link of class 'Ljdx;' failed
01-02 08:00:09.588  2208  2208 D dalvikvm: DexOpt: unable to opt direct call 0x6a67 at 0x1a in Ljdv;.a
01-02 08:00:09.592  2150  2231 D NativeOptionInfo: OptionInfoAndroidImpl::getLauncherConfig(noFocusAnimation) on cpp!
01-02 08:00:09.592  2150  2231 D NativeOptionInfo: in java attribute = noFocusAnimation
01-02 08:00:09.593  2150  2231 D NativeOptionInfo: in java null
01-02 08:00:09.594  2150  2231 D NativeOptionInfo: OptionInfoAndroidImpl::getLauncherConfig(noFocusAnimation) on cpp! ret : 
01-02 08:00:09.607  2150  2231 D NativeOptionInfo: OptionInfoAndroidImpl::getLauncherConfig(noFocusAnimation) on cpp!
01-02 08:00:09.608  2150  2231 D NativeOptionInfo: in java attribute = noFocusAnimation
01-02 08:00:09.608  2150  2231 D NativeOptionInfo: in java null
01-02 08:00:09.608  2150  2231 D NativeOptionInfo: OptionInfoAndroidImpl::getLauncherConfig(noFocusAnimation) on cpp! ret : 
01-02 08:00:09.614  2208  2209 D dalvikvm: GC_CONCURRENT freed 374K, 14% free 4123K/4788K, paused 2ms+1ms, total 47ms
01-02 08:00:09.618  2150  2231 D NativeOptionInfo: OptionInfoAndroidImpl::getLauncherConfig(noCheckAppExits) on cpp!
01-02 08:00:09.618  2150  2231 D NativeOptionInfo: in java attribute = noCheckAppExits
01-02 08:00:09.618  2150  2231 D NativeOptionInfo: in java null
01-02 08:00:09.618  2150  2231 D NativeOptionInfo: OptionInfoAndroidImpl::getLauncherConfig(noCheckAppExits) on cpp! ret : 
01-02 08:00:09.643  2150  2231 D NativeLocalApp: LocalAppImpl::getAppById on cpp!
01-02 08:00:09.645  2238  2410 I iu.SyncManager: SYNC; picasa accounts
01-02 08:00:09.645  2150  2231 D NativeOptionInfo: OptionInfoAndroidImpl::getLauncherVersion on cpp! ret : 1506567672
01-02 08:00:09.660  2150  2231 D NativeOptionInfo: OptionInfoAndroidImpl::getLauncherConfig(noCheckAppExits) on cpp!
01-02 08:00:09.660  2150  2231 D NativeOptionInfo: in java attribute = noCheckAppExits
01-02 08:00:09.660  2150  2231 D NativeOptionInfo: in java null
01-02 08:00:09.660  2150  2231 D NativeOptionInfo: OptionInfoAndroidImpl::getLauncherConfig(noCheckAppExits) on cpp! ret : 
01-02 08:00:09.665  1904  2082 D ConnectivityService: mActiveDefaultNetwork = 9
01-02 08:00:09.672  1904  1916 D ConnectivityService: mActiveDefaultNetwork = 9
01-02 08:00:09.675  2238  2238 I iu.Environment: update connectivity state; isNetworkMetered? false, isRoaming? false, isBackgroundDataAllowed? true*
01-02 08:00:09.688  2238  2238 I dalvikvm: Could not find method android.net.wifi.WifiInfo.getFrequency, referenced from method gqk.a
01-02 08:00:09.688  2238  2238 W dalvikvm: VFY: unable to resolve virtual method 2770: Landroid/net/wifi/WifiInfo;.getFrequency ()I
01-02 08:00:09.689  2238  2238 D dalvikvm: VFY: replacing opcode 0x6e at 0x0030
01-02 08:00:09.689  2238  2238 I CastMediaRouteProvider: Logging initial network connection state.
01-02 08:00:09.690  1904  2082 D ConnectivityService: mActiveDefaultNetwork = 9
01-02 08:00:09.696  1904  1904 E AudioService: ########### ACTION_BOOT_COMPLETED ###########
01-02 08:00:09.696  1904  1904 E AudioService: ######## property = 1#######
01-02 08:00:09.717  1402  1629 I AudioPolicyManagerBase: ----FORCE_none: AudioPolicyManagerBase.cpp
01-02 08:00:09.717  1402  1629 I AudioPolicyManagerBase: ----FORCE_none: AudioPolicyManagerBase.cpp
01-02 08:00:09.717  1402  1629 I AudioPolicyManagerBase: ----FORCE_none: AudioPolicyManagerBase.cpp
01-02 08:00:09.717  1402  1629 I AudioPolicyManagerBase: ----FORCE_none: AudioPolicyManagerBase.cpp
01-02 08:00:09.717  1402  1629 I AudioPolicyManagerBase: ----FORCE_none: AudioPolicyManagerBase.cpp
01-02 08:00:09.717  1402  1629 I AudioPolicyManagerBase: ----FORCE_none: AudioPolicyManagerBase.cpp
01-02 08:00:09.717  1402  1629 I AudioPolicyManagerBase: ----FORCE_none: AudioPolicyManagerBase.cpp
01-02 08:00:09.717  1402  1629 I AudioPolicyManagerBase: ----FORCE_none: AudioPolicyManagerBase.cpp
01-02 08:00:09.717  1402  1629 I AudioPolicyManagerBase: ----FORCE_none: AudioPolicyManagerBase.cpp
01-02 08:00:09.717  1402  1629 I AudioPolicyManagerBase: ----FORCE_none: AudioPolicyManagerBase.cpp
01-02 08:00:09.718  1402  1629 I AudioPolicyManagerBase: ----FORCE_none: AudioPolicyManagerBase.cpp
01-02 08:00:09.718  1402  1629 I AudioPolicyManagerBase: ----FORCE_none: AudioPolicyManagerBase.cpp
01-02 08:00:09.718  1402  1629 I AudioPolicyManagerBase: ----FORCE_none: AudioPolicyManagerBase.cpp
01-02 08:00:09.718  1402  1629 I AudioPolicyManagerBase: ----FORCE_none: AudioPolicyManagerBase.cpp
01-02 08:00:09.718  1402  1629 I AudioPolicyManagerBase: ----FORCE_none: AudioPolicyManagerBase.cpp
01-02 08:00:09.719  1402  1629 I AudioPolicyManagerBase: NO Force device 
01-02 08:00:09.738  1402  1991 I AudioPolicyManagerBase: AudioPolicyManagerBase::checkAndSetVolume 7,0.076710
01-02 08:00:09.739  1402  1402 I AudioPolicyManagerBase: AudioPolicyManagerBase::checkAndSetVolume 11,0.071821
01-02 08:00:09.743  1402  1629 I AudioPolicyManagerBase: AudioPolicyManagerBase::checkAndSetVolume 5,0.037584
01-02 08:00:09.743  2238  2240 D dalvikvm: GC_CONCURRENT freed 1380K, 29% free 4163K/5836K, paused 2ms+12ms, total 57ms
01-02 08:00:09.745  1402  1991 I AudioPolicyManagerBase: AudioPolicyManagerBase::checkAndSetVolume 7,0.003527
01-02 08:00:09.754  1412  1441 I HiMW_drv_audiomanage: Mute:port(80),type(0:0)
01-02 08:00:09.754  1412  1441 I HiMW_drv_audiomanage: Mute:port(80),type(1:0)
01-02 08:00:09.754  1412  1441 I HiMW_drv_audiomanage: Mute:port(80),type(2:0)
01-02 08:00:09.754  1412  1441 I HiMW_drv_audiomanage: Mute:port(80),type(3:0)
01-02 08:00:09.754  1412  1441 I HiMW_drv_audiomanage: Mute:port(80),type(4:0)
01-02 08:00:09.754  1412  1441 I HiMW_drv_audiomanage: Mute:port(80),type(5:0)
01-02 08:00:09.754  1412  1441 I HiMW_drv_audiomanage: Mute:port(80),type(6:0)
01-02 08:00:09.754  1412  1441 I HiMW_drv_audiomanage: Mute:port(80),type(7:0)
01-02 08:00:09.754  1412  1441 I HiMW_drv_audiomanage: Mute:port(80),type(8:0)
01-02 08:00:09.754  1412  1441 I HiMW_drv_audiomanage: Mute:port(80),type(9:0)
01-02 08:00:09.754  1412  1441 I HiMW_drv_audiomanage: Mute:port(80),type(10:0)
01-02 08:00:09.754  1412  1441 I HiMW_drv_audiomanage: Mute:port(80),type(11:0)
01-02 08:00:09.754  1412  1441 I HiMW_drv_audiomanage: Mute:port(80),type(12:0)
01-02 08:00:09.754  1412  1441 I HiMW_drv_audiomanage: Mute:port(80),type(13:0)
01-02 08:00:09.759  1412  1993 I HiMW_com_convert: >> precision volume input: 7
01-02 08:00:09.759  1412  1993 I HiMW_com_convert: >> precision volume : -31.000000
01-02 08:00:09.759  1412  1994 E HiMW_drv_audiomanage: Not found port!
01-02 08:00:09.760  1412  1412 I HiMW_com_convert: >> precision volume input: 7
01-02 08:00:09.760  1412  1412 I HiMW_com_convert: >> precision volume : -50.375000
01-02 08:00:09.760  1412  1412 E HiMW_drv_audiomanage: Not found port!
01-02 08:00:09.760  1402  1991 I AudioPolicyManagerBase: line = 3380, setVolume of speaker and headphone by MW, index = 7
01-02 08:00:09.760  1402  1402 I AudioPolicyManagerBase: AudioPolicyManagerBase::checkAndSetVolume 6,0.038905
01-02 08:00:09.761  1402  1629 I AudioPolicyManagerBase: AudioPolicyManagerBase::checkAndSetVolume 8,0.037584
01-02 08:00:09.763  1402  1402 I AudioPolicyManagerBase: AudioPolicyManagerBase::checkAndSetVolume 11,0.071821
01-02 08:00:09.764  1402  1629 I AudioPolicyManagerBase: AudioPolicyManagerBase::checkAndSetVolume 11,0.071821
01-02 08:00:09.765  1402  1991 I AudioPolicyManagerBase: AudioPolicyManagerBase::checkAndSetVolume 11,0.003527
01-02 08:00:09.766  1904  1926 D BluetoothManagerService: Message: 20
01-02 08:00:09.766  1904  1926 D BluetoothManagerService: Added callback: android.bluetooth.BluetoothAdapter$1@41bcc878:true
01-02 08:00:09.767  2208  2208 I dalvikvm: Could not find method android.os.PowerManager.isDeviceIdleMode, referenced from method aics.a
01-02 08:00:09.767  1402  1402 I AudioPolicyManagerBase: AudioPolicyManagerBase::checkAndSetVolume 7,0.003527
01-02 08:00:09.767  1412  1441 I HiMW_drv_audiomanage: Mute:port(80),type(0:0)
01-02 08:00:09.767  1412  1441 I HiMW_drv_audiomanage: Mute:port(80),type(1:0)
01-02 08:00:09.767  1412  1441 I HiMW_drv_audiomanage: Mute:port(80),type(2:0)
01-02 08:00:09.767  1412  1441 I HiMW_drv_audiomanage: Mute:port(80),type(3:0)
01-02 08:00:09.767  1412  1441 I HiMW_drv_audiomanage: Mute:port(80),type(4:0)
01-02 08:00:09.767  1412  1441 I HiMW_drv_audiomanage: Mute:port(80),type(5:0)
01-02 08:00:09.767  1412  1441 I HiMW_drv_audiomanage: Mute:port(80),type(6:0)
01-02 08:00:09.767  1412  1441 I HiMW_drv_audiomanage: Mute:port(80),type(7:0)
01-02 08:00:09.767  1412  1441 I HiMW_drv_audiomanage: Mute:port(80),type(8:0)
01-02 08:00:09.767  1412  1441 I HiMW_drv_audiomanage: Mute:port(80),type(9:0)
01-02 08:00:09.767  1412  1441 I HiMW_drv_audiomanage: Mute:port(80),type(10:0)
01-02 08:00:09.767  1412  1441 I HiMW_drv_audiomanage: Mute:port(80),type(11:0)
01-02 08:00:09.767  1412  1441 I HiMW_drv_audiomanage: Mute:port(80),type(12:0)
01-02 08:00:09.767  1412  1441 I HiMW_drv_audiomanage: Mute:port(80),type(13:0)
01-02 08:00:09.768  1412  1994 I HiMW_com_convert: >> precision volume input: 7
01-02 08:00:09.768  1412  1994 I HiMW_com_convert: >> precision volume : -31.000000
01-02 08:00:09.768  1412  1993 E HiMW_drv_audiomanage: Not found port!
01-02 08:00:09.768  1412  1412 I HiMW_com_convert: >> precision volume input: 7
01-02 08:00:09.768  1412  1412 I HiMW_com_convert: >> precision volume : -50.375000
01-02 08:00:09.768  1412  1412 E HiMW_drv_audiomanage: Not found port!
01-02 08:00:09.768  1402  1402 I AudioPolicyManagerBase: line = 3380, setVolume of speaker and headphone by MW, index = 7
01-02 08:00:09.768  1402  1629 I AudioPolicyManagerBase: AudioPolicyManagerBase::checkAndSetVolume 11,0.003527
01-02 08:00:09.769  2208  2208 W dalvikvm: VFY: unable to resolve virtual method 44370: Landroid/os/PowerManager;.isDeviceIdleMode ()Z
01-02 08:00:09.769  2208  2208 D dalvikvm: VFY: replacing opcode 0x6e at 0x0008
01-02 08:00:09.769  1402  1991 I AudioPolicyManagerBase: AudioPolicyManagerBase::checkAndSetVolume 11,0.071821
01-02 08:00:09.769  1402  1402 I AudioPolicyManagerBase: AudioPolicyManagerBase::checkAndSetVolume 11,0.071821
01-02 08:00:09.770  1402  1629 I AudioPolicyManagerBase: AudioPolicyManagerBase::checkAndSetVolume 11,0.071821
01-02 08:00:09.770  1402  1991 I AudioPolicyManagerBase: AudioPolicyManagerBase::checkAndSetVolume 7,0.076710
01-02 08:00:09.773  1904  1926 D BluetoothManagerService: Message: 30
01-02 08:00:09.776  1904  1904 W ContextImpl: Calling a method in the system process without a qualified user: android.app.ContextImpl.bindService:1590 android.bluetooth.BluetoothHeadset.doBind:283 android.bluetooth.BluetoothHeadset.<init>:276 android.bluetooth.BluetoothAdapter.getProfileProxy:1188 android.media.AudioService.getBluetoothHeadset:2257 
01-02 08:00:09.777  1904  1926 D BluetoothManagerService: Message: 30
01-02 08:00:09.778  1904  1904 W ContextImpl: Calling a method in the system process without a qualified user: android.app.ContextImpl.bindService:1590 android.bluetooth.BluetoothA2dp.doBind:165 android.bluetooth.BluetoothA2dp.<init>:158 android.bluetooth.BluetoothAdapter.getProfileProxy:1191 android.media.AudioService$AudioServiceBroadcastReceiver.onReceive:4232 
01-02 08:00:09.779  1904  1904 V WiredAccessoryManager: init()
01-02 08:00:09.788  1904  1959 I PowerManagerService: Boot animation finished.
01-02 08:00:09.791  2150  2231 D NativeLocalApp: LocalAppImpl::getAppById on cpp!
01-02 08:00:09.794  2150  2231 D NativeOptionInfo: OptionInfoAndroidImpl::getLauncherVersion on cpp! ret : 1506567672
01-02 08:00:09.803  1904  2414 V MediaPlayer: decode(186, 0, 5136)
01-02 08:00:09.809  1402  1402 V MediaPlayerService: decode(17, 0, 5136)
01-02 08:00:09.811  1402  1402 V MediaPlayerService: MediaPlayerService::decode(fd)  player type from HIMEDIA_PLAYER(6) --> STAGEFRIGHT_PLAYER(3)
01-02 08:00:09.811  1402  1402 V MediaPlayerService: player type = 3
01-02 08:00:09.811  1402  1402 V MediaPlayerFactory:  create StagefrightPlayer
01-02 08:00:09.815  1904  2416 I RecoverySystem: No recovery log file
01-02 08:00:09.827  1904  1904 I ActivityManager: Start proc android.process.media for broadcast com.android.providers.downloads/.DownloadReceiver: pid=2419 uid=10003 gids={50003, 1028, 1023, 1015, 1024, 2001, 3003, 3007}
01-02 08:00:09.829  2238  2238 I CastMediaRouteProvider: Network connectivity changed
01-02 08:00:09.841  2150  2231 D NativeOptionInfo: OptionInfoAndroidImpl::getDateFormat on cpp! ret : MM-dd-yyyy
01-02 08:00:09.841  1904  1916 D ConnectivityService: mActiveDefaultNetwork = 9
01-02 08:00:09.842  2150  2231 D NativeNetwork: InputSouceAndroidImpl::GetCurrentInputSourceId on cpp!
01-02 08:00:09.843  2150  2231 D NativeOptionInfo: OptionInfoAndroidImpl::getLauncherConfig(networkIconColor) on cpp!
01-02 08:00:09.843  2150  2231 D NativeOptionInfo: in java attribute = networkIconColor
01-02 08:00:09.843  2150  2231 D NativeOptionInfo: in java null
01-02 08:00:09.843  2150  2231 D NativeOptionInfo: OptionInfoAndroidImpl::getLauncherConfig(networkIconColor) on cpp! ret : 
01-02 08:00:09.871  1402  1402 D HIOMX_CORE: OMX_Init :: enter!
01-02 08:00:09.871  1402  1402 D HIOMX_CORE: OMX_Init :: exit!
01-02 08:00:09.871  1402  1402 D HIOMX_CORE: OMX_ComponentNameEnum :: g_ComponentTable[0].name: OMX.hisi.video.encoder.avc 
01-02 08:00:09.872  1402  1402 D HIOMX_CORE: OMX_ComponentNameEnum :: g_ComponentTable[1].name: OMX.hisi.video.decoder.avc 
01-02 08:00:09.872  1402  1402 D HIOMX_CORE: OMX_ComponentNameEnum :: g_ComponentTable[2].name: OMX.hisi.video.decoder.vc1 
01-02 08:00:09.872  1402  1402 D HIOMX_CORE: OMX_ComponentNameEnum :: g_ComponentTable[3].name: OMX.hisi.video.decoder.mpeg1 
01-02 08:00:09.872  1402  1402 D HIOMX_CORE: OMX_ComponentNameEnum :: g_ComponentTable[4].name: OMX.hisi.video.decoder.mpeg2 
01-02 08:00:09.872  1402  1402 D HIOMX_CORE: OMX_ComponentNameEnum :: g_ComponentTable[5].name: OMX.hisi.video.decoder.mpeg4 
01-02 08:00:09.872  1402  1402 D HIOMX_CORE: OMX_ComponentNameEnum :: g_ComponentTable[6].name: OMX.hisi.video.decoder.h263 
01-02 08:00:09.872  1402  1402 D HIOMX_CORE: OMX_ComponentNameEnum :: g_ComponentTable[7].name: OMX.hisi.video.decoder.divx3 
01-02 08:00:09.872  1402  1402 D HIOMX_CORE: OMX_ComponentNameEnum :: g_ComponentTable[8].name: OMX.hisi.video.decoder.vp9 
01-02 08:00:09.872  1402  1402 D HIOMX_CORE: OMX_ComponentNameEnum :: g_ComponentTable[9].name: OMX.hisi.video.decoder.vp8 
01-02 08:00:09.873  1402  1402 D HIOMX_CORE: OMX_ComponentNameEnum :: g_ComponentTable[10].name: OMX.hisi.video.decoder.vp6 
01-02 08:00:09.873  1402  1402 D HIOMX_CORE: OMX_ComponentNameEnum :: g_ComponentTable[11].name: OMX.hisi.video.decoder.wmv 
01-02 08:00:09.873  1402  1402 D HIOMX_CORE: OMX_ComponentNameEnum :: g_ComponentTable[12].name: OMX.hisi.video.decoder.avs 
01-02 08:00:09.873  1402  1402 D HIOMX_CORE: OMX_ComponentNameEnum :: g_ComponentTable[13].name: OMX.hisi.video.decoder.sorenson 
01-02 08:00:09.873  1402  1402 D HIOMX_CORE: OMX_ComponentNameEnum :: g_ComponentTable[14].name: OMX.hisi.video.decoder.hevc 
01-02 08:00:09.873  1402  1402 D HIOMX_CORE: OMX_ComponentNameEnum :: g_ComponentTable[15].name: OMX.hisi.video.decoder.mvc 
01-02 08:00:09.873  1402  1402 D HIOMX_CORE: OMX_ComponentNameEnum :: g_ComponentTable[16].name: OMX.hisi.video.decoder.avc.secure 
01-02 08:00:09.873  1402  1402 D HIOMX_CORE: OMX_ComponentNameEnum :: g_ComponentTable[17].name: OMX.hisi.video.decoder.vc1.secure 
01-02 08:00:09.873  1402  1402 D HIOMX_CORE: OMX_ComponentNameEnum :: g_ComponentTable[18].name: OMX.hisi.video.decoder.mpeg1.secure 
01-02 08:00:09.873  1402  1402 D HIOMX_CORE: OMX_ComponentNameEnum :: g_ComponentTable[19].name: OMX.hisi.video.decoder.mpeg2.secure 
01-02 08:00:09.873  1402  1402 D HIOMX_CORE: OMX_ComponentNameEnum :: g_ComponentTable[20].name: OMX.hisi.video.decoder.mpeg4.secure 
01-02 08:00:09.873  1402  1402 D HIOMX_CORE: OMX_ComponentNameEnum :: g_ComponentTable[21].name: OMX.hisi.video.decoder.divx3.secure 
01-02 08:00:09.873  1402  1402 D HIOMX_CORE: OMX_ComponentNameEnum :: g_ComponentTable[22].name: OMX.hisi.video.decoder.vp8.secure 
01-02 08:00:09.873  1402  1402 D HIOMX_CORE: OMX_ComponentNameEnum :: g_ComponentTable[23].name: OMX.hisi.video.decoder.vp6.secure 
01-02 08:00:09.873  1402  1402 D HIOMX_CORE: OMX_ComponentNameEnum :: g_ComponentTable[24].name: OMX.hisi.video.decoder.wmv.secure 
01-02 08:00:09.873  1402  1402 D HIOMX_CORE: OMX_ComponentNameEnum :: g_ComponentTable[25].name: OMX.hisi.video.decoder.avs.secure 
01-02 08:00:09.873  1402  1402 D HIOMX_CORE: OMX_ComponentNameEnum :: g_ComponentTable[26].name: OMX.hisi.video.decoder.hevc.secure 
01-02 08:00:09.873  1402  1402 D HIOMX_CORE: OMX_ComponentNameEnum :: g_ComponentTable[27].name: OMX.hisi.audio.decoder.ac3 
01-02 08:00:09.873  1402  1402 D HIOMX_CORE: OMX_ComponentNameEnum :: g_ComponentTable[28].name: OMX.hisi.audio.decoder.eac3 
01-02 08:00:09.873  1402  1402 V AudioCache: notify(0xb7491b18, 8, 0, 0)
01-02 08:00:09.873  1402  1402 V AudioCache: ignored
01-02 08:00:09.874  1904  2416 I BootReceiver: Copying audit failures to DropBox
01-02 08:00:09.875  1904  2416 I BootReceiver: Checking for fsck errors
01-02 08:00:09.891  1402  1402 E WVMExtractor: Failed to open libwvm.so
01-02 08:00:09.901  2419  2419 E Environment: canonicalPath = /storage/sdcard
01-02 08:00:09.903  1904  1916 D ConnectivityService: mActiveDefaultNetwork = 9
01-02 08:00:09.945  1904  2312 I NtpTrustedTime: refreshtime() from 131.107.1.10
01-02 08:00:09.945  2150  2231 D NativeOptionInfo: OptionInfoAndroidImpl::getLauncherVersion on cpp! ret : 1506567672
01-02 08:00:09.946  1402  1402 V MediaPlayerService: prepare
01-02 08:00:09.947  2150  2231 D NativeOptionInfo: OptionInfoAndroidImpl::getLauncherVersionName on cpp! ret : 2.2.65
01-02 08:00:09.948  2150  2231 D NativeOptionInfo: OptionInfoAndroidImpl::getHardwareVersion on cpp! ret : TP.HV320.PB818
01-02 08:00:09.949  2150  2231 D NativeOptionInfo: OptionInfoAndroidImpl::getSoftwareVersion on cpp! ret :20171030_094412
01-02 08:00:09.949  2150  2231 D cocos2d-x debug info: device info : hv: TP.HV320.PB818, sv: 20171030_094412
01-02 08:00:09.950  1904  2149 D ConnectivityService: mActiveDefaultNetwork = 9
01-02 08:00:09.951  1402  1402 E cutils-trace: Error opening trace file: No such file or directory (2)
01-02 08:00:09.952  1402  1402 V MediaPlayerService: wait for prepare
01-02 08:00:09.953  2150  2231 D NativeOptionInfo: OptionInfoAndroidImpl::isNetworkConnected on cpp! ret : 1
01-02 08:00:09.954  2150  2231 D NativeOptionInfo: InputSouceAndroidImpl::loadingFinish on cpp!
01-02 08:00:09.958  2077  2266 D tv-api  : [TVApiSystemInputSourceImpl.java:354]: eventSystemInputSourceGetInputSource
01-02 08:00:09.958  2077  2266 I tv-api  : [TvManagerHelper.java:372]: get Current Source count = 0
01-02 08:00:09.966  2150  2231 D NativeInputSource: InputSouceAndroidImpl::getCurrentInputSourceId on cpp! ret : 9
01-02 08:00:09.966  2238  2410 I iu.UploadsManager: num queued entries: 0
01-02 08:00:09.977  2150  2231 D NativeInputSource: InputSouceAndroidImpl::setScreenWindowMute on cpp!
01-02 08:00:09.977  2150  2231 D NativeOptionInfo: OptionInfoAndroidImpl::getDateFormat on cpp! ret : MM-dd-yyyy
01-02 08:00:09.979  2150  2231 D NativeOptionInfo: OptionInfoAndroidImpl::getLauncherConfig(hotelLockMode) on cpp!
01-02 08:00:09.979  2150  2231 D NativeOptionInfo: in java attribute = hotelLockMode
01-02 08:00:09.979  2150  2278 D NativeOptionInfo: in java attribute = noMuteInSetting
01-02 08:00:09.979  2150  2278 D NativeOptionInfo: in java null
01-02 08:00:09.980  2077  2095 I tv-api  : [TvManagerHelper.java:372]: get Current Source count = 0
01-02 08:00:09.981  1402  2435 V AudioCache: notify(0xb7491b18, 5, 0, 0)
01-02 08:00:09.981  1402  2435 V AudioCache: ignored
01-02 08:00:09.981  1402  2435 V AudioCache: notify(0xb7491b18, 1, 0, 0)
01-02 08:00:09.981  1402  2435 V AudioCache: prepared
01-02 08:00:09.981  1402  1402 V AudioCache: wait - success
01-02 08:00:09.981  1402  1402 V MediaPlayerService: start
01-02 08:00:09.981  2077  2095 D tv-api  : [TVApiScreenDisplayImpl.java:76]: ==>>> call eventScreenWindowMute, flag = false; preSource = 9;curSource = 13
01-02 08:00:09.982  2077  2095 E tv-api  : [TVApiScreenDisplayImpl.java:93]: =>>>> Current source is Meida need to change to previous Tv Source = 9
01-02 08:00:09.982  2077  2095 I tv-api  : [TvManagerHelper.java:372]: get Current Source count = 0
01-02 08:00:09.984  2077  2095 I tv-api  : [TVApiSystemInputSourceImpl.java:375]: eventSystemInputSourceSetInputSource cursource = 13    tagsource = 9
01-02 08:00:09.985  2077  2095 E tv-api  : [TVApiSystemInputSourceImpl.java:386]: ==>> Now update the currentSrc ==>> 9
01-02 08:00:09.985  2150  2231 D NativeOptionInfo: in java null
01-02 08:00:09.986  2077  2095 I tv-api  : [TvManagerHelper.java:430]: ===>>>set source begin current source  = 13
01-02 08:00:09.986  1412  1441 I HiMW_ply_sourcemanager: deselect source from 13 begin..
01-02 08:00:09.986  1412  1441 D HiMW_ply_media: HiMediaPlayer is stop!!!!
01-02 08:00:09.987  2150  2231 D NativeOptionInfo: OptionInfoAndroidImpl::getLauncherConfig(hotelLockMode) on cpp! ret : 
01-02 08:00:09.989  1412  1441 I HiMW_drv_audiomanage: Mute:port(80),type(0:0)
01-02 08:00:09.989  1412  1441 I HiMW_drv_audiomanage: Mute:port(80),type(1:0)
01-02 08:00:09.989  1412  1441 I HiMW_drv_audiomanage: Mute:port(80),type(2:0)
01-02 08:00:09.989  1412  1441 I HiMW_drv_audiomanage: Mute:port(80),type(3:1)
01-02 08:00:09.989  1412  1441 I HiMW_drv_audiomanage: Mute:port(80),type(4:0)
01-02 08:00:09.989  1412  1441 I HiMW_drv_audiomanage: Mute:port(80),type(5:0)
01-02 08:00:09.989  1412  1441 I HiMW_drv_audiomanage: Mute:port(80),type(6:0)
01-02 08:00:09.989  1412  1441 I HiMW_drv_audiomanage: Mute:port(80),type(7:0)
01-02 08:00:09.989  1412  1441 I HiMW_drv_audiomanage: Mute:port(80),type(8:0)
01-02 08:00:09.989  1412  1441 I HiMW_drv_audiomanage: Mute:port(80),type(9:0)
01-02 08:00:09.989  1412  1441 I HiMW_drv_audiomanage: Mute:port(80),type(10:0)
01-02 08:00:09.989  1412  1441 I HiMW_drv_audiomanage: Mute:port(80),type(11:0)
01-02 08:00:09.989  1412  1441 I HiMW_drv_audiomanage: Mute:port(80),type(12:0)
01-02 08:00:09.989  1412  1441 I HiMW_drv_audiomanage: Mute:port(80),type(13:0)
01-02 08:00:09.989  1402  1402 V AudioCache: open(48000, 2, 0x0, 1, 4)
01-02 08:00:09.990  1402  1402 V AudioCache: notify(0xb7491b18, 6, 0, 0)
01-02 08:00:09.990  1402  1402 V AudioCache: ignored
01-02 08:00:09.990  1402  1402 V MediaPlayerService: wait for playback complete
01-02 08:00:09.993  1412  1441 I HiMW_drv_avplayextend: hiavplay destructed!
01-02 08:00:09.993  1412  1441 E HiMW_ply_tv: [destroy][243]: no audio resource!
01-02 08:00:09.993  1412  1441 I HiMW_ply_sourcemanager: deselect source from 13 finish!
01-02 08:00:10.001  1402  2438 V AudioCache: write(0xb749ce10, 4096)
01-02 08:00:10.001  1402  2438 V AudioCache: memcpy(0xb4926000, 0xb749ce10, 4096)
01-02 08:00:10.003  1402  2438 V AudioCache: write(0xb749ce10, 4096)
01-02 08:00:10.004  1402  2438 V AudioCache: memcpy(0xb4927000, 0xb749ce10, 4096)
01-02 08:00:10.004  1402  2438 V AudioCache: write(0xb749ce10, 4096)
01-02 08:00:10.004  1402  2438 V AudioCache: memcpy(0xb4928000, 0xb749ce10, 4096)
01-02 08:00:10.004  1402  2438 V AudioCache: write(0xb749ce10, 4096)
01-02 08:00:10.004  1402  2438 V AudioCache: memcpy(0xb4929000, 0xb749ce10, 4096)
01-02 08:00:10.004  1402  2438 V AudioCache: write(0xb749ce10, 1664)
01-02 08:00:10.004  1402  2438 V AudioCache: memcpy(0xb492a000, 0xb749ce10, 1664)
01-02 08:00:10.013  1402  2435 V AudioCache: notify(0xb7491b18, 2, 0, 0)
01-02 08:00:10.013  1402  2435 V AudioCache: playback complete
01-02 08:00:10.013  1402  2435 V AudioCache: notify(0xb7491b18, 7, 0, 0)
01-02 08:00:10.013  1402  2435 V AudioCache: ignored
01-02 08:00:10.013  1402  1402 V AudioCache: wait - success
01-02 08:00:10.013  1402  1402 V MediaPlayerService: return size 18048, sampleRate=48000, channelCount = 2, format = 1
01-02 08:00:10.014  1412  1994 I HiMW_ply_sourcemanager: [selectSource][134]: start source 9
01-02 08:00:10.014  1412  1699 I HiMW_ply_sourcemanager: select source to 9 begin..
01-02 08:00:10.014  1412  1699 I HiMW_drv_videoplay: video play constructed!
01-02 08:00:10.014  1412  1699 I HiMW_drv_device: New abstract dev constructed:Hdmi
01-02 08:00:10.017  2077  2095 E tv-api  : [TvManagerHelper.java:398]: ===>>>waitValideSource begin
01-02 08:00:10.018  2077  2095 I tv-api  : [TvManagerHelper.java:440]: ===>>>set source check current source  = 9 ret = 0 boot = 9 lasttime = 86404575
01-02 08:00:10.027  1402  1402 V AudioCache: notify(0xb7491b18, 8, 0, 0)
01-02 08:00:10.027  1402  1402 V AudioCache: ignored
01-02 08:00:10.030  1402  1402 V OMXNodeInstance: calling destroyComponentInstance
01-02 08:00:10.031  1402  1402 V OMXNodeInstance: destroyComponentInstance returned err 0
01-02 08:00:10.031  1402  1402 V OMXNodeInstance: OMXNodeInstance going away.
01-02 08:00:10.034  1904  2414 V MediaPlayer: decode(188, 0, 5837)
01-02 08:00:10.034  1402  1629 V MediaPlayerService: decode(17, 0, 5837)
01-02 08:00:10.035  1402  1629 V MediaPlayerService: MediaPlayerService::decode(fd)  player type from HIMEDIA_PLAYER(6) --> STAGEFRIGHT_PLAYER(3)
01-02 08:00:10.035  1402  1629 V MediaPlayerService: player type = 3
01-02 08:00:10.035  1402  1629 V MediaPlayerFactory:  create StagefrightPlayer
01-02 08:00:10.036  1402  1629 V AudioCache: notify(0xb749ada0, 8, 0, 0)
01-02 08:00:10.036  1402  1629 V AudioCache: ignored
01-02 08:00:10.039  1412  1699 I HiMW_drv_videodevice: hdmi device constructed!
01-02 08:00:10.039  1412  1699 I HiMW_drv_device: New abstract dev constructed:window
01-02 08:00:10.040  1412  1699 I HiMW_drv_videodevice: vo device constructed!
01-02 08:00:10.040  1412  1699 I HiMW_drv_audioplay: audio play constructed!
01-02 08:00:10.040  1412  1699 I HiMW_drv_device: New abstract dev constructed:track
01-02 08:00:10.041  2208  2208 I GCoreUlr: DispatchingService.onDestroy()
01-02 08:00:10.043  1412  1699 E HiMW_drv_audiodevice: track device constructed!
01-02 08:00:10.043  1412  1699 I HiMW_ply_tv: [start][317]: ummute!!
01-02 08:00:10.043  1412  1699 I HiMW_drv_audiomanage: Mute:port(80),type(0:0)
01-02 08:00:10.043  1412  1699 I HiMW_drv_audiomanage: Mute:port(80),type(1:0)
01-02 08:00:10.043  1412  1699 I HiMW_drv_audiomanage: Mute:port(80),type(2:0)
01-02 08:00:10.043  1412  1699 I HiMW_drv_audiomanage: Mute:port(80),type(3:0)
01-02 08:00:10.043  1412  1699 I HiMW_drv_audiomanage: Mute:port(80),type(4:0)
01-02 08:00:10.043  1412  1699 I HiMW_drv_audiomanage: Mute:port(80),type(5:0)
01-02 08:00:10.043  1412  1699 I HiMW_drv_audiomanage: Mute:port(80),type(6:0)
01-02 08:00:10.043  2077  2095 W System.err: android.os.DeadObjectException
01-02 08:00:10.043  1412  1699 I HiMW_drv_audiomanage: Mute:port(80),type(7:0)
01-02 08:00:10.043  1412  1699 I HiMW_drv_audiomanage: Mute:port(80),type(8:0)
01-02 08:00:10.043  1412  1699 I HiMW_drv_audiomanage: Mute:port(80),type(9:0)
01-02 08:00:10.043  1412  1699 I HiMW_drv_audiomanage: Mute:port(80),type(10:0)
01-02 08:00:10.043  1412  1699 I HiMW_drv_audiomanage: Mute:port(80),type(11:0)
01-02 08:00:10.043  1412  1699 I HiMW_drv_audiomanage: Mute:port(80),type(12:0)
01-02 08:00:10.043  1412  1699 I HiMW_drv_audiomanage: Mute:port(80),type(13:0)
01-02 08:00:10.043  1412  1699 I HiMW_ply_sourcemanager: select source to 9 finish!
01-02 08:00:10.043  1412  2439 E HiMW_drv_videoplay: video inout is idle!
01-02 08:00:10.043  1412  2439 E HiMW_drv_videodevice: previous device not connect.
01-02 08:00:10.043  1412  2439 E HiMW_drv_videoplay: [stop][715]: window disconnect video input fail!
01-02 08:00:10.044  2208  2208 I GCoreUlr: Stopping handler for UlrDispSvcFast
01-02 08:00:10.048  1412  1657 I HiMW_adp_notify: ### received notify msg: 65543 ###
01-02 08:00:10.048  1412  1657 D HiMW_lts_tvservice: Notify<Client:0xb89ebe80 Type:65543>
01-02 08:00:10.048  1412  1657 D HiMW_lts_tvservice: Notify<Client:0xb89ec0e0 Type:65543>
01-02 08:00:10.048  1412  1657 I HiMW_adp_notify: ### received notify msg: 65538 ###
01-02 08:00:10.048  1412  1657 D HiMW_lts_tvservice: Notify<Client:0xb89ebe80 Type:65538>
01-02 08:00:10.048  1402  1991 D HiMW_lts_tvclient: callback application type=65543
01-02 08:00:10.048  1402  1991 D HiMW_lts_tvmanager: enter notifyReceived type=65543
01-02 08:00:10.048  1402  1991 D HiMW_lts_tvclient: back from callback
01-02 08:00:10.048  1412  1657 D HiMW_lts_tvservice: Notify<Client:0xb89ec0e0 Type:65538>
01-02 08:00:10.048  1402  1991 D HiMW_lts_tvclient: callback application type=65538
01-02 08:00:10.048  1402  1991 D HiMW_lts_tvmanager: enter notifyReceived type=65538
01-02 08:00:10.048  1402  1991 D HiMW_lts_tvclient: back from callback
01-02 08:00:10.048  2077  2092 D HiMW_lts_tvclient: callback application type=65543
01-02 08:00:10.048  2077  2092 D HiMW_lts_tvmanager: enter notifyReceived type=65543
01-02 08:00:10.048  2077  2092 D HiMW_lts_tvmanager: notifyReceived
01-02 08:00:10.048  2077  2092 D HiMW_jni_manager: INFO: notify enter type=65543
01-02 08:00:10.048  2077  2092 E HitvManager: postEventFromNative enter!
01-02 08:00:10.048  2077  2092 E HitvManager: postEvent what=65543
01-02 08:00:10.048  2077  2092 E HitvManager: postEvent obtanMessage what=65543
01-02 08:00:10.048  2077  2092 E HitvManager: postEvent sendMessage what=65543
01-02 08:00:10.048  2077  2092 D HiMW_lts_tvclient: back from callback
01-02 08:00:10.048  2077  2092 D HiMW_lts_tvclient: callback application type=65538
01-02 08:00:10.048  2077  2092 D HiMW_lts_tvmanager: enter notifyReceived type=65538
01-02 08:00:10.048  2077  2092 D HiMW_lts_tvmanager: notifyReceived
01-02 08:00:10.048  2077  2092 D HiMW_jni_manager: INFO: notify enter type=65538
01-02 08:00:10.048  2077  2092 E HitvManager: postEventFromNative enter!
01-02 08:00:10.048  2077  2092 E HitvManager: postEvent what=65538
01-02 08:00:10.048  2077  2092 E HitvManager: postEvent obtanMessage what=65538
01-02 08:00:10.048  2077  2092 E HitvManager: postEvent sendMessage what=65538
01-02 08:00:10.048  2077  2092 D HiMW_lts_tvclient: back from callback
01-02 08:00:10.048  2077  2077 E HitvManager: msg --- what :65543
01-02 08:00:10.049  2077  2077 E HitvManager: msg --- what :65538
01-02 08:00:10.049  2077  2077 I tv-api  : [TVApiSystemInputSourceImpl.java:483]: ==>>>onPlayerListener i = 1
01-02 08:00:10.053  2208  2208 I GCoreUlr: Unbound from all location providers
01-02 08:00:10.053  2208  2208 I GCoreUlr: Place inference reporting - stop
01-02 08:00:10.056  2208  2411 W GCoreFlp: No location to return for getLastLocation()
01-02 08:00:10.057  2077  2095 W System.err: 	at android.os.BinderProxy.transact(Native Method)
01-02 08:00:10.065  2077  2095 W System.err: 	at com.cvte.tv.api.aidl.INotifyListener$Stub$Proxy.onNotify(INotifyListener.java:93)
01-02 08:00:10.066  2077  2095 W System.err: 	at com.cvte.tv.api.MiddleWareApi.invokeListener(MiddleWareApi.java:253)
01-02 08:00:10.066  2077  2095 W System.err: 	at com.cvte.tv.api.MiddleWareApi.invokeNotify(MiddleWareApi.java:367)
01-02 08:00:10.066  2077  2095 W System.err: 	at com.cvte.tv.api.MiddleWareApi.access$100(MiddleWareApi.java:30)
01-02 08:00:10.066  2077  2095 W System.err: 	at com.cvte.tv.api.MiddleWareApi$FunctionHandler.invoke(MiddleWareApi.java:350)
01-02 08:00:10.066  2077  2095 W System.err: 	at $Proxy5.notifySystemInputSourceChange(Native Method)
01-02 08:00:10.066  2077  2095 W System.err: 	at com.cvte.tv.api.impl.TVApiSystemInputSourceImpl.eventSystemInputSourceSetInputSource(TVApiSystemInputSourceImpl.java:403)
01-02 08:00:10.067  2077  2095 W System.err: 	at java.lang.reflect.Method.invokeNative(Native Method)
01-02 08:00:10.067  2077  2095 W System.err: 	at java.lang.reflect.Method.invoke(Method.java:515)
01-02 08:00:10.067  2077  2095 W System.err: 	at com.cvte.tv.api.MiddleWareApi$FunctionHandler.invoke(MiddleWareApi.java:353)
01-02 08:00:10.067  2077  2095 W System.err: 	at $Proxy5.eventSystemInputSourceSetInputSource(Native Method)
01-02 08:00:10.068  2077  2095 W System.err: 	at com.cvte.tv.api.impl.TVApiScreenDisplayImpl.localeventScreenWindowMute(TVApiScreenDisplayImpl.java:94)
01-02 08:00:10.068  2077  2095 W System.err: 	at com.cvte.tv.api.impl.TVApiScreenDisplayImpl.eventScreenWindowMute(TVApiScreenDisplayImpl.java:115)
01-02 08:00:10.068  2077  2095 W System.err: 	at java.lang.reflect.Method.invokeNative(Native Method)
01-02 08:00:10.068  2077  2095 W System.err: 	at java.lang.reflect.Method.invoke(Method.java:515)
01-02 08:00:10.068  2077  2095 W System.err: 	at com.cvte.tv.api.MiddleWareApi$FunctionHandler.invoke(MiddleWareApi.java:353)
01-02 08:00:10.068  2077  2095 W System.err: 	at $Proxy14.eventScreenWindowMute(Native Method)
01-02 08:00:10.069  2077  2095 W System.err: 	at com.cvte.tv.api.TVApiScreenWindowService.eventScreenWindowMute(TVApiScreenWindowService.java:32)
01-02 08:00:10.069  2077  2095 W System.err: 	at com.cvte.tv.api.aidl.ITVApiScreenWindowAidl$Stub.onTransact(ITVApiScreenWindowAidl.java:74)
01-02 08:00:10.077  2238  2410 I iu.UploadsManager: num updated entries: 0
01-02 08:00:10.085  2077  2095 W System.err: 	at android.os.Binder.execTransact(Binder.java:404)
01-02 08:00:10.086  2077  2095 W System.err: 	at dalvik.system.NativeStart.run(Native Method)
01-02 08:00:10.091  2077  2095 I tv-api  : [TvManagerHelper.java:372]: get Current Source count = 0
01-02 08:00:10.094  2077  2095 D tv-api  : [TVApiSystemInputSourceImpl.java:448]: ==>>> start to notifySystemInputSourceChange getCurrentSource = 9
01-02 08:00:10.094  2077  2095 D HiDtvMediaPlayer: UnSubscribeEvent(11796488)
01-02 08:00:10.096  1402  1629 V MediaPlayerService: prepare
01-02 08:00:10.099  1402  1629 V MediaPlayerService: wait for prepare
01-02 08:00:10.105  2077  2095 D HiDtvMediaPlayer: UnSubscribeEvent(11796483)
01-02 08:00:10.105  2077  2095 D HiDtvMediaPlayer: UnSubscribeEvent(11796485)
01-02 08:00:10.111  1411  1666 E dtv_adp_dtvMan_1411: [86410111 ERROR-dtv_adp_dtvMan_1411]:getCurrentNetworkType[2002]:getCurrentNetworkType: s32RfTunerStatus= 0
01-02 08:00:10.111  1411  1666 E dtv_adp_dtvMan_1411: [86410111 ERROR-dtv_adp_dtvMan_1411]:getCurrentNetworkType[2012]:getCurrentNetworkType: u32TunerInfoID 0  enSignalType = 64
01-02 08:00:10.112  2077  2095 D HiDtvMediaPlayer: CMD_PM_GetCurrentNetworkType = 64
01-02 08:00:10.112  2077  2095 D HiDtvMediaPlayer: releasePlayResource(0),type(0)
01-02 08:00:10.113  2077  2095 D tv-api  : [TVApiSystemSignalImpl.java:90]: ResetTimer source = 9 ======= mNoSignalTime = 900
01-02 08:00:10.123  1402  2440 V AudioCache: notify(0xb749ada0, 5, 0, 0)
01-02 08:00:10.123  1402  2440 V AudioCache: ignored
01-02 08:00:10.123  1402  2440 V AudioCache: notify(0xb749ada0, 1, 0, 0)
01-02 08:00:10.123  1402  2440 V AudioCache: prepared
01-02 08:00:10.123  1402  1629 V AudioCache: wait - success
01-02 08:00:10.123  1402  1629 V MediaPlayerService: start
01-02 08:00:10.132  1402  1629 V AudioCache: open(48000, 1, 0x0, 1, 4)
01-02 08:00:10.132  2208  2209 D dalvikvm: GC_CONCURRENT freed 276K, 12% free 4288K/4848K, paused 6ms+4ms, total 67ms
01-02 08:00:10.133  1402  1629 V AudioCache: notify(0xb749ada0, 6, 0, 0)
01-02 08:00:10.133  1402  1629 V AudioCache: ignored
01-02 08:00:10.133  1402  1629 V MediaPlayerService: wait for playback complete
01-02 08:00:10.135  2238  2410 I iu.SyncManager: NEXT; no task
01-02 08:00:10.137  1402  2443 V AudioCache: write(0xb749e8c8, 2048)
01-02 08:00:10.137  1402  2443 V AudioCache: memcpy(0xb4926000, 0xb749e8c8, 2048)
01-02 08:00:10.137  1402  2443 V AudioCache: write(0xb749e8c8, 2048)
01-02 08:00:10.137  1402  2443 V AudioCache: memcpy(0xb4926800, 0xb749e8c8, 2048)
01-02 08:00:10.137  1402  2443 V AudioCache: write(0xb749e8c8, 2048)
01-02 08:00:10.137  1402  2443 V AudioCache: memcpy(0xb4927000, 0xb749e8c8, 2048)
01-02 08:00:10.137  1402  2443 V AudioCache: write(0xb749e8c8, 2048)
01-02 08:00:10.137  1402  2443 V AudioCache: memcpy(0xb4927800, 0xb749e8c8, 2048)
01-02 08:00:10.138  1402  2443 V AudioCache: write(0xb749e8c8, 2048)
01-02 08:00:10.138  1402  2443 V AudioCache: memcpy(0xb4928000, 0xb749e8c8, 2048)
01-02 08:00:10.138  1402  2443 V AudioCache: write(0xb749e8c8, 142)
01-02 08:00:10.138  1402  2443 V AudioCache: memcpy(0xb4928800, 0xb749e8c8, 142)
01-02 08:00:10.139  1402  2440 V AudioCache: notify(0xb749ada0, 2, 0, 0)
01-02 08:00:10.139  1402  2440 V AudioCache: playback complete
01-02 08:00:10.139  1402  2440 V AudioCache: notify(0xb749ada0, 7, 0, 0)
01-02 08:00:10.139  1402  2440 V AudioCache: ignored
01-02 08:00:10.139  1402  1629 V AudioCache: wait - success
01-02 08:00:10.139  1402  1629 V MediaPlayerService: return size 10382, sampleRate=48000, channelCount = 1, format = 1
01-02 08:00:10.140  1402  1629 V AudioCache: notify(0xb749ada0, 8, 0, 0)
01-02 08:00:10.140  1402  1629 V AudioCache: ignored
01-02 08:00:10.140  1402  1629 V OMXNodeInstance: calling destroyComponentInstance
01-02 08:00:10.141  1402  1629 V OMXNodeInstance: destroyComponentInstance returned err 0
01-02 08:00:10.141  1402  1629 V OMXNodeInstance: OMXNodeInstance going away.
01-02 08:00:10.143  1904  2414 V MediaPlayer: decode(189, 0, 5952)
01-02 08:00:10.143  1402  1402 V MediaPlayerService: decode(17, 0, 5952)
01-02 08:00:10.155  1904  1914 D ConnectivityService: mActiveDefaultNetwork = 9
01-02 08:00:10.173  2238  2430 I dalvikvm: Could not find method android.os.PowerManager.isInteractive, referenced from method jch.a
01-02 08:00:10.173  2238  2430 W dalvikvm: VFY: unable to resolve virtual method 2882: Landroid/os/PowerManager;.isInteractive ()Z
01-02 08:00:10.173  2238  2430 D dalvikvm: VFY: replacing opcode 0x6e at 0x0006
01-02 08:00:10.175  2238  2430 W MdnsClient_Cast: #acquireLock. Multicast lock not held. Acquiring. Subtypes:"674A0243,8E6C866D"
01-02 08:00:10.176  1904  1982 E WifiStateMachine: Error! unhandled message{ when=0 what=131157 target=com.android.internal.util.StateMachine$SmHandler }
01-02 08:00:10.222  1402  1402 V MediaPlayerService: MediaPlayerService::decode(fd)  player type from HIMEDIA_PLAYER(6) --> STAGEFRIGHT_PLAYER(3)
01-02 08:00:10.222  1402  1402 V MediaPlayerService: player type = 3
01-02 08:00:10.222  1402  1402 V MediaPlayerFactory:  create StagefrightPlayer
01-02 08:00:10.222  1402  1402 V AudioCache: notify(0xb749ce88, 8, 0, 0)
01-02 08:00:10.222  1402  1402 V AudioCache: ignored
01-02 08:00:10.222  2208  2406 I GeofencerStateMachine: Network location disabled.
01-02 08:00:10.234  1904  1914 D ConnectivityService: mActiveDefaultNetwork = 9
01-02 08:00:10.257  1402  1402 V MediaPlayerService: prepare
01-02 08:00:10.257  1402  1402 V MediaPlayerService: wait for prepare
01-02 08:00:10.261  1402  2454 V AudioCache: notify(0xb749ce88, 5, 0, 0)
01-02 08:00:10.261  1402  2454 V AudioCache: ignored
01-02 08:00:10.261  1402  2454 V AudioCache: notify(0xb749ce88, 1, 0, 0)
01-02 08:00:10.261  1402  2454 V AudioCache: prepared
01-02 08:00:10.261  1402  1402 V AudioCache: wait - success
01-02 08:00:10.261  1402  1402 V MediaPlayerService: start
01-02 08:00:10.270  1402  1402 V AudioCache: open(48000, 1, 0x0, 1, 4)
01-02 08:00:10.270  1402  1402 V AudioCache: notify(0xb749ce88, 6, 0, 0)
01-02 08:00:10.270  1402  1402 V AudioCache: ignored
01-02 08:00:10.270  1402  1402 V MediaPlayerService: wait for playback complete
01-02 08:00:10.273  1402  2457 V AudioCache: write(0xb749f120, 2048)
01-02 08:00:10.273  1402  2457 V AudioCache: memcpy(0xb4926000, 0xb749f120, 2048)
01-02 08:00:10.273  1402  2457 V AudioCache: write(0xb749f120, 2048)
01-02 08:00:10.273  1402  2457 V AudioCache: memcpy(0xb4926800, 0xb749f120, 2048)
01-02 08:00:10.273  1402  2457 V AudioCache: write(0xb749f120, 2048)
01-02 08:00:10.273  1402  2457 V AudioCache: memcpy(0xb4927000, 0xb749f120, 2048)
01-02 08:00:10.273  1402  2457 V AudioCache: write(0xb749f120, 2048)
01-02 08:00:10.273  1402  2457 V AudioCache: memcpy(0xb4927800, 0xb749f120, 2048)
01-02 08:00:10.273  1402  2457 V AudioCache: write(0xb749f120, 2048)
01-02 08:00:10.273  1402  2457 V AudioCache: memcpy(0xb4928000, 0xb749f120, 2048)
01-02 08:00:10.273  1402  2457 V AudioCache: write(0xb749f120, 142)
01-02 08:00:10.273  1402  2457 V AudioCache: memcpy(0xb4928800, 0xb749f120, 142)
01-02 08:00:10.275  1402  2454 V AudioCache: notify(0xb749ce88, 2, 0, 0)
01-02 08:00:10.275  1402  2454 V AudioCache: playback complete
01-02 08:00:10.275  1402  2454 V AudioCache: notify(0xb749ce88, 7, 0, 0)
01-02 08:00:10.275  1402  2454 V AudioCache: ignored
01-02 08:00:10.275  1402  1402 V AudioCache: wait - success
01-02 08:00:10.275  1402  1402 V MediaPlayerService: return size 10382, sampleRate=48000, channelCount = 1, format = 1
01-02 08:00:10.275  1402  1402 V AudioCache: notify(0xb749ce88, 8, 0, 0)
01-02 08:00:10.275  1402  1402 V AudioCache: ignored
01-02 08:00:10.276  1402  1402 V OMXNodeInstance: calling destroyComponentInstance
