01-02 08:00:05.817  2150  2150 W LauncherConfigManger: config path:/system/menu_config_xml
01-02 08:00:05.817  2150  2150 W LauncherConfigManger: load config path 0
01-02 08:00:05.832  2150  2150 W Nebula  : #################### Version:2.2.65#############################
01-02 08:00:05.833  2150  2150 W Nebula  : config json:{"debug":"false","skin":"starkSkin.StarkSkin/starkSkin.json","loadDefaultLruCacheDesc":"/system/etc/default_skin/offlinecache/cache.description","loadDefaultLruCacheDir":"/system/etc/default_skin/offlinecache","providers":{"provider":{"name":"ZeasnDataProvider","app_query_url":"http://ckapi.app-vtion.com/ckapi/api/vopen/searchLauncherApps?model=Yunhe-BT-4001&store=cn.zeasn.cvte.tv.vstoresubclient&lang=en&snum=9bd25461-fc5d-465b-afb0-7992c441ead6&askind=2","package":"cn.zeasn.cvte.tv.vstoresubclient"}}}
01-02 08:00:05.833  2077  2266 D Evan    : TVAPI Get Config Path=/system/menu_config_xml
01-02 08:00:05.834  2150  2150 W LauncherConfigManger: ################# path:/system/menu_config_xml
01-02 08:00:05.838  2150  2150 D TvApiApplication: Invoke listener
01-02 08:00:05.844  2150  2150 D TvApiApplication: Invoke listener
01-02 08:00:05.851  2150  2150 D main    : Java_com_cvte_tv_launcher_modules_AnnounceJNI_notifyEmptyMsg begin!
01-02 08:00:05.851  2150  2150 D main    : Java_com_cvte_tv_launcher_modules_AnnounceJNI_notifyEmptyMsg end!
01-02 08:00:05.855  1904  2233 W System.err: Proxy Parse Error!
01-02 08:00:05.855  1904  2233 D EthernetDataTracker: Latest proxy_host -- host:null; port:0; exclude_list:null
01-02 08:00:05.860  1904  2233 W ContextImpl: Calling a method in the system process without a qualified user: android.app.ContextImpl.sendStickyBroadcast:1328 android.net.EthernetDataTracker.postNotification:423 android.net.EthernetDataTracker.access$400:53 android.net.EthernetDataTracker$1.run:240 java.lang.Thread.run:841 
01-02 08:00:05.861  1904  1984 D ConnectivityService: ConnectivityChange for ETHERNET: CONNECTED/CONNECTED
01-02 08:00:05.862  2077  2266 D tv-api  : [TVApiSystemInputSourceImpl.java:354]: eventSystemInputSourceGetInputSource
01-02 08:00:05.866  2077  2266 I tv-api  : [TvManagerHelper.java:372]: get Current Source count = 0
01-02 08:00:05.871  2166  2166 D TvApiApplication: getTvApi OnConnected 2
01-02 08:00:05.881  1904  1984 E ConnectivityService: Unexpected mtu value: android.net.EthernetDataTracker@41c9eae8
01-02 08:00:05.886  2150  2150 D TvApiApplication: serviceConnected = 1
01-02 08:00:05.892  1904  2149 D ConnectivityService: mActiveDefaultNetwork = 9
01-02 08:00:05.904  2150  2150 D main    : Java_org_cocos2dx_lua_NotifyAnnounceJNI_notifyNetworkStatus begin!
01-02 08:00:05.913  1904  1984 D Nat464Xlat: requiresClat: netType=9, hasIPv4Address=true
01-02 08:00:05.930  1904  2312 I NtpTrustedTime: refreshtime() from 2.android.pool.ntp.org
01-02 08:00:05.936  2077  2095 E JavaBinder: *** Uncaught remote exception!  (Exceptions are not yet supported across processes.)
01-02 08:00:05.936  2077  2095 E JavaBinder: java.lang.RuntimeException: android.os.RemoteException: 500
01-02 08:00:05.936  2077  2095 E JavaBinder: 	at android.os.Parcel.writeException(Parcel.java:1373)
01-02 08:00:05.936  2077  2095 E JavaBinder: 	at android.os.Binder.execTransact(Binder.java:410)
01-02 08:00:05.936  2077  2095 E JavaBinder: 	at dalvik.system.NativeStart.run(Native Method)
01-02 08:00:05.936  2077  2095 E JavaBinder: Caused by: android.os.RemoteException: 500
01-02 08:00:05.936  2077  2095 E JavaBinder: 	at com.cvte.tv.api.TvApiManagerService$1.getTVApiTvTeletext(TvApiManagerService.java:1227)
01-02 08:00:05.936  2077  2095 E JavaBinder: 	at com.cvte.tv.api.aidl.ITvApiManager$Stub.onTransact(ITvApiManager.java:911)
01-02 08:00:05.936  2077  2095 E JavaBinder: 	at android.os.Binder.execTransact(Binder.java:404)
01-02 08:00:05.936  2077  2095 E JavaBinder: 	... 1 more
01-02 08:00:05.937  2077  2092 D Evan    : TVAPI Get Config Path=/system/menu_config_xml
01-02 08:00:05.938  2150  2150 D main    : Java_org_cocos2dx_lua_NotifyAnnounceJNI_notifyNetworkStatus end!
01-02 08:00:06.002  2077  2266 D TVApiSoundSpeakerOutImpl: eventSoundSpeakerOutGetVolume
01-02 08:00:06.020  2166  2166 D TvApiApplication: serviceConnected = 1
01-02 08:00:06.049  1904  2160 W PackageManager: DelayScanDataApp
01-02 08:00:06.093  1904  2160 W PackageManager: Application package com.bn.Sample16_5 already installed.  Skipping duplicate.
01-02 08:00:06.104  1904  2160 W PackageManager: Application package com.bn.Sample16_4 already installed.  Skipping duplicate.
01-02 08:00:06.136  1904  2160 W PackageParser: Unknown element under <manifest>: meta-data at /data/app/com.example.cvte.helloworld-1.apk Binary XML file line #14
01-02 08:00:06.136  1904  2160 W PackageManager: Application package com.example.cvte.helloworld already installed.  Skipping duplicate.
01-02 08:00:06.139  1904  2160 W PackageManager: Package com.google.android.gms desires unavailable shared library com.google.android.ble; ignoring!
01-02 08:00:06.140  1904  2160 I PackageManager: Time to scan packages: 0.091 seconds
01-02 08:00:06.147  1904  2160 W PackageManager: Unknown permission android.permission.SYSTEM_OVERLAY_WINDOW in package com.ecloud.emedia
01-02 08:00:06.147  1904  2160 W PackageManager: Unknown permission com.android.launcher.permission.READ_SETTINGS in package com.google.android.onetimeinitializer
01-02 08:00:06.147  1904  2160 W PackageManager: Unknown permission com.android.launcher.permission.WRITE_SETTINGS in package com.google.android.onetimeinitializer
01-02 08:00:06.148  1904  2160 W PackageManager: Unknown permission com.android.launcher.permission.PRELOAD_WORKSPACE in package com.google.android.partnersetup
01-02 08:00:06.155  2150  2150 D OpenGLRenderer: Enabling debug mode 0
01-02 08:00:06.160  1904  2160 W PackageManager: Unknown permission com.android.vending.billing.IBillingAccountService.BIND2 in package com.google.android.gsf.login
01-02 08:00:06.160  1904  2160 W PackageManager: Unknown permission com.android.chrome.TOS_ACKED in package com.google.android.gsf.login
01-02 08:00:06.161  1904  2160 W PackageManager: Unknown permission com.google.android.gallery3d.permission.GALLERY_PROVIDER in package com.android.bluetooth
01-02 08:00:06.163  1904  2160 W PackageManager: Unknown permission com.android.gallery3d.permission.GALLERY_PROVIDER in package com.android.bluetooth
01-02 08:00:06.163  1904  2160 W PackageManager: Unknown permission android.permission.MMS_SEND_OUTBOX_MSG in package com.android.bluetooth
01-02 08:00:06.165  1904  2160 W PackageManager: Unknown permission android.permission.READ_SETTINGS in package com.golive.tc
01-02 08:00:06.165  1904  2160 W PackageManager: Not granting permission android.permission.MOUNT_UNMOUNT_FILESYSTEMS to package com.golive.tc (protectionLevel=18 flags=0x8be45)
01-02 08:00:06.173  1904  2160 W PackageManager: Not granting permission android.permission.MOUNT_UNMOUNT_FILESYSTEMS to package com.ecloud.eairplay (protectionLevel=18 flags=0x883e45)
01-02 08:00:06.174  1904  2160 W PackageManager: Not granting permission android.permission.MOUNT_UNMOUNT_FILESYSTEMS to package com.cvte.tv.appstore (protectionLevel=18 flags=0x88be45)
01-02 08:00:06.184  1904  2160 W PackageManager: Not granting permission android.permission.MOUNT_UNMOUNT_FILESYSTEMS to package com.example.cvte.helloworld (protectionLevel=18 flags=0xc8be46)
01-02 08:00:06.185  1904  2160 W PackageManager: Unknown permission com.android.launcher.permission.READ_SETTINGS in package com.cvte.tv.api.impl
01-02 08:00:06.185  1904  2160 W PackageManager: Unknown permission com.android.launcher.permission.WRITE_SETTINGS in package com.cvte.tv.api.impl
01-02 08:00:06.186  1904  2160 W PackageManager: Unknown permission com.mstar.android.permissionn.ACCESS_TV_DATA in package com.cvte.tv.api.impl
01-02 08:00:06.186  1904  2160 W PackageManager: Not granting permission android.permission.MOUNT_UNMOUNT_FILESYSTEMS to package com.cvte.tv.media (protectionLevel=18 flags=0x98be45)
01-02 08:00:06.188  1904  2160 W PackageManager: Unknown permission android.permission.OBSERVE_GRANT_REVOKE_PERMISSIONS in package com.google.android.gms
01-02 08:00:06.188  1904  2160 W PackageManager: Unknown permission android.permission.MANAGE_SOUND_TRIGGER in package com.google.android.gms
01-02 08:00:06.189  1904  2160 W PackageManager: Unknown permission android.permission.RECOVERY in package com.google.android.gms
01-02 08:00:06.190  1904  2160 W PackageManager: Not granting permission android.permission.READ_DREAM_STATE to package com.google.android.gms (protectionLevel=2 flags=0x40c83e45)
01-02 08:00:06.190  1904  2160 W PackageManager: Unknown permission android.permission.PROVIDE_TRUST_AGENT in package com.google.android.gms
01-02 08:00:06.194  1904  2160 W PackageManager: Unknown permission com.google.android.apps.enterprise.dmagent.permission.AutoSyncPermission in package com.google.android.gms
01-02 08:00:06.196  1904  2160 W PackageManager: Unknown permission android.permission.CONNECTIVITY_USE_RESTRICTED_NETWORKS in package com.google.android.gms
01-02 08:00:06.241  1904  2160 W PackageManager: Unknown permission android.permission.USE_FINGERPRINT in package com.google.android.gms
01-02 08:00:06.241  1904  2160 W PackageManager: Unknown permission android.permission.SEND_SMS_NO_CONFIRMATION in package com.google.android.gms
01-02 08:00:06.242  1904  2160 W PackageManager: Unknown permission com.google.android.googlequicksearchbox.permission.PAUSE_HOTWORD in package com.google.android.gms
01-02 08:00:06.242  1904  2160 W PackageManager: Unknown permission android.permission.MANAGE_VOICE_KEYPHRASES in package com.google.android.gms
01-02 08:00:06.242  1904  2160 W PackageManager: Unknown permission android.permission.TETHER_PRIVILEGED in package com.google.android.gms
01-02 08:00:06.242  1904  2160 W PackageManager: Unknown permission android.permission.REAL_GET_TASKS in package com.google.android.gms
01-02 08:00:06.242  1904  2160 W PackageManager: Unknown permission com.google.android.hangouts.START_HANGOUT in package com.google.android.gms
01-02 08:00:06.242  1904  2160 W PackageManager: Unknown permission android.permission.READ_OEM_UNLOCK_STATE in package com.google.android.gms
01-02 08:00:06.242  1904  2160 W PackageManager: Unknown permission android.permission.SCORE_NETWORKS in package com.google.android.gms
01-02 08:00:06.242  1904  2160 W PackageManager: Unknown permission android.permission.OVERRIDE_WIFI_CONFIG in package com.google.android.gms
01-02 08:00:06.243  1904  2160 W PackageManager: Unknown permission android.permission.CONTROL_INCALL_EXPERIENCE in package com.google.android.gms
01-02 08:00:06.243  1904  2160 W PackageManager: Unknown permission android.permission.USER_ACTIVITY in package com.google.android.gms
01-02 08:00:06.243  1904  2160 W PackageManager: Unknown permission android.permission.MODIFY_AUDIO_ROUTING in package com.google.android.gms
01-02 08:00:06.247  1904  2160 W PackageManager: Unknown permission com.google.android.wearable.READ_SETTINGS in package com.google.android.gms
01-02 08:00:06.247  1904  2160 W PackageManager: Unknown permission android.permission.INTENT_FILTER_VERIFICATION_AGENT in package com.google.android.gms
01-02 08:00:06.250  1904  2160 W PackageManager: Unknown permission android.permission.LOCAL_MAC_ADDRESS in package com.google.android.gms
01-02 08:00:06.250  1904  2160 W PackageManager: Unknown permission android.permission.CHANGE_DEVICE_IDLE_TEMP_WHITELIST in package com.google.android.gms
01-02 08:00:06.250  1904  2160 W PackageManager: Unknown permission android.permission.READ_WIFI_CREDENTIAL in package com.google.android.gms
01-02 08:00:06.250  1904  2160 W PackageManager: Unknown permission android.permission.SUBSTITUTE_NOTIFICATION_APP_NAME in package com.google.android.gms
01-02 08:00:06.253  1904  2160 W PackageManager: Unknown permission android.permission.BODY_SENSORS in package com.google.android.gms
01-02 08:00:06.253  1904  2160 W PackageManager: Unknown permission com.google.android.launcher.permission.RECEIVE_LAUNCH_BROADCASTS in package com.google.android.gms
01-02 08:00:06.253  1904  2160 W PackageManager: Unknown permission android.permission.NOTIFY_PENDING_SYSTEM_UPDATE in package com.google.android.gms
01-02 08:00:06.254  1904  2160 W PackageManager: Unknown permission com.google.android.vending.verifier.ACCESS_VERIFIER in package com.google.android.gms
01-02 08:00:06.255  1904  2160 W PackageManager: Unknown permission com.google.android.gm.permission.READ_GMAIL in package com.google.android.gms
01-02 08:00:06.255  1904  2160 W PackageManager: Unknown permission com.android.voicemail.permission.READ_VOICEMAIL in package com.google.android.gms
01-02 08:00:06.257  1904  2160 W PackageManager: Not granting permission android.permission.MOUNT_UNMOUNT_FILESYSTEMS to package com.cvte.tv.launcher (protectionLevel=18 flags=0x88be45)
01-02 08:00:06.257  1904  2160 W PackageManager: Unknown permission android.permission.SYSTEM_OVERLAY_WINDOW in package com.hungama.androidtv.zeasn
01-02 08:00:06.259  1904  2160 W PackageManager: Not granting permission android.permission.MOUNT_UNMOUNT_FILESYSTEMS to package com.hungama.androidtv.zeasn (protectionLevel=18 flags=0xd8be45)
01-02 08:00:06.272  1904  2160 W PackageManager: Unknown permission android.permission.ACCESS_COARSE_UPDATES in package com.hungama.androidtv.zeasn
01-02 08:00:06.272  1904  2160 W PackageManager: Not granting permission android.permission.CHANGE_CONFIGURATION to package com.hungama.androidtv.zeasn (protectionLevel=50 flags=0xd8be45)
01-02 08:00:06.272  1904  2160 W PackageManager: Unknown permission android.permission.ACCESS_CHECKIN_PROPERTTES in package cn.cvte.factory.wb
01-02 08:00:06.272  1904  2160 W PackageManager: Unknown permission android.permission.SYSTEM_OVERLAY_WINDOW in package cn.cvte.factory.wb
01-02 08:00:06.273  1904  2160 W PackageManager: Unknown permission android.permission.READ_SETTINGS in package cn.cvte.factory.wb
01-02 08:00:06.273  1904  2160 W PackageManager: Unknown permission android.permission.RAISED_THREAD_PRIORITY in package com.ecloud.eshare.server
01-02 08:00:06.273  1904  2160 W PackageManager: Unknown permission com.eshare.airplay in package com.ecloud.eshare.server
01-02 08:00:06.300  1904  2160 W PackageManager: Unknown permission android.permission.REAL_GET_TASKS in package com.android.vending
01-02 08:00:06.301  1904  2160 W PackageManager: Unknown permission android.permission.SEND_SMS_NO_CONFIRMATION in package com.android.vending
01-02 08:00:06.393  1904  1906 D dalvikvm: GC_CONCURRENT freed 705K, 14% free 6368K/7364K, paused 4ms+6ms, total 243ms
01-02 08:00:06.393  1904  2160 D dalvikvm: WAIT_FOR_CONCURRENT_GC blocked 89ms
01-02 08:00:06.394  1904  1990 D dalvikvm: WAIT_FOR_CONCURRENT_GC blocked 18ms
01-02 08:00:06.394  1904  2160 W PackageManager: Unknown permission android.permission.SYSTEM_OVERLAY_WINDOW in package com.cvte.tv.hotkey
01-02 08:00:06.394  1904  2160 W PackageManager: Unknown permission android.permission.SYSTEM_OVERLAY_WINDOW in package cn.zeasn.cvte.tv.vstoresubclient
01-02 08:00:06.394  1904  2160 W PackageManager: Not granting permission android.permission.INSTALL_PACKAGES to package cn.zeasn.cvte.tv.vstoresubclient (protectionLevel=18 flags=0xd8be45)
01-02 08:00:06.394  1904  2160 W PackageManager: Not granting permission android.permission.DELETE_PACKAGES to package cn.zeasn.cvte.tv.vstoresubclient (protectionLevel=18 flags=0xd8be45)
01-02 08:00:06.394  1904  2160 W PackageManager: Not granting permission android.permission.CLEAR_APP_USER_DATA to package cn.zeasn.cvte.tv.vstoresubclient (protectionLevel=2 flags=0xd8be45)
01-02 08:00:06.397  1904  2149 D dalvikvm: WAIT_FOR_CONCURRENT_GC blocked 76ms
01-02 08:00:06.397  1904  2160 W PackageManager: Not granting permission android.permission.MOUNT_UNMOUNT_FILESYSTEMS to package cn.zeasn.cvte.tv.vstoresubclient (protectionLevel=18 flags=0xd8be45)
01-02 08:00:06.397  1904  2160 W PackageManager: Unknown permission android.permission.ACCESS_COARSE_UPDATES in package cn.zeasn.cvte.tv.vstoresubclient
01-02 08:00:06.398  1904  2160 W PackageManager: Not granting permission android.permission.CHANGE_CONFIGURATION to package cn.zeasn.cvte.tv.vstoresubclient (protectionLevel=50 flags=0xd8be45)
01-02 08:00:06.399  1904  2149 I ActivityManager: Process android.process.media (pid 2012) has died.
01-02 08:00:06.399  1904  2160 W PackageManager: Not granting permission android.permission.READ_DREAM_STATE to package com.google.android.gsf (protectionLevel=2 flags=0x40883e45)
01-02 08:00:06.402  1999  1999 I Choreographer: Skipped 99 frames!  The application may be doing too much work on its main thread.
01-02 08:00:06.419  2150  2150 D Cocos2dxActivity: onWindowFocusChanged() hasFocus=true
01-02 08:00:06.428  2150  2150 D advert  : onWindowFocusChanged wait for advert begin
01-02 08:00:06.451  1904  2149 V ActivityManager: resumeTopActivityLocked mLowResumedActivityPkg :[com.cvte.tv.launcher] HomeActivity :[com.cvte.tv.launcher ]
01-02 08:00:06.481  1904  2149 V ActivityManager: resumeTopActivityLocked:  go home
01-02 08:00:06.521  1904  2162 I ActivityManager: Process com.cvte.fac.menu (pid 2191) has died.
01-02 08:00:06.522  1904  2162 V ActivityManager: resumeTopActivityLocked mLowResumedActivityPkg :[com.cvte.tv.launcher] HomeActivity :[com.cvte.tv.launcher ]
01-02 08:00:06.524  1904  2162 V ActivityManager: resumeTopActivityLocked:  go home
01-02 08:00:06.631  1904  1918 I ActivityManager: Displayed com.cvte.tv.launcher/.AppActivity: +2s524ms
01-02 08:00:06.765  2150  2231 D NativeOptionInfo: OptionInfoAndroidImpl::getLauncherConfig(downloadThreadCount) on cpp!
01-02 08:00:06.774  2150  2231 D NativeOptionInfo: in java attribute = downloadThreadCount
01-02 08:00:06.774  2150  2231 D NativeOptionInfo: in java null
01-02 08:00:06.774  2150  2231 D NativeOptionInfo: OptionInfoAndroidImpl::getLauncherConfig(downloadThreadCount) on cpp! ret : 
01-02 08:00:06.821  2150  2299 W dalvikvm: VFY: unable to find class referenced in signature (Ljava/nio/file/Path;)
01-02 08:00:06.822  2150  2299 W dalvikvm: VFY: unable to find class referenced in signature ([Ljava/nio/file/OpenOption;)
01-02 08:00:06.822  2150  2299 I dalvikvm: Could not find method java.nio.file.Files.newOutputStream, referenced from method okio.Okio.sink
01-02 08:00:06.822  2150  2299 W dalvikvm: VFY: unable to resolve static method 10737: Ljava/nio/file/Files;.newOutputStream (Ljava/nio/file/Path;[Ljava/nio/file/OpenOption;)Ljava/io/OutputStream;
01-02 08:00:06.822  2150  2299 D dalvikvm: VFY: replacing opcode 0x71 at 0x000a
01-02 08:00:06.824  2150  2299 W dalvikvm: VFY: unable to find class referenced in signature (Ljava/nio/file/Path;)
01-02 08:00:06.825  2150  2299 W dalvikvm: VFY: unable to find class referenced in signature ([Ljava/nio/file/OpenOption;)
01-02 08:00:06.827  2150  2299 I dalvikvm: Could not find method java.nio.file.Files.newInputStream, referenced from method okio.Okio.source
01-02 08:00:06.828  2150  2299 W dalvikvm: VFY: unable to resolve static method 10736: Ljava/nio/file/Files;.newInputStream (Ljava/nio/file/Path;[Ljava/nio/file/OpenOption;)Ljava/io/InputStream;
01-02 08:00:06.828  2150  2299 D dalvikvm: VFY: replacing opcode 0x71 at 0x000a
01-02 08:00:06.871  1904  2160 D dalvikvm: GC_EXPLICIT freed 295K, 14% free 6366K/7364K, paused 9ms+9ms, total 151ms
01-02 08:00:06.936  2274  2274 I GservicesProvider: Gservices pushing to system: true; secure/global: true
01-02 08:00:06.944  1904  1914 I ActivityManager: Start proc com.google.process.location for on-hold: pid=2330 uid=10001 gids={50001, 3003, 1007, 1023, 1028, 1015, 3002, 3001, 3007, 2001, 3006}
01-02 08:00:06.978  1904  1914 E ActivityManager: RECEIVE_BOOT_COMPLETE
01-02 08:00:06.986  1397  1963 I SurfaceFlinger: Boot is finished (13920 ms)
01-02 08:00:06.986  1904  1918 W WindowManager: ***** BOOT TIMEOUT: forcing display enabled
01-02 08:00:07.096  1904  2162 D ConnectivityService: mActiveDefaultNetwork = 9
01-02 08:00:07.122  2330  2330 E Environment: canonicalPath = /storage/sdcard
01-02 08:00:07.159  2150  2150 D main    : Java_org_cocos2dx_lua_NotifyAnnounceJNI_notifyNetworkStatus begin!
01-02 08:00:07.159  2150  2150 D main    : Java_org_cocos2dx_lua_NotifyAnnounceJNI_notifyNetworkStatus end!
01-02 08:00:07.194  2150  2150 D main    : Java_org_cocos2dx_lua_AnnounceJNI_notifyUpdateInfo begin!
01-02 08:00:07.194  2150  2150 D main    : Java_org_cocos2dx_lua_AnnounceJNI_notifyUpdateInfo end!
01-02 08:00:07.430  1904  1904 V BackupManagerService: Connected to transport ComponentInfo{com.google.android.backuptransport/com.google.android.backup.BackupTransportService}
01-02 08:00:07.439  1904  1904 V BackupManagerService: Registering transport com.google.android.backuptransport/com.google.android.backup.BackupTransportService::com.google.android.backup/.BackupTransportService = com.android.internal.backup.IBackupTransport$Stub$Proxy@41c5c9c0
01-02 08:00:07.503  1904  1914 D ConnectivityService: mActiveDefaultNetwork = 9
01-02 08:00:07.553  2274  2279 D dalvikvm: GC_CONCURRENT freed 206K, 13% free 3373K/3868K, paused 2ms+2ms, total 23ms
01-02 08:00:07.565  2150  2231 D NativeOptionInfo: OptionInfoAndroidImpl::getLauncherConfig(focusOnVideo) on cpp!
01-02 08:00:07.565  2150  2231 D NativeOptionInfo: in java attribute = focusOnVideo
01-02 08:00:07.565  2150  2231 D NativeOptionInfo: in java null
01-02 08:00:07.565  2150  2231 D NativeOptionInfo: OptionInfoAndroidImpl::getLauncherConfig(focusOnVideo) on cpp! ret : 
01-02 08:00:07.646  2274  2279 D dalvikvm: GC_CONCURRENT freed 127K, 11% free 3688K/4108K, paused 1ms+17ms, total 32ms
01-02 08:00:07.661  2150  2231 D NativeOptionInfo: OptionInfoAndroidImpl::getLauncherConfig(skinDir) on cpp!
01-02 08:00:07.661  2150  2231 D NativeOptionInfo: in java attribute = skinDir
01-02 08:00:07.661  2150  2231 D NativeOptionInfo: in java null
01-02 08:00:07.661  2150  2231 D NativeOptionInfo: OptionInfoAndroidImpl::getLauncherConfig(skinDir) on cpp! ret : 
01-02 08:00:07.687  2150  2231 D NativeOptionInfo: OptionInfoAndroidImpl::getLauncherConfig(loadDefaultLruCacheDesc) on cpp!
01-02 08:00:07.687  2150  2231 D NativeOptionInfo: in java attribute = loadDefaultLruCacheDesc
01-02 08:00:07.687  2150  2231 D NativeOptionInfo: in java/system/etc/default_skin/offlinecache/cache.description
01-02 08:00:07.687  2150  2231 D NativeOptionInfo: OptionInfoAndroidImpl::getLauncherConfig(loadDefaultLruCacheDesc) on cpp! ret : /system/etc/default_skin/offlinecache/cache.description
01-02 08:00:07.687  2150  2231 D NativeOptionInfo: OptionInfoAndroidImpl::getLauncherConfig(loadDefaultLruCacheDir) on cpp!
01-02 08:00:07.687  2150  2231 D NativeOptionInfo: in java attribute = loadDefaultLruCacheDir
01-02 08:00:07.687  2150  2231 D NativeOptionInfo: in java/system/etc/default_skin/offlinecache
01-02 08:00:07.687  2150  2231 D NativeOptionInfo: OptionInfoAndroidImpl::getLauncherConfig(loadDefaultLruCacheDir) on cpp! ret : /system/etc/default_skin/offlinecache
01-02 08:00:07.718  2208  2208 D dalvikvm: DexOpt: couldn't find static field Landroid/os/Build;.SUPPORTED_ABIS
01-02 08:00:07.718  2208  2208 W dalvikvm: VFY: unable to resolve static field 785 (SUPPORTED_ABIS) in Landroid/os/Build;
01-02 08:00:07.718  2208  2208 D dalvikvm: VFY: replacing opcode 0x62 at 0x0008
01-02 08:00:07.719  2208  2208 D dalvikvm: DexOpt: couldn't find static field Landroid/os/Build;.SUPPORTED_ABIS
01-02 08:00:07.719  2208  2208 W dalvikvm: VFY: unable to resolve static field 785 (SUPPORTED_ABIS) in Landroid/os/Build;
01-02 08:00:07.719  2208  2208 D dalvikvm: VFY: replacing opcode 0x62 at 0x0097
01-02 08:00:07.721  2208  2208 D dalvikvm: DexOpt: couldn't find field Landroid/content/pm/ApplicationInfo;.splitSourceDirs
01-02 08:00:07.721  2208  2208 W dalvikvm: VFY: unable to resolve instance field 719
01-02 08:00:07.721  2208  2208 D dalvikvm: VFY: replacing opcode 0x54 at 0x0050
01-02 08:00:07.726  2208  2208 D dalvikvm: DexOpt: couldn't find field Landroid/content/pm/ApplicationInfo;.splitSourceDirs
01-02 08:00:07.726  2208  2208 I dalvikvm: DexOpt: unable to optimize instance field ref 0x02cf at 0x54 in Ljdi;.c
01-02 08:00:07.730  2238  2238 D dalvikvm: DexOpt: couldn't find static field Landroid/os/Build;.SUPPORTED_ABIS
01-02 08:00:07.730  2238  2238 W dalvikvm: VFY: unable to resolve static field 785 (SUPPORTED_ABIS) in Landroid/os/Build;
01-02 08:00:07.730  2238  2238 D dalvikvm: VFY: replacing opcode 0x62 at 0x0008
01-02 08:00:07.731  2238  2238 D dalvikvm: DexOpt: couldn't find static field Landroid/os/Build;.SUPPORTED_ABIS
01-02 08:00:07.731  2238  2238 W dalvikvm: VFY: unable to resolve static field 785 (SUPPORTED_ABIS) in Landroid/os/Build;
01-02 08:00:07.731  2238  2238 D dalvikvm: VFY: replacing opcode 0x62 at 0x0097
01-02 08:00:07.731  2208  2208 I dalvikvm: Could not find method android.content.ContextWrapper.createCredentialProtectedStorageContext, referenced from method com.google.android.chimera.ModuleContext.createCredentialProtectedStorageContext
01-02 08:00:07.731  2208  2208 W dalvikvm: VFY: unable to resolve virtual method 2232: Landroid/content/ContextWrapper;.createCredentialProtectedStorageContext ()Landroid/content/Context;
01-02 08:00:07.731  2208  2208 D dalvikvm: VFY: replacing opcode 0x6f at 0x0002
01-02 08:00:07.732  2208  2208 I dalvikvm: Could not find method android.content.ContextWrapper.createDeviceProtectedStorageContext, referenced from method com.google.android.chimera.ModuleContext.createDeviceProtectedStorageContext
01-02 08:00:07.732  2208  2208 W dalvikvm: VFY: unable to resolve virtual method 2233: Landroid/content/ContextWrapper;.createDeviceProtectedStorageContext ()Landroid/content/Context;
01-02 08:00:07.732  2208  2208 D dalvikvm: VFY: replacing opcode 0x6f at 0x0002
01-02 08:00:07.733  2238  2238 D dalvikvm: DexOpt: couldn't find field Landroid/content/pm/ApplicationInfo;.splitSourceDirs
01-02 08:00:07.733  2238  2238 W dalvikvm: VFY: unable to resolve instance field 719
01-02 08:00:07.733  2238  2238 D dalvikvm: VFY: replacing opcode 0x54 at 0x0050
01-02 08:00:07.741  2238  2238 D dalvikvm: DexOpt: couldn't find field Landroid/content/pm/ApplicationInfo;.splitSourceDirs
01-02 08:00:07.741  2238  2238 I dalvikvm: DexOpt: unable to optimize instance field ref 0x02cf at 0x54 in Ljdi;.c
01-02 08:00:07.743  2238  2238 I dalvikvm: Could not find method android.content.ContextWrapper.createCredentialProtectedStorageContext, referenced from method com.google.android.chimera.ModuleContext.createCredentialProtectedStorageContext
01-02 08:00:07.743  2238  2238 W dalvikvm: VFY: unable to resolve virtual method 2232: Landroid/content/ContextWrapper;.createCredentialProtectedStorageContext ()Landroid/content/Context;
01-02 08:00:07.743  2238  2238 D dalvikvm: VFY: replacing opcode 0x6f at 0x0002
01-02 08:00:07.743  2238  2238 I dalvikvm: Could not find method android.content.ContextWrapper.createDeviceProtectedStorageContext, referenced from method com.google.android.chimera.ModuleContext.createDeviceProtectedStorageContext
01-02 08:00:07.743  2238  2238 W dalvikvm: VFY: unable to resolve virtual method 2233: Landroid/content/ContextWrapper;.createDeviceProtectedStorageContext ()Landroid/content/Context;
01-02 08:00:07.743  2238  2238 D dalvikvm: VFY: replacing opcode 0x6f at 0x0002
01-02 08:00:07.754  2150  2231 D NativeOptionInfo: OptionInfoAndroidImpl::getLauncherConfig(onStartToast) on cpp!
01-02 08:00:07.754  2150  2231 D NativeOptionInfo: in java attribute = onStartToast
01-02 08:00:07.754  2150  2231 D NativeOptionInfo: in java null
01-02 08:00:07.754  2150  2231 D NativeOptionInfo: OptionInfoAndroidImpl::getLauncherConfig(onStartToast) on cpp! ret : 
01-02 08:00:07.761  2238  2240 D dalvikvm: GC_CONCURRENT freed 295K, 16% free 3302K/3888K, paused 2ms+2ms, total 55ms
01-02 08:00:07.768  2208  2208 D dalvikvm: No JNI_OnLoad found in /system/lib/libgmscore.so 0x419950c8, skipping init
01-02 08:00:07.769  2238  2238 D dalvikvm: No JNI_OnLoad found in /system/lib/libgmscore.so 0x419a2ab0, skipping init
01-02 08:00:07.770  2208  2208 V JNIHelp : Registering com/google/android/gms/org/conscrypt/NativeCrypto's 235 native methods...
01-02 08:00:07.772  2238  2238 V JNIHelp : Registering com/google/android/gms/org/conscrypt/NativeCrypto's 235 native methods...
01-02 08:00:07.774  2150  2231 D NativeOptionInfo: OptionInfoAndroidImpl::isSnapshotVersion on cpp! ret : 0
01-02 08:00:07.780  2150  2231 D NativeOptionInfo: OptionInfoAndroidImpl::getLauncherConfig(background) on cpp!
01-02 08:00:07.780  2150  2231 D NativeOptionInfo: in java attribute = background
01-02 08:00:07.780  2150  2231 D NativeOptionInfo: in java null
01-02 08:00:07.780  2150  2231 D NativeOptionInfo: OptionInfoAndroidImpl::getLauncherConfig(background) on cpp! ret : 
01-02 08:00:07.825  2238  2238 E dalvikvm: Could not find class 'javax.net.ssl.SNIHostName', referenced from method com.google.android.gms.org.conscrypt.Platform.getSSLParameters
01-02 08:00:07.825  2238  2238 W dalvikvm: VFY: unable to resolve new-instance 3986 (Ljavax/net/ssl/SNIHostName;) in Lcom/google/android/gms/org/conscrypt/Platform;
01-02 08:00:07.825  2238  2238 D dalvikvm: VFY: replacing opcode 0x22 at 0x0068
01-02 08:00:07.828  2238  2238 E dalvikvm: Could not find class 'javax.net.ssl.SNIServerName', referenced from method com.google.android.gms.org.conscrypt.Platform.setSSLParameters
01-02 08:00:07.828  2238  2238 W dalvikvm: VFY: unable to resolve check-cast 3987 (Ljavax/net/ssl/SNIServerName;) in Lcom/google/android/gms/org/conscrypt/Platform;
01-02 08:00:07.828  2238  2238 D dalvikvm: VFY: replacing opcode 0x1f at 0x005c
01-02 08:00:07.828  2208  2208 E dalvikvm: Could not find class 'javax.net.ssl.SNIHostName', referenced from method com.google.android.gms.org.conscrypt.Platform.getSSLParameters
01-02 08:00:07.828  2208  2208 W dalvikvm: VFY: unable to resolve new-instance 3986 (Ljavax/net/ssl/SNIHostName;) in Lcom/google/android/gms/org/conscrypt/Platform;
01-02 08:00:07.828  2208  2208 D dalvikvm: VFY: replacing opcode 0x22 at 0x0068
01-02 08:00:07.836  2238  2238 W dalvikvm: Unable to resolve superclass of Lcom/google/android/gms/org/conscrypt/OpenSSLExtendedSessionImpl; (3977)
01-02 08:00:07.836  2238  2238 W dalvikvm: Link of class 'Lcom/google/android/gms/org/conscrypt/OpenSSLExtendedSessionImpl;' failed
01-02 08:00:07.836  2238  2238 E dalvikvm: Could not find class 'com.google.android.gms.org.conscrypt.OpenSSLExtendedSessionImpl', referenced from method com.google.android.gms.org.conscrypt.Platform.wrapSSLSession
01-02 08:00:07.836  2238  2238 W dalvikvm: VFY: unable to resolve new-instance 2470 (Lcom/google/android/gms/org/conscrypt/OpenSSLExtendedSessionImpl;) in Lcom/google/android/gms/org/conscrypt/Platform;
01-02 08:00:07.836  2238  2238 D dalvikvm: VFY: replacing opcode 0x22 at 0x0007
01-02 08:00:07.837  2238  2238 D dalvikvm: DexOpt: unable to opt direct call 0x5183 at 0x6e in Lcom/google/android/gms/org/conscrypt/Platform;.getSSLParameters
01-02 08:00:07.838  2238  2238 W dalvikvm: Unable to resolve superclass of Lcom/google/android/gms/org/conscrypt/OpenSSLExtendedSessionImpl; (3977)
01-02 08:00:07.838  2238  2238 W dalvikvm: Link of class 'Lcom/google/android/gms/org/conscrypt/OpenSSLExtendedSessionImpl;' failed
01-02 08:00:07.838  2238  2238 D dalvikvm: DexOpt: unable to opt direct call 0x3391 at 0x09 in Lcom/google/android/gms/org/conscrypt/Platform;.wrapSSLSession
01-02 08:00:07.842  2208  2208 E dalvikvm: Could not find class 'javax.net.ssl.SNIServerName', referenced from method com.google.android.gms.org.conscrypt.Platform.setSSLParameters
01-02 08:00:07.842  2208  2208 W dalvikvm: VFY: unable to resolve check-cast 3987 (Ljavax/net/ssl/SNIServerName;) in Lcom/google/android/gms/org/conscrypt/Platform;
01-02 08:00:07.842  2208  2208 D dalvikvm: VFY: replacing opcode 0x1f at 0x005c
01-02 08:00:07.848  2208  2208 W dalvikvm: Unable to resolve superclass of Lcom/google/android/gms/org/conscrypt/OpenSSLExtendedSessionImpl; (3977)
01-02 08:00:07.848  2208  2208 W dalvikvm: Link of class 'Lcom/google/android/gms/org/conscrypt/OpenSSLExtendedSessionImpl;' failed
01-02 08:00:07.852  2208  2208 E dalvikvm: Could not find class 'com.google.android.gms.org.conscrypt.OpenSSLExtendedSessionImpl', referenced from method com.google.android.gms.org.conscrypt.Platform.wrapSSLSession
01-02 08:00:07.852  2208  2208 W dalvikvm: VFY: unable to resolve new-instance 2470 (Lcom/google/android/gms/org/conscrypt/OpenSSLExtendedSessionImpl;) in Lcom/google/android/gms/org/conscrypt/Platform;
01-02 08:00:07.852  2208  2208 D dalvikvm: VFY: replacing opcode 0x22 at 0x0007
01-02 08:00:07.857  2208  2209 D dalvikvm: GC_CONCURRENT freed 363K, 17% free 3239K/3892K, paused 3ms+3ms, total 29ms
01-02 08:00:07.860  2208  2208 D dalvikvm: DexOpt: unable to opt direct call 0x5183 at 0x6e in Lcom/google/android/gms/org/conscrypt/Platform;.getSSLParameters
01-02 08:00:07.862  2208  2208 W dalvikvm: Unable to resolve superclass of Lcom/google/android/gms/org/conscrypt/OpenSSLExtendedSessionImpl; (3977)
01-02 08:00:07.862  2208  2208 W dalvikvm: Link of class 'Lcom/google/android/gms/org/conscrypt/OpenSSLExtendedSessionImpl;' failed
01-02 08:00:07.862  2208  2208 D dalvikvm: DexOpt: unable to opt direct call 0x3391 at 0x09 in Lcom/google/android/gms/org/conscrypt/Platform;.wrapSSLSession
01-02 08:00:07.905  2238  2240 D dalvikvm: GC_CONCURRENT freed 310K, 15% free 3435K/4016K, paused 2ms+3ms, total 30ms
01-02 08:00:07.942  2238  2238 W dalvikvm: Unable to resolve superclass of Lcom/google/android/gms/org/conscrypt/OpenSSLExtendedSessionImpl; (3977)
01-02 08:00:07.942  2238  2238 W dalvikvm: Link of class 'Lcom/google/android/gms/org/conscrypt/OpenSSLExtendedSessionImpl;' failed
01-02 08:00:07.942  2238  2238 E dalvikvm: Could not find class 'com.google.android.gms.org.conscrypt.OpenSSLExtendedSessionImpl', referenced from method com.google.android.gms.org.conscrypt.SSLParametersImpl.getSessionToReuse
01-02 08:00:07.943  2238  2238 W dalvikvm: VFY: unable to resolve instanceof 2470 (Lcom/google/android/gms/org/conscrypt/OpenSSLExtendedSessionImpl;) in Lcom/google/android/gms/org/conscrypt/SSLParametersImpl;
01-02 08:00:07.943  2238  2238 D dalvikvm: VFY: replacing opcode 0x20 at 0x001b
01-02 08:00:07.944  1904  2312 I NtpTrustedTime: refreshtime() from 203.117.180.36
01-02 08:00:07.967  2238  2238 I ProviderInstaller: Installed default security provider GmsCore_OpenSSL
01-02 08:00:07.993  2208  2209 D dalvikvm: GC_CONCURRENT freed 256K, 14% free 3386K/3932K, paused 2ms+3ms, total 22ms
01-02 08:00:08.013  2208  2208 W dalvikvm: Unable to resolve superclass of Lcom/google/android/gms/org/conscrypt/OpenSSLExtendedSessionImpl; (3977)
01-02 08:00:08.013  2208  2208 W dalvikvm: Link of class 'Lcom/google/android/gms/org/conscrypt/OpenSSLExtendedSessionImpl;' failed
01-02 08:00:08.014  2208  2208 E dalvikvm: Could not find class 'com.google.android.gms.org.conscrypt.OpenSSLExtendedSessionImpl', referenced from method com.google.android.gms.org.conscrypt.SSLParametersImpl.getSessionToReuse
01-02 08:00:08.014  2208  2208 W dalvikvm: VFY: unable to resolve instanceof 2470 (Lcom/google/android/gms/org/conscrypt/OpenSSLExtendedSessionImpl;) in Lcom/google/android/gms/org/conscrypt/SSLParametersImpl;
01-02 08:00:08.014  2208  2208 D dalvikvm: VFY: replacing opcode 0x20 at 0x001b
01-02 08:00:08.022  2208  2208 I ProviderInstaller: Installed default security provider GmsCore_OpenSSL
01-02 08:00:08.125  2238  2240 D dalvikvm: GC_CONCURRENT freed 169K, 11% free 3777K/4236K, paused 2ms+21ms, total 48ms
01-02 08:00:08.125  2238  2238 D dalvikvm: WAIT_FOR_CONCURRENT_GC blocked 7ms
01-02 08:00:08.129  2238  2381 D dalvikvm: WAIT_FOR_CONCURRENT_GC blocked 12ms
01-02 08:00:08.195  2208  2209 D dalvikvm: GC_CONCURRENT freed 107K, 10% free 3735K/4112K, paused 6ms+4ms, total 41ms
01-02 08:00:08.237  2238  2240 D dalvikvm: GC_CONCURRENT freed 93K, 9% free 4192K/4576K, paused 2ms+2ms, total 36ms
01-02 08:00:08.237  2238  2381 D dalvikvm: WAIT_FOR_CONCURRENT_GC blocked 6ms
01-02 08:00:08.238  2238  2238 D dalvikvm: WAIT_FOR_CONCURRENT_GC blocked 7ms
01-02 08:00:08.335  2238  2240 D dalvikvm: GC_CONCURRENT freed 239K, 11% free 4460K/4992K, paused 9ms+1ms, total 33ms
01-02 08:00:08.335  2238  2381 D dalvikvm: WAIT_FOR_CONCURRENT_GC blocked 6ms
01-02 08:00:08.338  2238  2238 D dalvikvm: WAIT_FOR_CONCURRENT_GC blocked 6ms
01-02 08:00:08.372  2150  2231 D NativeOptionInfo: OptionInfoAndroidImpl::getLauncherConfig(isZeroClock) on cpp!
01-02 08:00:08.375  2150  2231 D NativeOptionInfo: in java attribute = isZeroClock
01-02 08:00:08.376  2150  2231 D NativeOptionInfo: in java null
01-02 08:00:08.376  2150  2231 D NativeOptionInfo: OptionInfoAndroidImpl::getLauncherConfig(isZeroClock) on cpp! ret : 
01-02 08:00:08.454  2238  2240 D dalvikvm: GC_CONCURRENT freed 160K, 9% free 4785K/5240K, paused 8ms+3ms, total 41ms
01-02 08:00:08.456  2150  2231 D NativeOptionInfo: OptionInfoAndroidImpl::getLauncherConfig(timeColor) on cpp!
01-02 08:00:08.456  2150  2231 D NativeOptionInfo: in java attribute = timeColor
01-02 08:00:08.456  2150  2231 D NativeOptionInfo: in java null
01-02 08:00:08.456  2150  2231 D NativeOptionInfo: OptionInfoAndroidImpl::getLauncherConfig(timeColor) on cpp! ret : 
01-02 08:00:08.472  2208  2208 I dalvikvm: Could not find method android.content.pm.PackageManager.getPackageInstaller, referenced from method hyx.a
01-02 08:00:08.473  2208  2208 W dalvikvm: VFY: unable to resolve virtual method 2339: Landroid/content/pm/PackageManager;.getPackageInstaller ()Landroid/content/pm/PackageInstaller;
01-02 08:00:08.473  2208  2208 D dalvikvm: VFY: replacing opcode 0x6e at 0x001c
01-02 08:00:08.487  2208  2208 I GCoreNlp: shouldConfirmNlp, NLP off. Ensuring opt-in disabled
01-02 08:00:08.585  2150  2231 D NativeOptionInfo: OptionInfoAndroidImpl::getLauncherConfig(languageDir) on cpp!
01-02 08:00:08.585  2150  2231 D NativeOptionInfo: in java attribute = languageDir
01-02 08:00:08.586  2150  2231 D NativeOptionInfo: in java null
01-02 08:00:08.586  2150  2231 D NativeOptionInfo: OptionInfoAndroidImpl::getLauncherConfig(languageDir) on cpp! ret : 
01-02 08:00:08.587  2150  2231 D NativeOptionInfo: OptionInfoAndroidImpl::getLanguage on cpp! ret : en
01-02 08:00:08.594  2150  2231 D NativeOptionInfo: OptionInfoAndroidImpl::getTimeFormat on cpp! ret : 12
01-02 08:00:08.599  1904  2148 D ConnectivityService: mActiveDefaultNetwork = 9
01-02 08:00:08.602  2208  2208 I dalvikvm: Could not find method android.bluetooth.BluetoothAdapter.isBleScanAlwaysAvailable, referenced from method jdc.b
01-02 08:00:08.603  2208  2208 W dalvikvm: VFY: unable to resolve virtual method 1867: Landroid/bluetooth/BluetoothAdapter;.isBleScanAlwaysAvailable ()Z
01-02 08:00:08.603  2208  2208 D dalvikvm: VFY: replacing opcode 0x6e at 0x000e
01-02 08:00:08.605  2150  2231 D NativeNetwork: InputSouceAndroidImpl::GetCurrentInputSourceId on cpp!
01-02 08:00:08.613  2150  2231 D NativeOptionInfo: OptionInfoAndroidImpl::getLauncherConfig(networkIconColor) on cpp!
01-02 08:00:08.613  2150  2231 D NativeOptionInfo: in java attribute = networkIconColor
01-02 08:00:08.614  2150  2231 D NativeOptionInfo: in java null
01-02 08:00:08.614  2150  2231 D NativeOptionInfo: OptionInfoAndroidImpl::getLauncherConfig(networkIconColor) on cpp! ret : 
01-02 08:00:08.639  2238  2238 I dalvikvm: Could not find method android.content.pm.PackageManager.getPackageInstaller, referenced from method hyx.a
01-02 08:00:08.639  2238  2238 W dalvikvm: VFY: unable to resolve virtual method 2339: Landroid/content/pm/PackageManager;.getPackageInstaller ()Landroid/content/pm/PackageInstaller;
01-02 08:00:08.639  2238  2238 D dalvikvm: VFY: replacing opcode 0x6e at 0x001c
01-02 08:00:08.641  2150  2231 D NativeOptionInfo: OptionInfoAndroidImpl::getLauncherConfig(noFocusAnimation) on cpp!
01-02 08:00:08.644  2208  2208 I GCoreUlr: Starting service, intent=Intent { act=com.google.android.location.reporting.ACTION_UPDATE_WORLD cmp=com.google.android.gms/com.google.android.location.reporting.service.DispatchingService (has extras) }, extras=Bundle[{receiverAction=android.location.PROVIDERS_CHANGED}]
01-02 08:00:08.645  2150  2231 D NativeOptionInfo: in java attribute = noFocusAnimation
01-02 08:00:08.645  2150  2231 D NativeOptionInfo: in java null
01-02 08:00:08.645  2150  2231 D NativeOptionInfo: OptionInfoAndroidImpl::getLauncherConfig(noFocusAnimation) on cpp! ret : 
01-02 08:00:08.699  2208  2209 D dalvikvm: GC_CONCURRENT freed 270K, 13% free 3870K/4432K, paused 2ms+6ms, total 41ms
01-02 08:00:08.738  2150  2231 D NativeOptionInfo: OptionInfoAndroidImpl::getLauncherConfig(getSignalDelay) on cpp!
01-02 08:00:08.739  2150  2231 D NativeOptionInfo: in java attribute = getSignalDelay
01-02 08:00:08.740  2150  2231 D NativeOptionInfo: in java null
01-02 08:00:08.740  2150  2231 D NativeOptionInfo: OptionInfoAndroidImpl::getLauncherConfig(getSignalDelay) on cpp! ret : 
01-02 08:00:08.743  1904  2149 D ConnectivityService: mActiveDefaultNetwork = 9
01-02 08:00:08.747  2150  2231 D NativeNetwork: InputSouceAndroidImpl::GetCurrentInputSourceId on cpp!
01-02 08:00:08.791  2238  2240 D dalvikvm: GC_CONCURRENT freed 256K, 10% free 4982K/5528K, paused 3ms+12ms, total 81ms
01-02 08:00:08.815  2077  2266 D tv-api  : [TVApiSystemInputSourceImpl.java:337]: eventSystemInputSourceGetList
01-02 08:00:08.848  2208  2208 I dalvikvm: Could not find method android.accounts.AccountManager.getPreviousName, referenced from method aicl.a
01-02 08:00:08.848  2208  2208 W dalvikvm: VFY: unable to resolve virtual method 42982: Landroid/accounts/AccountManager;.getPreviousName (Landroid/accounts/Account;)Ljava/lang/String;
01-02 08:00:08.848  2208  2208 D dalvikvm: VFY: replacing opcode 0x6e at 0x0008
01-02 08:00:08.905  2150  2231 D NativeInputSource: cpp intput_list json: [{"appPackageName":"","category":"INPUTSOURCE_ATV","status":"INPUT_STATUS_DISCONNECT","name":"ATV","id":0},{"appPackageName":"","category":"INPUTSOURCE_AV","status":"INPUT_STATUS_DISCONNECT","name":"AV","id":3},{"appPackageName":"","category":"INPUTSOURCE_YPBPR","status":"INPUT_STATUS_DISCONNECT","name":"YPBPR","id":7},{"appPackageName":"","category":"INPUTSOURCE_HDMI","status":"INPUT_STATUS_DISCONNECT","name":"HDMI 1","id":9},{"appPackageName":"","category":"INPUTSOURCE_HDMI","status":"INPUT_STATUS_DISCONNECT","name":"HDMI 2","id":10}]
01-02 08:00:08.905  2150  2231 D NativeInputSource: InputSouceAndroidImpl::getInputSourceList on cpp! ret : [{"appPackageName":"","category":"INPUTSOURCE_ATV","status":"INPUT_STATUS_DISCONNECT","name":"ATV","id":0},{"appPackageName":"","category":"INPUTSOURCE_AV","status":"INPUT_STATUS_DISCONNECT","name":"AV","id":3},{"appPackageName":"","category":"INPUTSOURCE_YPBPR","status":"INPUT_STATUS_DISCONNECT","name":"YPBPR","id":7},{"appPackageName":"","category":"INPUTSOURCE_HDMI","status":"INPUT_STATUS_DISCONNECT","name":"HDMI 1","id":9},{"appPackageName":"","category":"INPUTSOURCE_HDMI","status":"INPUT_STATUS_DISCONNECT","name":"HDMI 2","id":10}]
01-02 08:00:08.909  2077  2095 D tv-api  : [TVApiSystemInputSourceImpl.java:354]: eventSystemInputSourceGetInputSource
01-02 08:00:08.911  2077  2095 I tv-api  : [TvManagerHelper.java:372]: get Current Source count = 0
01-02 08:00:08.927  1904  1926 D Tethering: MasterInitialState.processMessage what=3
01-02 08:00:08.927  1904  1914 D ConnectivityService: mActiveDefaultNetwork = 9
01-02 08:00:08.928  1904  2082 D ConnectivityService: mActiveDefaultNetwork = 9
01-02 08:00:08.928  1904  1904 D ConnectivityService: mActiveDefaultNetwork = 9
01-02 08:00:08.929  1904  1904 D ConnectivityService: mActiveDefaultNetwork = 9
01-02 08:00:08.931  2150  2150 D main    : Java_org_cocos2dx_lua_NotifyAnnounceJNI_notifyNetworkStatus begin!
01-02 08:00:08.932  2150  2150 D main    : Java_org_cocos2dx_lua_NotifyAnnounceJNI_notifyNetworkStatus end!
01-02 08:00:08.932  2150  2231 D NativeInputSource: InputSouceAndroidImpl::getCurrentInputSourceId on cpp! ret : 9
01-02 08:00:08.934  1904  2066 D CaptivePortalTracker: NoActiveNetworkState{ when=0 what=1 obj=NetworkInfo: type: ETHERNET[], state: CONNECTED/CONNECTED, reason: (unspecified), extra: (none), roaming: false, failover: false, isAvailable: true, isConnectedToProvisioningNetwork: false target=com.android.internal.util.StateMachine$SmHandler }
01-02 08:00:08.934  1904  2066 D CaptivePortalTracker: NoActiveNetworkState not a wifi connectivity change, ignore
01-02 08:00:08.943  2274  2378 D dalvikvm: GC_EXPLICIT freed 122K, 10% free 3714K/4124K, paused 2ms+4ms, total 50ms
01-02 08:00:08.943  1904  1916 D ConnectivityService: mActiveDefaultNetwork = 9
01-02 08:00:08.960  2150  2231 D NativeOptionInfo: OptionInfoAndroidImpl::getLauncherConfig(noFocusAnimation) on cpp!
01-02 08:00:08.962  2150  2231 D NativeOptionInfo: in java attribute = noFocusAnimation
01-02 08:00:08.962  2150  2231 D NativeOptionInfo: in java null
01-02 08:00:08.962  2150  2231 D NativeOptionInfo: OptionInfoAndroidImpl::getLauncherConfig(noFocusAnimation) on cpp! ret : 
01-02 08:00:08.983  2150  2231 D NativeOptionInfo: OptionInfoAndroidImpl::getLauncherConfig(noFocusAnimation) on cpp!
01-02 08:00:08.988  2150  2231 D NativeOptionInfo: in java attribute = noFocusAnimation
01-02 08:00:08.988  2150  2231 D NativeOptionInfo: in java null
01-02 08:00:08.988  2150  2231 D NativeOptionInfo: OptionInfoAndroidImpl::getLauncherConfig(noFocusAnimation) on cpp! ret : 
01-02 08:00:09.014  2150  2231 D NativeOptionInfo: OptionInfoAndroidImpl::getLauncherConfig(noFocusAnimation) on cpp!
01-02 08:00:09.015  2150  2231 D NativeOptionInfo: in java attribute = noFocusAnimation
01-02 08:00:09.015  2150  2231 D NativeOptionInfo: in java null
01-02 08:00:09.015  2150  2231 D NativeOptionInfo: OptionInfoAndroidImpl::getLauncherConfig(noFocusAnimation) on cpp! ret : 
01-02 08:00:09.020  2208  2208 I dalvikvm: Could not find method android.bluetooth.BluetoothAdapter.isBleScanAlwaysAvailable, referenced from method ahvx.d
01-02 08:00:09.020  2208  2208 W dalvikvm: VFY: unable to resolve virtual method 43198: Landroid/bluetooth/BluetoothAdapter;.isBleScanAlwaysAvailable ()Z
01-02 08:00:09.020  2208  2208 D dalvikvm: VFY: replacing opcode 0x6e at 0x0020
01-02 08:00:09.026  1904  1926 D BluetoothManagerService: Message: 20
01-02 08:00:09.026  1904  1926 D BluetoothManagerService: Added callback: android.bluetooth.IBluetoothManagerCallback$Stub$Proxy@41beca58:true
01-02 08:00:09.042  2150  2231 D NativeOptionInfo: OptionInfoAndroidImpl::getLauncherConfig(noFocusAnimation) on cpp!
01-02 08:00:09.043  2150  2231 D NativeOptionInfo: in java attribute = noFocusAnimation
01-02 08:00:09.044  2150  2231 D NativeOptionInfo: in java null
01-02 08:00:09.044  2150  2231 D NativeOptionInfo: OptionInfoAndroidImpl::getLauncherConfig(noFocusAnimation) on cpp! ret : 
01-02 08:00:09.063  1422  1422 E usbmonitor: usbmonitor value54:0x1005 value58:0x1000, value5c:0x0, value420:0x2a0, value430:0x2a0  
01-02 08:00:09.072  2150  2231 D NativeOptionInfo: OptionInfoAndroidImpl::getLauncherConfig(noFocusAnimation) on cpp!
01-02 08:00:09.072  2150  2231 D NativeOptionInfo: in java attribute = noFocusAnimation
01-02 08:00:09.072  2150  2231 D NativeOptionInfo: in java null
01-02 08:00:09.072  2150  2231 D NativeOptionInfo: OptionInfoAndroidImpl::getLauncherConfig(noFocusAnimation) on cpp! ret : 
01-02 08:00:09.074  2150  2231 D NativeOptionInfo: OptionInfoAndroidImpl::getLauncherConfig(noFocusAnimation) on cpp!
01-02 08:00:09.076  2150  2231 D NativeOptionInfo: in java attribute = noFocusAnimation
01-02 08:00:09.076  2150  2231 D NativeOptionInfo: in java null
01-02 08:00:09.076  2150  2231 D NativeOptionInfo: OptionInfoAndroidImpl::getLauncherConfig(noFocusAnimation) on cpp! ret : 
01-02 08:00:09.085  2208  2209 D dalvikvm: GC_CONCURRENT freed 252K, 12% free 4015K/4556K, paused 2ms+9ms, total 38ms
01-02 08:00:09.099  2150  2231 D NativeOptionInfo: OptionInfoAndroidImpl::getLauncherVersion on cpp! ret : 1506567672
01-02 08:00:09.110  2150  2231 D NativeProvider: ProviderAndroidImpl::getContent on cpp! ret : 
01-02 08:00:09.126  2150  2231 D NativeOptionInfo: OptionInfoAndroidImpl::getLauncherVersion on cpp! ret : 1506567672
01-02 08:00:09.127  2150  2231 D NativeProvider: ProviderAndroidImpl::getContent on cpp! ret : 
01-02 08:00:09.138  2150  2231 D NativeOptionInfo: OptionInfoAndroidImpl::getLauncherVersion on cpp! ret : 1506567672
01-02 08:00:09.139  2150  2231 D NativeProvider: ProviderAndroidImpl::getContent on cpp! ret : 
01-02 08:00:09.143  2150  2231 D NativeOptionInfo: OptionInfoAndroidImpl::getLauncherVersion on cpp! ret : 1506567672
01-02 08:00:09.144  2150  2231 D NativeProvider: ProviderAndroidImpl::getContent on cpp! ret : 
01-02 08:00:09.169  2150  2231 D NativeOptionInfo: OptionInfoAndroidImpl::getLauncherVersion on cpp! ret : 1506567672
01-02 08:00:09.171  2150  2231 D NativeProvider: ProviderAndroidImpl::getContent on cpp! ret : 
01-02 08:00:09.185  2150  2231 D NativeOptionInfo: OptionInfoAndroidImpl::getLauncherVersion on cpp! ret : 1506567672
01-02 08:00:09.189  2150  2231 D NativeProvider: ProviderAndroidImpl::getContent on cpp! ret : 
01-02 08:00:09.200  2150  2231 D NativeOptionInfo: OptionInfoAndroidImpl::getLauncherConfig(noFocusAnimation) on cpp!
01-02 08:00:09.200  2150  2231 D NativeOptionInfo: in java attribute = noFocusAnimation
01-02 08:00:09.200  2150  2231 D NativeOptionInfo: in java null
01-02 08:00:09.200  2150  2231 D NativeOptionInfo: OptionInfoAndroidImpl::getLauncherConfig(noFocusAnimation) on cpp! ret : 
01-02 08:00:09.215  2150  2231 D NativeOptionInfo: OptionInfoAndroidImpl::getLauncherConfig(noCheckAppExits) on cpp!
01-02 08:00:09.216  2150  2231 D NativeOptionInfo: in java attribute = noCheckAppExits
01-02 08:00:09.216  2150  2231 D NativeOptionInfo: in java null
