01-02 08:00:04.155  2109  2109 W ContextImpl: Calling a method in the system process without a qualified user: android.app.ContextImpl.startService:1526 android.content.ContextWrapper.startService:494 com.cvte.tv.api.TvApiApplication.onCreate:142 com.cvte.tv.ucservice.UserCenterApplication.onCreate:-1 android.app.Instrumentation.callApplicationOnCreate:1011 
01-02 08:00:04.177  2166  2166 E Environment: canonicalPath = /storage/sdcard
01-02 08:00:04.177  1904  1906 D dalvikvm: GC_CONCURRENT freed 529K, 14% free 6285K/7260K, paused 3ms+11ms, total 176ms
01-02 08:00:04.178  1904  1904 D dalvikvm: WAIT_FOR_CONCURRENT_GC blocked 23ms
01-02 08:00:04.178  1904  1914 D dalvikvm: WAIT_FOR_CONCURRENT_GC blocked 22ms
01-02 08:00:04.178  1904  2149 D dalvikvm: WAIT_FOR_CONCURRENT_GC blocked 17ms
01-02 08:00:04.178  1904  2082 D dalvikvm: WAIT_FOR_CONCURRENT_GC blocked 21ms
01-02 08:00:04.179  1904  1990 D dalvikvm: WAIT_FOR_CONCURRENT_GC blocked 22ms
01-02 08:00:04.179  1904  1916 D dalvikvm: WAIT_FOR_CONCURRENT_GC blocked 18ms
01-02 08:00:04.187  2109  2109 W ContextImpl: Implicit intents with startService are not safe: Intent { act=com.cvte.tv.api.TV_API_SERVICE } android.content.ContextWrapper.bindService:517 com.cvte.tv.api.TvApiApplication.onCreate:143 com.cvte.tv.ucservice.UserCenterApplication.onCreate:-1 
01-02 08:00:04.187  2109  2109 W ContextImpl: Calling a method in the system process without a qualified user: android.app.ContextImpl.bindService:1590 android.content.ContextWrapper.bindService:517 com.cvte.tv.api.TvApiApplication.onCreate:143 com.cvte.tv.ucservice.UserCenterApplication.onCreate:-1 android.app.Instrumentation.callApplicationOnCreate:1011 
01-02 08:00:04.195  1904  1926 D BluetoothManagerService: Message: 300
01-02 08:00:04.195  1904  1926 D BluetoothManagerService: MESSAGE_USER_SWITCHED
01-02 08:00:04.200  1904  2082 D ConnectivityService: mActiveDefaultNetwork = -1
01-02 08:00:04.207  1904  1904 V BackupManagerService: Connected to transport ComponentInfo{android/com.android.internal.backup.LocalTransportService}
01-02 08:00:04.208  1904  1904 V BackupManagerService: Registering transport android/com.android.internal.backup.LocalTransportService::android/com.android.internal.backup.LocalTransport = com.android.internal.backup.LocalTransport@41d23b10
01-02 08:00:04.217  1400  1400 D dalvikvm: GC_EXPLICIT freed 293K, 10% free 3146K/3468K, paused 1ms+36ms, total 109ms
01-02 08:00:04.235  1904  1926 D BluetoothManagerService: Message: 20
01-02 08:00:04.235  1904  1926 D BluetoothManagerService: Added callback: android.bluetooth.IBluetoothManagerCallback$Stub$Proxy@419a59d8:true
01-02 08:00:04.236  1999  1999 D BluetoothAdapter: 1100509824: getState() :  mService = null. Returning STATE_OFF
01-02 08:00:04.236  1999  1999 D BluetoothAdapter: 1100509824: getState() :  mService = null. Returning STATE_OFF
01-02 08:00:04.238  2077  2077 I service : Service tv-api-library VerName:1.6 VerCode:1463716939
01-02 08:00:04.238  2077  2077 D Evan    : apiConfigPath
01-02 08:00:04.238  2077  2077 D Evan    : TVAPI Set Config Path=/system/menu_config_xml
01-02 08:00:04.238  2077  2077 D Evan    : apiRegisterImplClz
01-02 08:00:04.253  2150  2150 W ContextImpl: Implicit intents with startService are not safe: Intent { act=com.cvte.tv.api.TV_API_SERVICE } android.content.ContextWrapper.startService:494 com.cvte.tv.api.TvApiApplication.onCreate:142 com.cvte.tv.launcher.AppApplication.onCreate:24 
01-02 08:00:04.254  2150  2150 W ContextImpl: Implicit intents with startService are not safe: Intent { act=com.cvte.tv.api.TV_API_SERVICE } android.content.ContextWrapper.bindService:517 com.cvte.tv.api.TvApiApplication.onCreate:143 com.cvte.tv.launcher.AppApplication.onCreate:24 
01-02 08:00:04.266  2150  2150 I Nebula  : LRUImageCache------>CacheSize:16777216
01-02 08:00:04.273  2150  2150 D TvApiApplication: getTvApi getSystemService = false
01-02 08:00:04.273  2150  2150 D TvApiApplication: getTvApi startService
01-02 08:00:04.274  2150  2150 W ContextImpl: Implicit intents with startService are not safe: Intent { act=com.cvte.tv.api.TV_API_SERVICE } android.content.ContextWrapper.startService:494 com.cvte.tv.api.TvApiApplication.getTvApi:165 com.cvte.tv.launcher.AppApplication.onCreate:31 
01-02 08:00:04.274  2166  2166 W ContextImpl: Calling a method in the system process without a qualified user: android.app.ContextImpl.startService:1526 android.content.ContextWrapper.startService:494 com.cvte.tv.api.TvApiApplication.onCreate:142 com.cvte.tv.hotkey.TvApplication.onCreate:35 android.app.Instrumentation.callApplicationOnCreate:1011 
01-02 08:00:04.276  2166  2166 W ContextImpl: Implicit intents with startService are not safe: Intent { act=com.cvte.tv.api.TV_API_SERVICE } android.content.ContextWrapper.startService:494 com.cvte.tv.api.TvApiApplication.onCreate:142 com.cvte.tv.hotkey.TvApplication.onCreate:35 
01-02 08:00:04.276  2150  2150 W ContextImpl: Implicit intents with startService are not safe: Intent { act=com.cvte.tv.api.TV_API_SERVICE } android.content.ContextWrapper.bindService:517 com.cvte.tv.api.TvApiApplication.getTvApi:166 com.cvte.tv.launcher.AppApplication.onCreate:31 
01-02 08:00:04.285  2166  2166 W ContextImpl: Calling a method in the system process without a qualified user: android.app.ContextImpl.bindService:1590 android.content.ContextWrapper.bindService:517 com.cvte.tv.api.TvApiApplication.onCreate:143 com.cvte.tv.hotkey.TvApplication.onCreate:35 android.app.Instrumentation.callApplicationOnCreate:1011 
01-02 08:00:04.286  2166  2166 W ContextImpl: Implicit intents with startService are not safe: Intent { act=com.cvte.tv.api.TV_API_SERVICE } android.content.ContextWrapper.bindService:517 com.cvte.tv.api.TvApiApplication.onCreate:143 com.cvte.tv.hotkey.TvApplication.onCreate:35 
01-02 08:00:04.309  2077  2077 D HiMW_jni_manager: JNI_OnLoad
01-02 08:00:04.309  2077  2077 D HiMW_jni_manager: INFO: DTVClient native registration Ok
01-02 08:00:04.310  2077  2077 D HiMW_jni_manager: INFO: AtvChannelClient native registration OK
01-02 08:00:04.313  2077  2077 D HiMW_jni_manager: INFO: audioClient native registration Ok
01-02 08:00:04.321  2077  2077 D HiMW_jni_manager: INFO: FactoryClient native registration ok
01-02 08:00:04.322  1999  2003 D dalvikvm: GC_CONCURRENT freed 53K, 3% free 3985K/4068K, paused 0ms+6ms, total 85ms
01-02 08:00:04.325  2077  2077 D HiMW_jni_manager: INFO: HdmiceciClient native registration Ok
01-02 08:00:04.325  2077  2077 D HiMW_jni_manager: INFO: PcsettingClient native registration Ok
01-02 08:00:04.327  2077  2077 D HiMW_jni_manager: INFO: SourcemanagerClient native registration ok
01-02 08:00:04.328  2077  2077 D HiMW_jni_manager: INFO: SystemsettingClient native registration ok
01-02 08:00:04.329  2077  2077 D HiMW_jni_manager: INFO: Video3dClient native registration OK
01-02 08:00:04.333  1400  1400 D dalvikvm: GC_EXPLICIT freed 2K, 10% free 3144K/3468K, paused 38ms+9ms, total 115ms
01-02 08:00:04.338  2077  2077 D HiMW_jni_manager: INFO: PictureClient native registration ok
01-02 08:00:04.342  2093  2093 W InputAttributes: No editor info for this field. Bug?
01-02 08:00:04.348  2077  2077 D HiMW_jni_manager: INFO: CusExClient native registration ok
01-02 08:00:04.348  2077  2077 D HiMW_jni_manager: INFO: native_init enter
01-02 08:00:04.349  2077  2077 D HiMW_jni_manager: INFO: android_hitvmanager_native_setup enter!
01-02 08:00:04.349  2077  2077 D HiMW_lts_tvclient: constructor
01-02 08:00:04.349  2077  2077 E HiMW_jni_manager: registCallback!!!
01-02 08:00:04.349  2077  2077 D HiMW_lts_tvmanager: setListener
01-02 08:00:04.349  2077  2077 D HiMW_lts_tvclient: connect TVServer
01-02 08:00:04.350  2077  2077 E HiMW_lts_itvservice: connect, 31!
01-02 08:00:04.350  1412  1993 I HiMW_lts_itvservice: CONNECT!
01-02 08:00:04.350  1412  1993 D HiMW_lts_tvservice: entern connect, client pid = 2077
01-02 08:00:04.350  1412  1993 D HiMW_lts_tvservice: mClients.size = 2 
01-02 08:00:04.350  2077  2077 I HiMW_lts_itvservice: connect, 43, 0!
01-02 08:00:04.350  2077  2077 I HitvManager: mNativeContext   :1534320672
01-02 08:00:04.350  2077  2077 D TVApiPictureImpl: TVApiPictureImpl constructor
01-02 08:00:04.359  2077  2077 D TVApiSystemBlueScreenImpl: <---TVApiSystemBlueScreenImpl--->
01-02 08:00:04.371  2077  2077 D tv-api  : [TVApiSystemInputSourceImpl.java:92]: TVApiSystemInputSourceImpl constructor 
01-02 08:00:04.380  2093  2093 I ResourceUtils: Found default value: resource=keypress_vibration_durations build=[HARDWARE=hi3751 MODEL=HiDPTAndroid_Hi3751V320 BRAND=HiDPTAndroid MANUFACTURER=Hisilicon] default=-1
01-02 08:00:04.384  2093  2093 I ResourceUtils: Found default value: resource=keypress_volumes build=[HARDWARE=hi3751 MODEL=HiDPTAndroid_Hi3751V320 BRAND=HiDPTAndroid MANUFACTURER=Hisilicon] default=-1.0f
01-02 08:00:04.390  2077  2077 D TVApiTVScanDTMBImpl: <---TVApiTVScanDTMBImpl--->
01-02 08:00:04.411  2077  2077 D tv-api  : [TVApiSystemSignalImpl.java:63]: TVApiSystemSignalImpl constructor
01-02 08:00:04.419  1400  1400 D dalvikvm: GC_EXPLICIT freed <1K, 10% free 3144K/3468K, paused 1ms+1ms, total 82ms
01-02 08:00:04.421  2077  2077 D TVApiDTVEPGImpl: TVApiDTVEPGImpl constructor, Need to init first.
01-02 08:00:04.424  2093  2093 E ActivityThread: Failed to find provider info for user_dictionary
01-02 08:00:04.429  2077  2077 D TVApiSoundSpeakerOutImpl: <--- TVApiSoundSpeakerOutImpl --->
01-02 08:00:04.429  2093  2186 I LatinIME:LogUtils: Dictionary info: dictionary = userunigram.en_US.dict ; version = ? ; date = ?
01-02 08:00:04.435  2166  2166 D TvApiApplication: getTvApi getSystemService = false
01-02 08:00:04.435  2166  2166 D TvApiApplication: getTvApi startService
01-02 08:00:04.437  2077  2077 D TVApiPictureGammaImpl: TVApiPictureImpl constructor
01-02 08:00:04.440  2166  2166 W ContextImpl: Calling a method in the system process without a qualified user: android.app.ContextImpl.startService:1526 android.content.ContextWrapper.startService:494 com.cvte.tv.api.TvApiApplication.getTvApi:165 com.cvte.tv.hotkey.at.job.CvteFactoryManager.<init>:300 com.cvte.tv.hotkey.at.job.CvteFactoryManager.getInstance:327 
01-02 08:00:04.441  2166  2166 W ContextImpl: Implicit intents with startService are not safe: Intent { act=com.cvte.tv.api.TV_API_SERVICE } android.content.ContextWrapper.startService:494 com.cvte.tv.api.TvApiApplication.getTvApi:165 com.cvte.tv.hotkey.at.job.CvteFactoryManager.<init>:300 
01-02 08:00:04.443  2093  2187 I LatinIME:LogUtils: Dictionary info: dictionary = UserHistoryDictionary.en_US.dic ; version = ? ; date = 1521203645
01-02 08:00:04.444  2166  2166 W ContextImpl: Calling a method in the system process without a qualified user: android.app.ContextImpl.bindService:1590 android.content.ContextWrapper.bindService:517 com.cvte.tv.api.TvApiApplication.getTvApi:166 com.cvte.tv.hotkey.at.job.CvteFactoryManager.<init>:300 com.cvte.tv.hotkey.at.job.CvteFactoryManager.getInstance:327 
01-02 08:00:04.446  2077  2077 D TVApiSoundSpeakerOutImpl: <--- TVApiSoundSpeakerOutImpl --->
01-02 08:00:04.449  2166  2166 W ContextImpl: Implicit intents with startService are not safe: Intent { act=com.cvte.tv.api.TV_API_SERVICE } android.content.ContextWrapper.bindService:517 com.cvte.tv.api.TvApiApplication.getTvApi:166 com.cvte.tv.hotkey.at.job.CvteFactoryManager.<init>:300 
01-02 08:00:04.450  2166  2166 D TvApiApplication: getTvApi getSystemService = false
01-02 08:00:04.452  2166  2166 D TvApiApplication: getTvApi startService
01-02 08:00:04.453  2166  2166 W ContextImpl: Calling a method in the system process without a qualified user: android.app.ContextImpl.startService:1526 android.content.ContextWrapper.startService:494 com.cvte.tv.api.TvApiApplication.getTvApi:165 com.cvte.tv.hotkey.HotkeyService.onCreate:2212 android.app.ActivityThread.handleCreateService:2572 
01-02 08:00:04.454  2093  2096 D dalvikvm: GC_CONCURRENT freed 231K, 7% free 3609K/3868K, paused 3ms+5ms, total 55ms
01-02 08:00:04.459  2166  2166 W ContextImpl: Implicit intents with startService are not safe: Intent { act=com.cvte.tv.api.TV_API_SERVICE } android.content.ContextWrapper.startService:494 com.cvte.tv.api.TvApiApplication.getTvApi:165 com.cvte.tv.hotkey.HotkeyService.onCreate:2212 
01-02 08:00:04.459  2093  2188 I LatinIME:LogUtils: Dictionary info: dictionary = personalization.en_US.dict ; version = ? ; date = 86440
01-02 08:00:04.462  2166  2166 W ContextImpl: Calling a method in the system process without a qualified user: android.app.ContextImpl.bindService:1590 android.content.ContextWrapper.bindService:517 com.cvte.tv.api.TvApiApplication.getTvApi:166 com.cvte.tv.hotkey.HotkeyService.onCreate:2212 android.app.ActivityThread.handleCreateService:2572 
01-02 08:00:04.463  2166  2166 W ContextImpl: Implicit intents with startService are not safe: Intent { act=com.cvte.tv.api.TV_API_SERVICE } android.content.ContextWrapper.bindService:517 com.cvte.tv.api.TvApiApplication.getTvApi:166 com.cvte.tv.hotkey.HotkeyService.onCreate:2212 
01-02 08:00:04.469  2093  2189 I LatinIME:LogUtils: Dictionary info: dictionary = PersonalizationPredictionDictio ; version = ? ; date = 86440
01-02 08:00:04.471  2077  2077 I service : Service Version = 1.6
01-02 08:00:04.474  2077  2077 W ContextImpl: Calling a method in the system process without a qualified user: android.app.ContextImpl.startService:1526 android.content.ContextWrapper.startService:494 com.cvte.tv.api.TvApiService.onCreate:457 android.app.ActivityThread.handleCreateService:2572 android.app.ActivityThread.access$1800:135 
01-02 08:00:04.475  2077  2077 W ContextImpl: Implicit intents with startService are not safe: Intent { act=com.cvte.tv.api.TV_SERVICE } android.content.ContextWrapper.startService:494 com.cvte.tv.api.TvApiService.onCreate:457 android.app.ActivityThread.handleCreateService:2572 
01-02 08:00:04.479  2166  2166 I MountActionReceiver: UsbPath = 
01-02 08:00:04.502  1904  2162 I ActivityManager: Start proc com.cvte.fac.menu for broadcast com.cvte.fac.menu/.receiver.MountActionReceiver: pid=2191 uid=1000 gids={41000, 3003, 1028, 1023, 1015, 3002, 3001}
01-02 08:00:04.505  2077  2077 D tv-api  : [TvApiService.java:782]: ==>>> TvApiService.onCreate isPowerOnInLauncher true, switch source to 13
01-02 08:00:04.506  2077  2077 D tv-api  : [TvManagerHelper.java:134]: ===>> instance or mDTV is null, Need to reinit...
01-02 08:00:04.506  2077  2077 D tv-api  : [TvManagerHelper.java:99]: ==>> TvManagerHelper => context... 
01-02 08:00:04.511  2077  2077 V LocalDTV: LocalDTV created by dtv-live://plugin.libhidtv_plugin.libhipvr_plugin.libhidtv_multiroom_plugin.
01-02 08:00:04.524  2077  2077 D DTV_JNI : JNI_OnLoad
01-02 08:00:04.524  2077  2077 D DTV_JNI : INFO: DTVClient native registration Ok
01-02 08:00:04.527  2077  2077 D HiDtvMediaPlayer: HiDtvMediaPlayer()
01-02 08:00:04.527  2077  2077 D DTV_JNI : INFO: android_DTV_native_setup enter
01-02 08:00:04.527  2077  2077 D DTVClient: constructor
01-02 08:00:04.527  2077  2077 D DTVClient: setListener
01-02 08:00:04.529  2077  2077 D DTV_JNI : INFO: setDTV enter
01-02 08:00:04.529  2077  2077 D DTV_JNI : INFO: setDTV enter 1
01-02 08:00:04.529  2077  2077 D DTV_JNI : INFO: setDTV enter 2
01-02 08:00:04.529  2077  2077 D DTV_JNI : INFO: android_DTV_setPlugins enter
01-02 08:00:04.529  2077  2077 D DTV_JNI : setPlugins: dtv-live://plugin.libhidtv_plugin.libhipvr_plugin.libhidtv_multiroom_plugin
01-02 08:00:04.529  2077  2077 D DTVClient: setPlugin(dtv-live://plugin.libhidtv_plugin.libhipvr_plugin.libhidtv_multiroom_plugin)
01-02 08:00:04.529  2077  2077 D DTVClient: connectDTVServer
01-02 08:00:04.531  1411  1666 D natvieDTVService: entern connect, client pid = 2077
01-02 08:00:04.531  1411  1666 D natvieDTVService: mClients.size = 1 
01-02 08:00:04.531  1999  1999 D BluetoothAdapter: 1100509824: getState() :  mService = null. Returning STATE_OFF
01-02 08:00:04.531  1411  1667 D natvieDTVService: entern setPlugin dtv-live://plugin.libhidtv_plugin.libhipvr_plugin.libhidtv_multiroom_plugin
01-02 08:00:04.531  1411  1667 D natvieDTVService: [registerPlugin] regist DTV plugin libhidtv_multiroom_plugin.so
01-02 08:00:04.532  1411  1667 E natvieDTVService: [registerPlugin], dlopen(libhidtv_multiroom_plugin.so) failed, err: dlopen failed: library "libhidtv_multiroom_plugin.so" not found
01-02 08:00:04.532  1411  1667 D natvieDTVService: [registerPlugin] regist DTV plugin libhipvr_plugin.so
01-02 08:00:04.539  2093  2185 I LatinIME:LogUtils: Dictionary info: dictionary = main:en ; version = 42 ; date = 1381226429
01-02 08:00:04.539  1411  1667 D natvieDTVService: Create Instance OK 
01-02 08:00:04.540  1411  1667 D natvieDTVService: [registerPlugin] regist DTV plugin libhidtv_plugin.so
01-02 08:00:04.540  1411  1667 D natvieDTVService: plugin[libhidtv_plugin.so] already opened 
01-02 08:00:04.540  2077  2077 V LocalDTV: +++ mHiDtvMediaPlayer=com.dolphin.dtv.HiDtvMediaPlayer@419e7580
01-02 08:00:04.540  2077  2077 V LcoalChannelManager: LcoalChannelManager()
01-02 08:00:04.541  2077  2077 V LocalPlayerManager: public LocalPlayerManager(LocalDTV localDTV)
01-02 08:00:04.541  2077  2077 V LocalPlayerManager: createPlayer:newPlayerID = 0
01-02 08:00:04.541  2077  2077 V LocalPlayer: public LocalPlayer(LocalDTV localDTV,playerID = 0)
01-02 08:00:04.541  2077  2077 V LocalTeletextControl: LocalTeletextControl ttxCtrlType = 1
01-02 08:00:04.541  2077  2077 V LocalTimeShift: public LocalTimeShift(HiDtvMediaPlayer hiDtvMediaPlayer)
01-02 08:00:04.542  2077  2077 D HiDtvMediaPlayer: getDeliverSystemCount
01-02 08:00:04.543  2191  2191 E Environment: canonicalPath = /storage/sdcard
01-02 08:00:04.545  2077  2077 D HiDtvMediaPlayer: getDeliverSystemList networkType= 64 nPos=0,nNum=100
01-02 08:00:04.547  2077  2077 D HiDtvMediaPlayer: getDeliverSystemList networkType= 64 nPos=1,nNum=100
01-02 08:00:04.547  1411  1667 E dtv_svr_dbTable_1411: [86404547 ERROR-dtv_svr_dbTable_1411]:SVR_DB_Table_GetByCondition[789]:errno:0xffffffff, can't find the record, position=1, recNum = 1
01-02 08:00:04.547  2077  2077 V LocalNetworkManager: setNetworkType
01-02 08:00:04.547  2077  2077 D HiDtvMediaPlayer: setNetwork  id:17type64cmd:2649
01-02 08:00:04.548  1411  1411 E dtv_adp_dtvPlg_1411: [86404548 ERROR-dtv_adp_dtvPlg_1411]:invoke[3773]:CMD_PM_SetNetworkByNetWorkID s32NetworkID 17  s32NetworkSignalType 64 
01-02 08:00:04.548  1411  1411 E dtv_adp_dtvMan_1411: [86404548 ERROR-dtv_adp_dtvMan_1411]:setNetwork[2095]: setNetwork s32SignalType  64 
01-02 08:00:04.548  1411  1411 E dtv_adp_dtvMan_1411: [86404548 ERROR-dtv_adp_dtvMan_1411]:setNetwork[2105]: setNetwork u32ConflictTunerInfoNum  0 
01-02 08:00:04.548  1411  1411 E dtv_adp_dtvMan_1411: [86404548 ERROR-dtv_adp_dtvMan_1411]:setNetwork[2106]: setNetwork u32TunerInfoNumToSetting  0 
01-02 08:00:04.548  1411  1411 E dtv_adp_dtvMan_1411: [86404548 ERROR-dtv_adp_dtvMan_1411]:setNetwork[2110]: setNetwork the same  0 
01-02 08:00:04.552  2077  2077 D HiDtvMediaPlayer: setNetwork  ret:0
01-02 08:00:04.552  2077  2077 V HiDtvMediaPlayer: rebuildAllGroup
01-02 08:00:04.552  1411  1666 E dtv_adp_pm_1411: [86404552 ERROR-dtv_adp_pm_1411]:getCurrentSignalType[3055]:getCurrentSignalType: u32TunerInfoID 0  enSignalType = 64
01-02 08:00:04.552  2077  2077 D HiDtvMediaPlayer: rebuildAllGroup
01-02 08:00:04.552  2077  2077 V LocalDTVConfig: LocalDTV construct
01-02 08:00:04.552  2077  2077 V LocalDTVConfig: LocalDTVConfig: set string value
01-02 08:00:04.552  2077  2077 D HiDtvMediaPlayer: set string value
01-02 08:00:04.558  2077  2077 I tv-api  : [TvManagerHelper.java:464]: ===>>>set main source begin current source  = 22
01-02 08:00:04.560  2077  2081 D dalvikvm: GC_CONCURRENT freed 174K, 6% free 3632K/3828K, paused 2ms+1ms, total 53ms
01-02 08:00:04.573  1412  1441 I HiMW_ply_sourcemanager: [selectSource][134]: start source 13
01-02 08:00:04.573  1412  1699 I HiMW_ply_sourcemanager: select source to 13 begin..
01-02 08:00:04.574  2077  2077 E tv-api  : [TvManagerHelper.java:398]: ===>>>waitValideSource begin
01-02 08:00:04.574  2077  2077 I tv-api  : [TvManagerHelper.java:473]: ===>>>set Media source check current source  = 13 ret = 0 boot = 9 lasttime = 0
01-02 08:00:04.577  1412  1699 I HiMW_drv_avplayextend: hiavplay constructed!
01-02 08:00:04.579  2077  2077 I tv-api  : [TvManagerHelper.java:372]: get Current Source count = 0
01-02 08:00:04.581  2077  2077 D tv-api  : [TVApiSystemInputSourceImpl.java:448]: ==>>> start to notifySystemInputSourceChange getCurrentSource = 13
01-02 08:00:04.581  2077  2077 D HiDtvMediaPlayer: UnSubscribeEvent(11796488)
01-02 08:00:04.582  2077  2077 D HiDtvMediaPlayer: UnSubscribeEvent(11796483)
01-02 08:00:04.582  2077  2077 D HiDtvMediaPlayer: UnSubscribeEvent(11796485)
01-02 08:00:04.583  1411  1411 E dtv_adp_dtvMan_1411: [86404583 ERROR-dtv_adp_dtvMan_1411]:getCurrentNetworkType[2002]:getCurrentNetworkType: s32RfTunerStatus= 0
01-02 08:00:04.583  1411  1411 E dtv_adp_dtvMan_1411: [86404583 ERROR-dtv_adp_dtvMan_1411]:getCurrentNetworkType[2012]:getCurrentNetworkType: u32TunerInfoID 0  enSignalType = 64
01-02 08:00:04.583  2077  2077 D HiDtvMediaPlayer: CMD_PM_GetCurrentNetworkType = 64
01-02 08:00:04.583  2077  2077 D HiDtvMediaPlayer: releasePlayResource(0),type(0)
01-02 08:00:04.584  1411  1666 E dtv_adp_av_1411: [86404584 ERROR-dtv_adp_av_1411]:openHistoryDispose[840]:HI_SVR_HISTORY_Open(HI_SVR_HISTORY_ID_MAIN_TV, &stHistoryAttr) fail:8257541
01-02 08:00:04.584  1411  1666 E dtv_adp_av_1411: [86404584 ERROR-dtv_adp_av_1411]:HiAVAdapter[656]:openHistoryDispose() fail:8257541
01-02 08:00:04.594  2191  2191 W ContextImpl: Calling a method in the system process without a qualified user: android.app.ContextImpl.startService:1526 android.content.ContextWrapper.startService:494 com.cvte.tv.api.TvApiApplication.onCreate:142 com.cvte.fac.menu.FactoryMenuApplication.onCreate:21 android.app.Instrumentation.callApplicationOnCreate:1011 
01-02 08:00:04.595  2191  2191 W ContextImpl: Implicit intents with startService are not safe: Intent { act=com.cvte.tv.api.TV_API_SERVICE } android.content.ContextWrapper.startService:494 com.cvte.tv.api.TvApiApplication.onCreate:142 com.cvte.fac.menu.FactoryMenuApplication.onCreate:21 
01-02 08:00:04.597  2191  2191 W ContextImpl: Implicit intents with startService are not safe: Intent { act=com.cvte.tv.api.TV_API_SERVICE } android.content.ContextWrapper.bindService:517 com.cvte.tv.api.TvApiApplication.onCreate:143 com.cvte.fac.menu.FactoryMenuApplication.onCreate:21 
01-02 08:00:04.597  2191  2191 W ContextImpl: Calling a method in the system process without a qualified user: android.app.ContextImpl.bindService:1590 android.content.ContextWrapper.bindService:517 com.cvte.tv.api.TvApiApplication.onCreate:143 com.cvte.fac.menu.FactoryMenuApplication.onCreate:21 android.app.Instrumentation.callApplicationOnCreate:1011 
01-02 08:00:04.600  2191  2191 I MountActionReceiver: UsbPath = /mnt/sda1
01-02 08:00:04.603  2077  2077 D tv-api  : [TVApiSystemSignalImpl.java:90]: ResetTimer source = 13 ======= mNoSignalTime = 900
01-02 08:00:04.604  2077  2077 E CvteATServiceBase: CvteFacAPI.getInstance = class com.cvte.tv.api.TvApiService
01-02 08:00:04.605  2077  2077 E CvteATServiceBase: SupportSourceList Enter
01-02 08:00:04.605  2077  2077 D tv-api  : [TVApiSystemInputSourceImpl.java:337]: eventSystemInputSourceGetList
01-02 08:00:04.609  2077  2077 I tv-api  : [TVApiSystemInputSourceImpl.java:134]: ===>>> generateInputSourceList ==>>> bootSrc(source) = 9
01-02 08:00:04.610  2077  2077 D tv-api  : [TVApiSystemInputSourceImpl.java:144]: ==>> bootSrc(fixed) = 9 ---- curSourceId = 13
01-02 08:00:04.613  2077  2077 D tv-api  : [TVApiSystemInputSourceImpl.java:150]: mSourceList is [0, 3, 7, 9, 10, 13, 14]
01-02 08:00:04.614  2077  2077 D tv-api  : [TVApiSystemInputSourceImpl.java:151]: mAvailSourceList is []
01-02 08:00:04.614  2077  2077 D tv-api  : [TVApiSystemInputSourceImpl.java:152]: mSourceList.size() = 7
01-02 08:00:04.616  2077  2077 D tv-api  : [TVApiSystemInputSourceImpl.java:322]: ==>>> Now the curSrc id = 9; name = HDMI 1
01-02 08:00:04.620  2077  2077 I tv-api  : [TvManagerHelper.java:372]: get Current Source count = 0
01-02 08:00:04.620  2077  2077 D tv-api  : [TVApiSystemInputSourceImpl.java:448]: ==>>> start to notifySystemInputSourceChange getCurrentSource = 13
01-02 08:00:04.620  2077  2077 D HiDtvMediaPlayer: UnSubscribeEvent(11796488)
01-02 08:00:04.621  2077  2077 D HiDtvMediaPlayer: UnSubscribeEvent(11796483)
01-02 08:00:04.621  2077  2077 D HiDtvMediaPlayer: UnSubscribeEvent(11796485)
01-02 08:00:04.622  1411  1667 E dtv_adp_dtvMan_1411: [86404622 ERROR-dtv_adp_dtvMan_1411]:getCurrentNetworkType[2002]:getCurrentNetworkType: s32RfTunerStatus= 0
01-02 08:00:04.622  1411  1667 E dtv_adp_dtvMan_1411: [86404622 ERROR-dtv_adp_dtvMan_1411]:getCurrentNetworkType[2012]:getCurrentNetworkType: u32TunerInfoID 0  enSignalType = 64
01-02 08:00:04.622  2077  2077 D HiDtvMediaPlayer: CMD_PM_GetCurrentNetworkType = 64
01-02 08:00:04.622  2077  2077 D HiDtvMediaPlayer: releasePlayResource(0),type(0)
01-02 08:00:04.623  2077  2077 D tv-api  : [TVApiSystemSignalImpl.java:90]: ResetTimer source = 13 ======= mNoSignalTime = 900
01-02 08:00:04.625  2077  2077 E CvteATServiceBase: Init SrcList.size()=5
01-02 08:00:04.625  2077  2077 E CvteATServiceBase: SupportSourceList SrcList.size()=5
01-02 08:00:04.626  2077  2077 E CvteATServiceBase: OrgSrc = INPUTSOURCE_ATV SupportSourceList <0> = atv SrcID=0
01-02 08:00:04.628  2077  2077 E CvteATServiceBase: OrgSrc = INPUTSOURCE_AV SupportSourceList <1> = av1 SrcID=3
01-02 08:00:04.628  2077  2077 E CvteATServiceBase: OrgSrc = INPUTSOURCE_YPBPR SupportSourceList <2> = ypbpr1 SrcID=7
01-02 08:00:04.628  2077  2077 E CvteATServiceBase: OrgSrc = INPUTSOURCE_HDMI SupportSourceList <3> = hdmi1 SrcID=9
01-02 08:00:04.628  2077  2077 E CvteATServiceBase: OrgSrc = INPUTSOURCE_HDMI SupportSourceList <4> = hdmi2 SrcID=10
01-02 08:00:04.629  2077  2077 D tv-api  : [TVApiSystemInputSourceImpl.java:354]: eventSystemInputSourceGetInputSource
01-02 08:00:04.629  2077  2077 I tv-api  : [TvManagerHelper.java:372]: get Current Source count = 0
01-02 08:00:04.631  2077  2077 E CvteATServiceBase: EFUSE MAC:a2:b0:c0:de:2d:b3
01-02 08:00:04.631  2077  2077 E CvteATServiceBase: mac_netcard-->a2:b0:c0:de:2d:b3
01-02 08:00:04.631  2077  2077 E CvteATServiceBase: SystemCmd -->initfacdata<--
01-02 08:00:04.633  1904  2148 I ActivityManager: Start proc com.google.android.gms.persistent for broadcast com.google.android.gms/.chimera.GmsIntentOperationService$PersistentTrustedReceiver: pid=2208 uid=10001 gids={50001, 3003, 1007, 1023, 1028, 1015, 3002, 3001, 3007, 2001, 3006}
01-02 08:00:04.638  1999  2206 E ActivityThread: Failed to find provider info for com.android.contacts
01-02 08:00:04.645  1999  1999 V WindowManager: addView from package com.android.systemui
01-02 08:00:04.659  1999  1999 D PhoneStatusBar: disable: < expand icons alerts ticker system_info back home recent clock search >
01-02 08:00:04.664  2208  2208 E Environment: canonicalPath = /storage/sdcard
01-02 08:00:04.682  1412  1699 D HiMW_com_convert: mw2SdkNonLinear ====> 96 + 1.28 * 25 = 128
01-02 08:00:04.682  1412  1699 D HiMW_com_convert: mw2SdkNonLinear ====> 96 + 1.28 * 25 = 128
01-02 08:00:04.682  1412  1699 D HiMW_com_convert: mw2SdkNonLinear ====> 64 + 2.56 * 25 = 128
01-02 08:00:04.682  1412  1699 D HiMW_com_convert: mw2SdkNonLinear ====> 50 + 1.60 * 25 = 90
01-02 08:00:04.683  1412  1699 I HiMW_drv_panelctrl: setDynamicBL status is already = 0
01-02 08:00:04.683  1412  1699 I HiMW_ply_tv: [start][317]: ummute!!
01-02 08:00:04.683  1412  1699 I HiMW_drv_audiomanage: Mute:port(80),type(0:0)
01-02 08:00:04.683  1412  1699 I HiMW_drv_audiomanage: Mute:port(80),type(1:0)
01-02 08:00:04.683  1412  1699 I HiMW_drv_audiomanage: Mute:port(80),type(2:0)
01-02 08:00:04.683  1412  1699 I HiMW_drv_audiomanage: Mute:port(80),type(3:0)
01-02 08:00:04.683  1412  1699 I HiMW_drv_audiomanage: Mute:port(80),type(4:0)
01-02 08:00:04.683  1412  1699 I HiMW_drv_audiomanage: Mute:port(80),type(5:0)
01-02 08:00:04.683  1412  1699 I HiMW_drv_audiomanage: Mute:port(80),type(6:0)
01-02 08:00:04.683  1412  1699 I HiMW_drv_audiomanage: Mute:port(80),type(7:0)
01-02 08:00:04.683  1412  1699 I HiMW_drv_audiomanage: Mute:port(80),type(8:0)
01-02 08:00:04.683  1412  1699 I HiMW_drv_audiomanage: Mute:port(80),type(9:0)
01-02 08:00:04.683  1412  1699 I HiMW_drv_audiomanage: Mute:port(80),type(10:0)
01-02 08:00:04.683  1412  1699 I HiMW_drv_audiomanage: Mute:port(80),type(11:0)
01-02 08:00:04.683  1412  1699 I HiMW_drv_audiomanage: Mute:port(80),type(12:0)
01-02 08:00:04.683  1412  1699 I HiMW_drv_audiomanage: Mute:port(80),type(13:0)
01-02 08:00:04.683  1412  1699 I HiMW_ply_sourcemanager: select source to 13 finish!
01-02 08:00:04.684  2150  2150 D JniHelper: JniHelper::setJavaVM(0x41577f88), pthread_self() = 1074458964
01-02 08:00:04.684  2150  2150 D main    : cocos_android_app_init
01-02 08:00:04.690  1412  1657 I HiMW_adp_notify: ### received notify msg: 65543 ###
01-02 08:00:04.690  1412  1657 D HiMW_lts_tvservice: Notify<Client:0xb89ebe80 Type:65543>
01-02 08:00:04.690  1412  1657 D HiMW_lts_tvservice: Notify<Client:0xb89ec0e0 Type:65543>
01-02 08:00:04.690  1402  1629 D HiMW_lts_tvclient: callback application type=65543
01-02 08:00:04.690  1402  1629 D HiMW_lts_tvmanager: enter notifyReceived type=65543
01-02 08:00:04.690  1402  1629 D HiMW_lts_tvclient: back from callback
01-02 08:00:04.691  2077  2095 D HiMW_lts_tvclient: callback application type=65543
01-02 08:00:04.691  2077  2095 D HiMW_lts_tvmanager: enter notifyReceived type=65543
01-02 08:00:04.691  2077  2095 D HiMW_lts_tvmanager: notifyReceived
01-02 08:00:04.691  2077  2095 D HiMW_jni_manager: INFO: notify enter type=65543
01-02 08:00:04.691  2077  2095 E HitvManager: postEventFromNative enter!
01-02 08:00:04.691  2077  2095 E HitvManager: postEvent what=65543
01-02 08:00:04.691  2077  2095 E HitvManager: postEvent obtanMessage what=65543
01-02 08:00:04.691  2077  2095 E HitvManager: postEvent sendMessage what=65543
01-02 08:00:04.691  2077  2095 D HiMW_lts_tvclient: back from callback
01-02 08:00:04.700  1904  1916 W ActivityManager: Unable to start service Intent { act=com.enhance.gameservice.IGameTuningService pkg=com.enhance.gameservice } U=0: not found
01-02 08:00:04.709  1999  1999 D BluetoothAdapter: 1100509824: getState() :  mService = null. Returning STATE_OFF
01-02 08:00:04.709  1999  1999 D BluetoothAdapter: 1100509824: getState() :  mService = null. Returning STATE_OFF
01-02 08:00:04.715  1999  1999 D PhoneStatusBar: heads up is disabled
01-02 08:00:04.730  1999  1999 D PhoneStatusBar: mSettingsPanelGravity = 8388661
01-02 08:00:04.739  2150  2150 D Cocos2dxActivity: model=HiDPTAndroid_Hi3751V320
01-02 08:00:04.739  2150  2150 D Cocos2dxActivity: product=CVTE_Hi3751V320_512M
01-02 08:00:04.739  2150  2150 D Cocos2dxActivity: isEmulator=false
01-02 08:00:04.742  1999  1999 I Choreographer: Skipped 38 frames!  The application may be doing too much work on its main thread.
01-02 08:00:04.820  1904  1924 D EthernetDataTracker: Interface eth0 link up
01-02 08:00:04.820  1904  1924 I EthernetDataTracker: PHY Link Up, send EVENT_PHY_LINK_UP
01-02 08:00:04.823  2150  2150 D dalvikvm: GC_FOR_ALLOC freed 149K, 5% free 3507K/3684K, paused 21ms, total 21ms
01-02 08:00:04.824  2150  2150 I dalvikvm-heap: Grow heap (frag case) to 11.360MB for 8294416-byte allocation
01-02 08:00:04.825  1904  1924 W ContextImpl: Calling a method in the system process without a qualified user: android.app.ContextImpl.sendStickyBroadcast:1328 android.net.EthernetDataTracker.postNotification:423 android.net.EthernetDataTracker.access$400:53 android.net.EthernetDataTracker$InterfaceObserver.interfaceLinkStateChanged:123 com.android.server.NetworkManagementService.notifyInterfaceLinkStateChanged:263 
01-02 08:00:04.826  1904  1924 E NetUtils: Interface eth0 LinkUp!
01-02 08:00:04.826  1904  1924 I EthernetService: get EthernetState: 1
01-02 08:00:04.832  1999  2003 D dalvikvm: GC_CONCURRENT freed 112K, 4% free 4263K/4404K, paused 2ms+18ms, total 43ms
01-02 08:00:04.836  2208  2208 W dalvikvm: VFY: unable to resolve static field 816 (PR_SET_DUMPABLE) in Landroid/system/OsConstants;
01-02 08:00:04.837  2208  2208 D dalvikvm: VFY: replacing opcode 0x60 at 0x0009
01-02 08:00:04.842  1904  1984 D Nat464Xlat: requiresClat: netType=9, hasIPv4Address=false
01-02 08:00:04.850  2150  2155 D dalvikvm: GC_CONCURRENT freed 1K, 2% free 11606K/11788K, paused 2ms+3ms, total 26ms
01-02 08:00:04.850  2150  2165 D dalvikvm: WAIT_FOR_CONCURRENT_GC blocked 23ms
01-02 08:00:04.866  2208  2208 I dalvikvm: Could not find method android.os.PowerManager.isInteractive, referenced from method ihj.a
01-02 08:00:04.867  2208  2208 W dalvikvm: VFY: unable to resolve virtual method 2882: Landroid/os/PowerManager;.isInteractive ()Z
01-02 08:00:04.867  2208  2208 D dalvikvm: VFY: replacing opcode 0x6e at 0x0012
01-02 08:00:04.877  2208  2208 I MultiDex: VM with version 1.6.0 does not have multidex support
01-02 08:00:04.877  2208  2208 I MultiDex: install
01-02 08:00:04.881  2208  2208 I MultiDex: MultiDexExtractor.load(/system/priv-app/GooglePlayServices.apk, false)
01-02 08:00:04.903  2208  2208 I MultiDex: loading existing secondary dex files
01-02 08:00:04.929  2208  2208 I MultiDex: load found 4 secondary dex files
01-02 08:00:04.937  1904  1904 I ActivityManager: Start proc com.google.android.gms for service com.google.android.gms/.cast.media.CastRemoteDisplayProviderService: pid=2238 uid=10001 gids={50001, 3003, 1007, 1023, 1028, 1015, 3002, 3001, 3007, 2001, 3006}
01-02 08:00:04.956  2077  2077 I CvteATServiceNative: JNI_OnLoad New type
01-02 08:00:04.956  2077  2077 I CvteATServiceNative: registerNativeMethods
01-02 08:00:04.957  2238  2238 E Environment: canonicalPath = /storage/sdcard
01-02 08:00:04.957  2077  2077 I CvteATServiceNative: mac_get!
01-02 08:00:04.959  2077  2077 I CvteATServiceNative: <MAC> mac[0]=0x00
01-02 08:00:04.959  2077  2077 I CvteATServiceNative: <MAC> mac[1]=0x00
01-02 08:00:04.960  2077  2077 I CvteATServiceNative: <MAC> mac[2]=0x00
01-02 08:00:04.960  2077  2077 I CvteATServiceNative: <MAC> mac[3]=0x00
01-02 08:00:04.960  2077  2077 I CvteATServiceNative: <MAC> mac[4]=0x00
01-02 08:00:04.960  2077  2077 I CvteATServiceNative: <MAC> mac[5]=0x00
01-02 08:00:04.960  2077  2077 I CvteATServiceNative: <MAC> mac Data_addr nulltimes=6, fulltimes=0, 
01-02 08:00:04.974  2208  2208 I MultiDex: install done
01-02 08:00:05.038  2238  2238 W dalvikvm: VFY: unable to resolve static field 816 (PR_SET_DUMPABLE) in Landroid/system/OsConstants;
01-02 08:00:05.038  2238  2238 D dalvikvm: VFY: replacing opcode 0x60 at 0x0009
01-02 08:00:05.061  2238  2238 I dalvikvm: Could not find method android.os.PowerManager.isInteractive, referenced from method ihj.a
01-02 08:00:05.061  2238  2238 W dalvikvm: VFY: unable to resolve virtual method 2882: Landroid/os/PowerManager;.isInteractive ()Z
01-02 08:00:05.061  2238  2238 D dalvikvm: VFY: replacing opcode 0x6e at 0x0012
01-02 08:00:05.063  2238  2238 I MultiDex: VM with version 1.6.0 does not have multidex support
01-02 08:00:05.063  2238  2238 I MultiDex: install
01-02 08:00:05.064  2238  2238 I MultiDex: MultiDexExtractor.load(/system/priv-app/GooglePlayServices.apk, false)
01-02 08:00:05.070  2238  2238 I MultiDex: loading existing secondary dex files
01-02 08:00:05.072  2238  2238 I MultiDex: load found 4 secondary dex files
01-02 08:00:05.078  2238  2238 I MultiDex: install done
01-02 08:00:05.206  2077  2077 E CvteATServiceBase: mac_storage-->ff:ff:ff:ff:ff:f0
01-02 08:00:05.206  2077  2077 E CvteATServiceBase: mac_netcard different mac_storage -->ff:ff:ff:ff:ff:f3
01-02 08:00:05.206  2077  2077 D tv-api  : [TvApiService.java:727]: initMac sys.third.device.ethmac = ff:ff:ff:ff:ff:f3
01-02 08:00:05.209  2077  2077 D tv-api  : [DCRUtils.java:129]: notifyDcrStatus = 0
01-02 08:00:05.234  1999  1999 D OpenGLRenderer: Enabling debug mode 0
01-02 08:00:05.263  2077  2077 D tv-api  : [AgingModeManager.java:231]: tryShowAgingModeView check
01-02 08:00:05.270  2077  2077 E CvteATServiceBase: <<AT>> TvApiService-onStartCommand()
01-02 08:00:05.272  2166  2166 D TvApiApplication: Invoke listener
01-02 08:00:05.274  2077  2077 E CvteATServiceBase: <CVTE-AT> TvApiService-onStartCommand() Create FirstBoot=/sdcard/FirstBoot
01-02 08:00:05.275  2109  2109 D TvApiApplication: serviceConnected = 1
01-02 08:00:05.275  2150  2150 D TvApiApplication: getTvApi getSystemService = false
01-02 08:00:05.275  2150  2150 D TvApiApplication: getTvApi startService
01-02 08:00:05.277  2191  2191 D TvApiApplication: serviceConnected = 1
01-02 08:00:05.284  2077  2077 W ContextImpl: Calling a method in the system process without a qualified user: android.app.ContextImpl.sendBroadcast:1170 android.content.ContextWrapper.sendBroadcast:365 com.cvte.tv.api.TvApiService.StartAT:317 com.cvte.tv.api.TvApiService.access$500:85 com.cvte.tv.api.TvApiService$2.handleMessage:194 
01-02 08:00:05.290  2166  2166 D TvApiApplication: Invoke listener
01-02 08:00:05.290  2166  2166 D TvApiApplication: getTvApi OnConnected 2
01-02 08:00:05.290  2077  2092 D Evan    : TVAPI Get Config Path=/system/menu_config_xml
01-02 08:00:05.308  2150  2150 W ContextImpl: Implicit intents with startService are not safe: Intent { act=com.cvte.tv.api.TV_API_SERVICE } android.content.ContextWrapper.startService:494 com.cvte.tv.api.TvApiApplication.getTvApi:165 com.cvte.tv.launcher.modules.config.LauncherConfigManger.init:56 
01-02 08:00:05.310  2150  2150 W ContextImpl: Implicit intents with startService are not safe: Intent { act=com.cvte.tv.api.TV_API_SERVICE } android.content.ContextWrapper.bindService:517 com.cvte.tv.api.TvApiApplication.getTvApi:166 com.cvte.tv.launcher.modules.config.LauncherConfigManger.init:56 
01-02 08:00:05.332  2077  2077 W System.err: java.io.FileNotFoundException: tvservice1.properties
01-02 08:00:05.344  2077  2077 W System.err: 	at android.content.res.AssetManager.openAsset(Native Method)
01-02 08:00:05.345  2077  2077 W System.err: 	at android.content.res.AssetManager.open(AssetManager.java:316)
01-02 08:00:05.345  2077  2077 W System.err: 	at android.content.res.AssetManager.open(AssetManager.java:290)
01-02 08:00:05.345  2077  2077 W System.err: 	at com.cvte.tv.util.PropertiesUtil.<init>(PropertiesUtil.java:31)
01-02 08:00:05.345  2077  2077 W System.err: 	at com.cvte.tv.util.PropertiesUtil.getInstance(PropertiesUtil.java:54)
01-02 08:00:05.345  2077  2077 W System.err: 	at com.cvte.tv.api.TvService.onStartCommand(TvService.java:35)
01-02 08:00:05.345  2077  2077 W System.err: 	at android.app.ActivityThread.handleServiceArgs(ActivityThread.java:2702)
01-02 08:00:05.345  2077  2077 W System.err: 	at android.app.ActivityThread.access$2100(ActivityThread.java:135)
01-02 08:00:05.345  2077  2077 W System.err: 	at android.app.ActivityThread$H.handleMessage(ActivityThread.java:1293)
01-02 08:00:05.345  2077  2077 W System.err: 	at android.os.Handler.dispatchMessage(Handler.java:102)
01-02 08:00:05.345  2077  2077 W System.err: 	at android.os.Looper.loop(Looper.java:136)
01-02 08:00:05.345  2077  2077 W System.err: 	at android.app.ActivityThread.main(ActivityThread.java:5017)
01-02 08:00:05.346  2077  2077 W System.err: 	at java.lang.reflect.Method.invokeNative(Native Method)
01-02 08:00:05.346  2077  2077 W System.err: 	at java.lang.reflect.Method.invoke(Method.java:515)
01-02 08:00:05.346  2077  2077 W System.err: 	at com.android.internal.os.ZygoteInit$MethodAndArgsCaller.run(ZygoteInit.java:742)
01-02 08:00:05.346  2077  2077 W System.err: 	at com.android.internal.os.ZygoteInit.main(ZygoteInit.java:558)
01-02 08:00:05.346  2077  2077 W System.err: 	at dalvik.system.NativeStart.main(Native Method)
01-02 08:00:05.431  1999  1999 D dalvikvm: GC_FOR_ALLOC freed 70K, 3% free 4308K/4408K, paused 27ms, total 29ms
01-02 08:00:05.431  1999  1999 I dalvikvm-heap: Grow heap (frag case) to 12.142MB for 8294416-byte allocation
01-02 08:00:05.450  1999  2008 D dalvikvm: GC_FOR_ALLOC freed <1K, 1% free 12408K/12512K, paused 19ms, total 19ms
01-02 08:00:05.468  1904  1916 I ActivityManager: Start proc com.google.process.gapps for content provider com.google.android.gsf/.gservices.GservicesProvider: pid=2274 uid=10001 gids={50001, 3003, 1007, 1023, 1028, 1015, 3002, 3001, 3007, 2001, 3006}
01-02 08:00:05.494  2077  2081 D dalvikvm: GC_CONCURRENT freed 325K, 9% free 3719K/4072K, paused 3ms+9ms, total 74ms
01-02 08:00:05.495  1904  2148 D ConnectivityService: mActiveDefaultNetwork = -1
01-02 08:00:05.506  2077  2077 E HitvManager: msg --- what :65543
01-02 08:00:05.507  1999  2003 D dalvikvm: GC_CONCURRENT freed <1K, 1% free 12407K/12512K, paused 2ms+18ms, total 56ms
01-02 08:00:05.507  2077  2077 D tv-api  : [DCRUtils.java:57]: ===> msg = 0
01-02 08:00:05.507  2077  2077 D tv-api  : [DCRUtils.java:38]: ====> reset
01-02 08:00:05.508  2077  2077 D tv-api  : [DCRUtils.java:119]: setBacklightPwm ====> 100
01-02 08:00:05.508  1412  1993 D HiMW_com_convert: mw2SdkNonLinear ====> 192 + 2.52 * 25 = 255
01-02 08:00:05.514  1412  1993 E HI_PDM  : [86405514 ERROR-HI_PDM]:PDM_GetPanelBlPwmRange[1540]:
01-02 08:00:05.514  1412  1993 E HI_PDM  : qiankun ==== [PDM_GetPanelBlPwmRange 1540] ref max = 54 *pu32BlPwmUserMax = 137
01-02 08:00:05.514  1412  1993 D HiMW_drv_pq: =============>SetBackLightPwm [20, 137] - 100 --> 255 --> 137
01-02 08:00:05.530  2150  2150 D TvApiApplication: getTvApi getSystemService = false
01-02 08:00:05.531  2150  2150 D TvApiApplication: getTvApi startService
01-02 08:00:05.533  2150  2150 W ContextImpl: Implicit intents with startService are not safe: Intent { act=com.cvte.tv.api.TV_API_SERVICE } android.content.ContextWrapper.startService:494 com.cvte.tv.api.TvApiApplication.getTvApi:165 com.cvte.tv.launcher.modules.NativeOptionInfo.registerFunc:133 
01-02 08:00:05.534  2274  2274 E Environment: canonicalPath = /storage/sdcard
01-02 08:00:05.541  2150  2150 W ContextImpl: Implicit intents with startService are not safe: Intent { act=com.cvte.tv.api.TV_API_SERVICE } android.content.ContextWrapper.bindService:517 com.cvte.tv.api.TvApiApplication.getTvApi:166 com.cvte.tv.launcher.modules.NativeOptionInfo.registerFunc:133 
01-02 08:00:05.542  2150  2150 W ContextImpl: Implicit intents with startService are not safe: Intent { act=com.cvte.tv.ucservice.api.ITvUCService } android.content.ContextWrapper.startService:494 com.cvte.tv.launcher.modules.NativeMonitor.registerFunc:40 com.cvte.tv.launcher.AppActivity.onCreate:149 
01-02 08:00:05.551  2150  2150 W ContextImpl: Implicit intents with startService are not safe: Intent { act=com.cvte.tv.ucservice.api.ITvUCService } android.content.ContextWrapper.bindService:517 com.cvte.tv.launcher.modules.NativeMonitor.registerFunc:53 com.cvte.tv.launcher.AppActivity.onCreate:149 
01-02 08:00:05.553  2166  2170 D dalvikvm: GC_CONCURRENT freed 275K, 8% free 3513K/3816K, paused 2ms+33ms, total 63ms
01-02 08:00:05.578  2150  2291 W System.err: java.io.FileNotFoundException: /sys/class/net/wlan0/address: open failed: ENOENT (No such file or directory)
01-02 08:00:05.593  2150  2291 W System.err: 	at libcore.io.IoBridge.open(IoBridge.java:409)
01-02 08:00:05.593  2150  2291 W System.err: 	at java.io.FileInputStream.<init>(FileInputStream.java:78)
01-02 08:00:05.593  2150  2291 W System.err: 	at java.io.FileInputStream.<init>(FileInputStream.java:105)
01-02 08:00:05.594  2150  2291 W System.err: 	at java.io.FileReader.<init>(FileReader.java:66)
01-02 08:00:05.594  2150  2291 W System.err: 	at com.cvte.tv.launcher.utils.NetworkUtil.loadFileAsString(NetworkUtil.java:301)
01-02 08:00:05.594  2150  2291 W System.err: 	at com.cvte.tv.launcher.utils.NetworkUtil.getWlanMacAddress(NetworkUtil.java:347)
01-02 08:00:05.598  2150  2291 W System.err: 	at com.cvte.tv.launcher.webserv.WebProxyConstant.<clinit>(WebProxyConstant.java:11)
01-02 08:00:05.598  2150  2291 W System.err: 	at com.cvte.tv.launcher.webserv.WebProxyInterceptor.intercept(WebProxyInterceptor.java:24)
01-02 08:00:05.599  2150  2150 I MengYouSDK: null|-1|start to update
01-02 08:00:05.600  2150  2291 W System.err: 	at retrofit.RestAdapter$RestHandler.invoke(RestAdapter.java:273)
01-02 08:00:05.600  2150  2291 W System.err: 	at $Proxy0.getWeatherInfo(Native Method)
01-02 08:00:05.600  2150  2150 D MengYouSDK: null|-1|Network is unavailable
01-02 08:00:05.600  1904  2162 D ConnectivityService: mActiveDefaultNetwork = -1
01-02 08:00:05.601  2150  2150 D main    : Java_com_cvte_tv_launcher_AppActivity_nativeIsLoadingFinish
01-02 08:00:05.601  2150  2150 D main    : Java_com_cvte_tv_launcher_AppActivity_nativeOnStart begin!
01-02 08:00:05.603  2150  2291 W System.err: 	at com.cvte.tv.launcher.webserv.TvWebClientManager.getWeatherInfo(TvWebClientManager.java:89)
01-02 08:00:05.603  2150  2291 W System.err: 	at com.cvte.tv.launcher.webserv.TvWebClientManager$4.run(TvWebClientManager.java:210)
01-02 08:00:05.603  2150  2291 W System.err: 	at java.lang.Thread.run(Thread.java:841)
01-02 08:00:05.603  2150  2291 W System.err: Caused by: libcore.io.ErrnoException: open failed: ENOENT (No such file or directory)
01-02 08:00:05.605  2150  2291 W System.err: 	at libcore.io.Posix.open(Native Method)
01-02 08:00:05.605  2150  2291 W System.err: 	at libcore.io.BlockGuardOs.open(BlockGuardOs.java:110)
01-02 08:00:05.605  2150  2291 W System.err: 	at libcore.io.IoBridge.open(IoBridge.java:393)
01-02 08:00:05.605  2150  2291 W System.err: 	... 12 more
01-02 08:00:05.619  1904  2148 D ConnectivityService: mActiveDefaultNetwork = -1
01-02 08:00:05.625  2109  2109 W System.err: java.lang.NoSuchMethodException: installPackage [class android.net.Uri, interface android.a.a.a, int, class java.lang.String]
01-02 08:00:05.625  2109  2109 W System.err: 	at java.lang.Class.getConstructorOrMethod(Class.java:472)
01-02 08:00:05.626  2109  2109 W System.err: 	at java.lang.Class.getMethod(Class.java:857)
01-02 08:00:05.626  2109  2109 W System.err: 	at com.cvte.tv.ucservice.f.a(Unknown Source)
01-02 08:00:05.626  2109  2109 W System.err: 	at com.cvte.tv.ucservice.TvUCBlockService.onCreate(Unknown Source)
01-02 08:00:05.626  2109  2109 W System.err: 	at android.app.ActivityThread.handleCreateService(ActivityThread.java:2572)
01-02 08:00:05.626  2109  2109 W System.err: 	at android.app.ActivityThread.access$1800(ActivityThread.java:135)
01-02 08:00:05.626  2109  2109 W System.err: 	at android.app.ActivityThread$H.handleMessage(ActivityThread.java:1278)
01-02 08:00:05.626  2109  2109 W System.err: 	at android.os.Handler.dispatchMessage(Handler.java:102)
01-02 08:00:05.626  2109  2109 W System.err: 	at android.os.Looper.loop(Looper.java:136)
01-02 08:00:05.626  2109  2109 W System.err: 	at android.app.ActivityThread.main(ActivityThread.java:5017)
01-02 08:00:05.626  2109  2109 W System.err: 	at java.lang.reflect.Method.invokeNative(Native Method)
01-02 08:00:05.626  2109  2109 W System.err: 	at java.lang.reflect.Method.invoke(Method.java:515)
01-02 08:00:05.626  2109  2109 W System.err: 	at com.android.internal.os.ZygoteInit$MethodAndArgsCaller.run(ZygoteInit.java:742)
01-02 08:00:05.626  2109  2109 W System.err: 	at com.android.internal.os.ZygoteInit.main(ZygoteInit.java:558)
01-02 08:00:05.626  2109  2109 W System.err: 	at dalvik.system.NativeStart.main(Native Method)
01-02 08:00:05.627  2109  2109 D TvApiApplication: getTvApi OnConnected 2
01-02 08:00:05.630  2166  2166 D dalvikvm: GC_FOR_ALLOC freed 4K, 8% free 3666K/3976K, paused 38ms, total 38ms
01-02 08:00:05.633  2077  2095 E CvteATServiceBase: <CVTE-AT> GetCheckSum=20171030_094412
01-02 08:00:05.671  1904  2149 D ConnectivityService: mActiveDefaultNetwork = -1
01-02 08:00:05.672  2150  2150 D main    : Java_com_cvte_tv_launcher_AppActivity_nativeOnStart end!
01-02 08:00:05.672  2150  2150 D TvApiApplication: getTvApi getSystemService = false
01-02 08:00:05.672  2150  2150 D TvApiApplication: getTvApi startService
01-02 08:00:05.673  2150  2150 W ContextImpl: Implicit intents with startService are not safe: Intent { act=com.cvte.tv.api.TV_API_SERVICE } android.content.ContextWrapper.startService:494 com.cvte.tv.api.TvApiApplication.getTvApi:165 com.cvte.tv.launcher.modules.NativeInputSource.reConnect:75 
01-02 08:00:05.675  2150  2150 W ContextImpl: Implicit intents with startService are not safe: Intent { act=com.cvte.tv.api.TV_API_SERVICE } android.content.ContextWrapper.bindService:517 com.cvte.tv.api.TvApiApplication.getTvApi:166 com.cvte.tv.launcher.modules.NativeInputSource.reConnect:75 
01-02 08:00:05.676  2150  2150 D Cocos2dxActivity: onResume()
01-02 08:00:05.711  2109  2111 D dalvikvm: GC_CONCURRENT freed 284K, 9% free 3508K/3820K, paused 2ms+7ms, total 34ms
01-02 08:00:05.718  2150  2150 I MengYouSDK: null|-1|Extend current session: 484C43DE48447134A1672C64A0D84100
01-02 08:00:05.719  2109  2109 E MengYouSDK: null|-1|onResume called before onPause
01-02 08:00:05.720  2109  2109 I MengYouSDK: null|-1|Extend current session: CF28453A8274AE24DA910D311BC3A130
01-02 08:00:05.746  2166  2166 D dalvikvm: GC_FOR_ALLOC freed 1K, 8% free 3827K/4136K, paused 53ms, total 53ms
01-02 08:00:05.776  2150  2150 D main    : Java_org_cocos2dx_lua_AnnounceJNI_notifyUpdateInfo begin!
01-02 08:00:05.776  2150  2150 D main    : Java_org_cocos2dx_lua_AnnounceJNI_notifyUpdateInfo end!
01-02 08:00:05.780  2150  2150 V WindowManager: addView from package com.cvte.tv.launcher
01-02 08:00:05.809  2150  2150 D TvApiApplication: Invoke listener
01-02 08:00:05.809  2166  2166 D dalvikvm: GC_FOR_ALLOC freed <1K, 8% free 3983K/4296K, paused 25ms, total 25ms
01-02 08:00:05.813  2077  2266 E CvteATServiceBase: <CVTE-AT> GetCheckSum=20171030_094412
01-02 08:00:05.814  2150  2150 D TvApiApplication: Invoke listener
01-02 08:00:05.815  2077  2092 D Evan    : TVAPI Get Config Path=/system/menu_config_xml
