--------- beginning of /dev/log/main
01-01 08:00:03.646  1396  1396 I DEBUG   : debuggerd: Oct 30 2017 09:45:34
01-01 08:00:03.655  1403  1403 I installd: installd firing up
01-01 08:00:03.712  1395  1395 I Netd    : Netd 1.0 starting
01-01 08:00:03.713  1395  1395 W InterfaceController: Warning (dlopen failed: library "/system/lib/libnetcmdiface.so" not found) while opening the net interface command library
--------- beginning of /dev/log/system
01-01 08:00:03.713  1393  1393 I Vold    : Vold 2.1 (the revenge) firing up
01-01 08:00:03.741  1393  1393 D Vold    : [-vold_debug-84] :the service.vold.status is Normal
01-01 08:00:03.741  1393  1393 D Vold    : [-vold_debug-79] :bind /storage/sdcard to /storage/emulated/0 
01-01 08:00:03.805  1393  1393 D VoldCmdListener: [-vold_debug-767] :IsoMountCmd created!
01-01 08:00:03.805  1393  1393 I Vold    : Load vold.emmc.fstab
01-01 08:00:03.805  1393  1393 D Vold    : [-vold_debug-506] :multi_mount!
01-01 08:00:03.805  1393  1393 D Vold    : [-vold_debug-205] :addVolumeDir
01-01 08:00:03.805  1393  1393 D Vold    : [-vold_debug-529] :multi_mount!!
01-01 08:00:03.806  1393  1393 E Vold    :  Vold is Running 
01-01 08:00:03.827  1393  1435 D NetlinkEvent: NL param 'DEVPATH=/devices/virtual/block/ram0'
01-01 08:00:03.827  1393  1435 D NetlinkEvent: NL param 'MAJOR=1'
01-01 08:00:03.827  1393  1435 D NetlinkEvent: NL param 'MINOR=0'
01-01 08:00:03.827  1393  1435 D NetlinkEvent: NL param 'DEVNAME=ram0'
01-01 08:00:03.827  1393  1435 D NetlinkEvent: NL param 'DEVTYPE=disk'
01-01 08:00:03.827  1393  1435 D NetlinkEvent: NL param 'NPARTS=0'
01-01 08:00:03.827  1393  1435 D Vold    : [-vold_debug-214] :vm handleBlockEvent
01-01 08:00:03.827  1393  1435 D DirVolume: [-vold_debug-75] :handleBlockEvent begin
01-01 08:00:03.827  1393  1435 D Vold    : [-vold_debug-233] :No volumes handled block event for '/devices/virtual/block/ram0'
01-01 08:00:03.836  1412  1412 I HiMW_lts_tvservice: TvQuickBoot construct!
01-01 08:00:03.836  1412  1412 D HiMW_lts_tvservice: TVService created
01-01 08:00:03.836  1412  1412 D HiMW_lts_tvservice: TVService instantiate
01-01 08:00:03.837  1393  1435 D NetlinkEvent: NL param 'DEVPATH=/devices/virtual/block/ram1'
01-01 08:00:03.837  1393  1435 D NetlinkEvent: NL param 'MAJOR=1'
01-01 08:00:03.837  1393  1435 D NetlinkEvent: NL param 'MINOR=1'
01-01 08:00:03.837  1393  1435 D NetlinkEvent: NL param 'DEVNAME=ram1'
01-01 08:00:03.837  1393  1435 D NetlinkEvent: NL param 'DEVTYPE=disk'
01-01 08:00:03.837  1393  1435 D NetlinkEvent: NL param 'NPARTS=0'
01-01 08:00:03.837  1393  1435 D Vold    : [-vold_debug-214] :vm handleBlockEvent
01-01 08:00:03.837  1393  1435 D DirVolume: [-vold_debug-75] :handleBlockEvent begin
01-01 08:00:03.837  1393  1435 D Vold    : [-vold_debug-233] :No volumes handled block event for '/devices/virtual/block/ram1'
01-01 08:00:03.849  1412  1440 I HiMW_lts_tvservice: Begin start TV...
01-01 08:00:03.849  1412  1440 I HiMW_adp_module: open middleware library:libhitvmw.so
01-01 08:00:03.857  1393  1435 D NetlinkEvent: NL param 'DEVPATH=/devices/virtual/block/ram2'
01-01 08:00:03.857  1393  1435 D NetlinkEvent: NL param 'MAJOR=1'
01-01 08:00:03.857  1393  1435 D NetlinkEvent: NL param 'MINOR=2'
01-01 08:00:03.857  1393  1435 D NetlinkEvent: NL param 'DEVNAME=ram2'
01-01 08:00:03.857  1393  1435 D NetlinkEvent: NL param 'DEVTYPE=disk'
01-01 08:00:03.857  1393  1435 D NetlinkEvent: NL param 'NPARTS=0'
01-01 08:00:03.857  1393  1435 D Vold    : [-vold_debug-214] :vm handleBlockEvent
01-01 08:00:03.857  1393  1435 D DirVolume: [-vold_debug-75] :handleBlockEvent begin
01-01 08:00:03.858  1393  1435 D Vold    : [-vold_debug-233] :No volumes handled block event for '/devices/virtual/block/ram2'
01-01 08:00:03.861  1393  1435 D NetlinkEvent: NL param 'DEVPATH=/devices/virtual/block/ram3'
01-01 08:00:03.861  1393  1435 D NetlinkEvent: NL param 'MAJOR=1'
01-01 08:00:03.861  1393  1435 D NetlinkEvent: NL param 'MINOR=3'
01-01 08:00:03.861  1393  1435 D NetlinkEvent: NL param 'DEVNAME=ram3'
01-01 08:00:03.861  1393  1435 D NetlinkEvent: NL param 'DEVTYPE=disk'
01-01 08:00:03.861  1393  1435 D NetlinkEvent: NL param 'NPARTS=0'
01-01 08:00:03.861  1393  1435 D Vold    : [-vold_debug-214] :vm handleBlockEvent
01-01 08:00:03.861  1393  1435 D DirVolume: [-vold_debug-75] :handleBlockEvent begin
01-01 08:00:03.861  1393  1435 D Vold    : [-vold_debug-233] :No volumes handled block event for '/devices/virtual/block/ram3'
01-01 08:00:03.879  1393  1435 D NetlinkEvent: NL param 'DEVPATH=/devices/virtual/block/ram4'
01-01 08:00:03.879  1393  1435 D NetlinkEvent: NL param 'MAJOR=1'
01-01 08:00:03.879  1393  1435 D NetlinkEvent: NL param 'MINOR=4'
01-01 08:00:03.879  1393  1435 D NetlinkEvent: NL param 'DEVNAME=ram4'
01-01 08:00:03.879  1393  1435 D NetlinkEvent: NL param 'DEVTYPE=disk'
01-01 08:00:03.879  1393  1435 D NetlinkEvent: NL param 'NPARTS=0'
01-01 08:00:03.879  1393  1435 D Vold    : [-vold_debug-214] :vm handleBlockEvent
01-01 08:00:03.879  1393  1435 D DirVolume: [-vold_debug-75] :handleBlockEvent begin
01-01 08:00:03.879  1393  1435 D Vold    : [-vold_debug-233] :No volumes handled block event for '/devices/virtual/block/ram4'
01-01 08:00:03.905  1393  1435 D NetlinkEvent: NL param 'DEVPATH=/devices/virtual/block/ram5'
01-01 08:00:03.905  1393  1435 D NetlinkEvent: NL param 'MAJOR=1'
01-01 08:00:03.905  1393  1435 D NetlinkEvent: NL param 'MINOR=5'
01-01 08:00:03.905  1393  1435 D NetlinkEvent: NL param 'DEVNAME=ram5'
01-01 08:00:03.905  1393  1435 D NetlinkEvent: NL param 'DEVTYPE=disk'
01-01 08:00:03.905  1393  1435 D NetlinkEvent: NL param 'NPARTS=0'
01-01 08:00:03.905  1393  1435 D Vold    : [-vold_debug-214] :vm handleBlockEvent
01-01 08:00:03.905  1393  1435 D DirVolume: [-vold_debug-75] :handleBlockEvent begin
01-01 08:00:03.905  1393  1435 D Vold    : [-vold_debug-233] :No volumes handled block event for '/devices/virtual/block/ram5'
01-01 08:00:03.911  1393  1435 D NetlinkEvent: NL param 'DEVPATH=/devices/virtual/block/ram6'
01-01 08:00:03.911  1393  1435 D NetlinkEvent: NL param 'MAJOR=1'
01-01 08:00:03.911  1393  1435 D NetlinkEvent: NL param 'MINOR=6'
01-01 08:00:03.911  1393  1435 D NetlinkEvent: NL param 'DEVNAME=ram6'
01-01 08:00:03.911  1393  1435 D NetlinkEvent: NL param 'DEVTYPE=disk'
01-01 08:00:03.911  1393  1435 D NetlinkEvent: NL param 'NPARTS=0'
01-01 08:00:03.911  1393  1435 D Vold    : [-vold_debug-214] :vm handleBlockEvent
01-01 08:00:03.911  1393  1435 D DirVolume: [-vold_debug-75] :handleBlockEvent begin
01-01 08:00:03.911  1393  1435 D Vold    : [-vold_debug-233] :No volumes handled block event for '/devices/virtual/block/ram6'
01-01 08:00:03.929  1393  1435 D NetlinkEvent: NL param 'DEVPATH=/devices/virtual/block/ram7'
01-01 08:00:03.929  1393  1435 D NetlinkEvent: NL param 'MAJOR=1'
01-01 08:00:03.929  1393  1435 D NetlinkEvent: NL param 'MINOR=7'
01-01 08:00:03.929  1393  1435 D NetlinkEvent: NL param 'DEVNAME=ram7'
01-01 08:00:03.929  1393  1435 D NetlinkEvent: NL param 'DEVTYPE=disk'
01-01 08:00:03.929  1393  1435 D NetlinkEvent: NL param 'NPARTS=0'
01-01 08:00:03.929  1393  1435 D Vold    : [-vold_debug-214] :vm handleBlockEvent
01-01 08:00:03.930  1393  1435 D DirVolume: [-vold_debug-75] :handleBlockEvent begin
01-01 08:00:03.930  1393  1435 D Vold    : [-vold_debug-233] :No volumes handled block event for '/devices/virtual/block/ram7'
01-01 08:00:03.932  1424  1424 D ir_user : Creating infrared service thread...
01-01 08:00:03.932  1424  1424 D ir_user : Created infrared service!
01-01 08:00:03.958  1424  1460 D ir_user : StartInfraredService - InfraredService::start()...
01-01 08:00:03.958  1424  1460 D InfraredService: start...
01-01 08:00:03.959  1393  1435 D NetlinkEvent: NL param 'DEVPATH=/devices/virtual/block/ram8'
01-01 08:00:03.959  1393  1435 D NetlinkEvent: NL param 'MAJOR=1'
01-01 08:00:03.959  1393  1435 D NetlinkEvent: NL param 'MINOR=8'
01-01 08:00:03.959  1393  1435 D NetlinkEvent: NL param 'DEVNAME=ram8'
01-01 08:00:03.959  1393  1435 D NetlinkEvent: NL param 'DEVTYPE=disk'
01-01 08:00:03.959  1393  1435 D NetlinkEvent: NL param 'NPARTS=0'
01-01 08:00:03.959  1393  1435 D Vold    : [-vold_debug-214] :vm handleBlockEvent
01-01 08:00:03.959  1393  1435 D DirVolume: [-vold_debug-75] :handleBlockEvent begin
01-01 08:00:03.959  1393  1435 D Vold    : [-vold_debug-233] :No volumes handled block event for '/devices/virtual/block/ram8'
01-01 08:00:03.991  1393  1435 D NetlinkEvent: NL param 'DEVPATH=/devices/virtual/block/ram9'
01-01 08:00:03.991  1393  1435 D NetlinkEvent: NL param 'MAJOR=1'
01-01 08:00:03.991  1393  1435 D NetlinkEvent: NL param 'MINOR=9'
01-01 08:00:03.991  1393  1435 D NetlinkEvent: NL param 'DEVNAME=ram9'
01-01 08:00:03.991  1393  1435 D NetlinkEvent: NL param 'DEVTYPE=disk'
01-01 08:00:03.991  1393  1435 D NetlinkEvent: NL param 'NPARTS=0'
01-01 08:00:03.991  1393  1435 D Vold    : [-vold_debug-214] :vm handleBlockEvent
01-01 08:00:03.991  1393  1435 D DirVolume: [-vold_debug-75] :handleBlockEvent begin
01-01 08:00:03.991  1393  1435 D Vold    : [-vold_debug-233] :No volumes handled block event for '/devices/virtual/block/ram9'
01-01 08:00:04.003  1397  1397 I SurfaceFlinger: SurfaceFlinger is starting
01-01 08:00:04.005  1393  1435 D NetlinkEvent: NL param 'DEVPATH=/devices/virtual/block/loop0'
01-01 08:00:04.005  1393  1435 D NetlinkEvent: NL param 'MAJOR=7'
01-01 08:00:04.005  1393  1435 D NetlinkEvent: NL param 'MINOR=0'
01-01 08:00:04.005  1393  1435 D NetlinkEvent: NL param 'DEVNAME=loop0'
01-01 08:00:04.005  1393  1435 D NetlinkEvent: NL param 'DEVTYPE=disk'
01-01 08:00:04.005  1393  1435 D NetlinkEvent: NL param 'NPARTS=0'
01-01 08:00:04.005  1393  1435 D Vold    : [-vold_debug-214] :vm handleBlockEvent
01-01 08:00:04.005  1393  1435 D DirVolume: [-vold_debug-75] :handleBlockEvent begin
01-01 08:00:04.005  1393  1435 D Vold    : [-vold_debug-233] :No volumes handled block event for '/devices/virtual/block/loop0'
01-01 08:00:04.010  1397  1397 I SurfaceFlinger: SurfaceFlinger's main thread ready to run. Initializing graphics H/W...
01-01 08:00:04.017  1393  1435 D NetlinkEvent: NL param 'DEVPATH=/devices/virtual/block/loop1'
01-01 08:00:04.017  1393  1435 D NetlinkEvent: NL param 'MAJOR=7'
01-01 08:00:04.017  1397  1397 D libEGL  : loaded /system/lib/egl/libGLES_mali.so
01-01 08:00:04.017  1393  1435 D NetlinkEvent: NL param 'MINOR=1'
01-01 08:00:04.017  1393  1435 D NetlinkEvent: NL param 'DEVNAME=loop1'
01-01 08:00:04.017  1393  1435 D NetlinkEvent: NL param 'DEVTYPE=disk'
01-01 08:00:04.017  1393  1435 D NetlinkEvent: NL param 'NPARTS=0'
01-01 08:00:04.017  1393  1435 D Vold    : [-vold_debug-214] :vm handleBlockEvent
01-01 08:00:04.017  1393  1435 D DirVolume: [-vold_debug-75] :handleBlockEvent begin
01-01 08:00:04.017  1393  1435 D Vold    : [-vold_debug-233] :No volumes handled block event for '/devices/virtual/block/loop1'
01-01 08:00:04.048  1393  1435 D NetlinkEvent: NL param 'DEVPATH=/devices/virtual/block/loop2'
01-01 08:00:04.048  1393  1435 D NetlinkEvent: NL param 'MAJOR=7'
01-01 08:00:04.048  1393  1435 D NetlinkEvent: NL param 'MINOR=2'
01-01 08:00:04.048  1393  1435 D NetlinkEvent: NL param 'DEVNAME=loop2'
01-01 08:00:04.048  1393  1435 D NetlinkEvent: NL param 'DEVTYPE=disk'
01-01 08:00:04.048  1393  1435 D NetlinkEvent: NL param 'NPARTS=0'
01-01 08:00:04.048  1393  1435 D Vold    : [-vold_debug-214] :vm handleBlockEvent
01-01 08:00:04.048  1393  1435 D DirVolume: [-vold_debug-75] :handleBlockEvent begin
01-01 08:00:04.048  1393  1435 D Vold    : [-vold_debug-233] :No volumes handled block event for '/devices/virtual/block/loop2'
01-01 08:00:04.067  1397  1397 I [Gralloc]: using (fd=14)
01-01 08:00:04.067  1397  1397 I [Gralloc]: id           = hifb
01-01 08:00:04.067  1397  1397 I [Gralloc]: xres         = 1280 px
01-01 08:00:04.067  1397  1397 I [Gralloc]: yres         = 720 px
01-01 08:00:04.067  1397  1397 I [Gralloc]: xres_virtual = 1280 px
01-01 08:00:04.067  1397  1397 I [Gralloc]: yres_virtual = 1440 px
01-01 08:00:04.067  1397  1397 I [Gralloc]: bpp          = 32
01-01 08:00:04.067  1397  1397 I [Gralloc]: r            = 16:8
01-01 08:00:04.067  1397  1397 I [Gralloc]: g            =  8:8
01-01 08:00:04.067  1397  1397 I [Gralloc]: b            =  0:8
01-01 08:00:04.067  1397  1397 I [Gralloc]: width        = 203 mm (160.157639 dpi)
01-01 08:00:04.067  1397  1397 I [Gralloc]: height       = 114 mm (160.421051 dpi)
01-01 08:00:04.067  1397  1397 I [Gralloc]: refresh rate = 60.00 Hz
01-01 08:00:04.069  1393  1435 D NetlinkEvent: NL param 'DEVPATH=/devices/virtual/block/loop3'
01-01 08:00:04.069  1393  1435 D NetlinkEvent: NL param 'MAJOR=7'
01-01 08:00:04.069  1393  1435 D NetlinkEvent: NL param 'MINOR=3'
01-01 08:00:04.069  1393  1435 D NetlinkEvent: NL param 'DEVNAME=loop3'
01-01 08:00:04.069  1393  1435 D NetlinkEvent: NL param 'DEVTYPE=disk'
01-01 08:00:04.069  1393  1435 D NetlinkEvent: NL param 'NPARTS=0'
01-01 08:00:04.069  1393  1435 D Vold    : [-vold_debug-214] :vm handleBlockEvent
01-01 08:00:04.069  1393  1435 D DirVolume: [-vold_debug-75] :handleBlockEvent begin
01-01 08:00:04.069  1393  1435 D Vold    : [-vold_debug-233] :No volumes handled block event for '/devices/virtual/block/loop3'
01-01 08:00:04.076  1397  1397 I SurfaceFlinger: Using composer version 1.1
01-01 08:00:04.076  1397  1397 I SurfaceFlinger: EGL informations:
01-01 08:00:04.076  1397  1397 I SurfaceFlinger: vendor    : Android
01-01 08:00:04.076  1397  1397 I SurfaceFlinger: version   : 1.4 Android META-EGL
01-01 08:00:04.076  1397  1397 I SurfaceFlinger: extensions: EGL_KHR_get_all_proc_addresses EGL_ANDROID_presentation_time EGL_KHR_image EGL_KHR_image_base EGL_KHR_image_pixmap EGL_KHR_gl_texture_2D_image EGL_KHR_gl_texture_cubemap_image EGL_KHR_gl_renderbuffer_image EGL_KHR_fence_sync EGL_KHR_create_context EGL_EXT_create_context_robustness EGL_ANDROID_image_native_buffer EGL_ANDROID_recordable 
01-01 08:00:04.076  1397  1397 I SurfaceFlinger: Client API: OpenGL_ES
01-01 08:00:04.076  1397  1397 I SurfaceFlinger: EGLSurface: 8-8-8-8, config=0x60000016
01-01 08:00:04.078  1397  1397 I SurfaceFlinger: OpenGL ES informations:
01-01 08:00:04.078  1397  1397 I SurfaceFlinger: vendor    : ARM
01-01 08:00:04.078  1397  1397 I SurfaceFlinger: renderer  : Mali-450 MP
01-01 08:00:04.078  1397  1397 I SurfaceFlinger: version   : OpenGL ES 2.0
01-01 08:00:04.078  1397  1397 I SurfaceFlinger: extensions: GL_EXT_debug_marker GL_OES_texture_npot GL_OES_vertex_array_object GL_OES_compressed_ETC1_RGB8_texture GL_EXT_compressed_ETC1_RGB8_sub_texture GL_OES_standard_derivatives GL_OES_EGL_image GL_OES_depth24 GL_ARM_rgba8 GL_ARM_mali_shader_binary GL_OES_depth_texture GL_OES_packed_depth_stencil GL_EXT_texture_format_BGRA8888 GL_OES_vertex_half_float GL_EXT_blend_minmax GL_OES_EGL_image_external GL_OES_EGL_sync GL_OES_rgb8_rgba8 GL_EXT_multisampled_render_to_texture GL_EXT_discard_framebuffer GL_OES_get_program_binary GL_ARM_mali_program_binary GL_EXT_shader_texture_lod GL_EXT_robustness GL_OES_depth_texture_cube_map GL_KHR_debug GL_ARM_shader_framebuffer_fetch GL_ARM_shader_framebuffer_fetch_depth_stencil GL_OES_mapbuffer
01-01 08:00:04.078  1397  1397 I SurfaceFlinger: GL_MAX_TEXTURE_SIZE = 4096
01-01 08:00:04.078  1397  1397 I SurfaceFlinger: GL_MAX_VIEWPORT_DIMS = 4096
01-01 08:00:04.078  1397  1397 E cutils-trace: Error opening trace file: No such file or directory (2)
01-01 08:00:04.081  1397  1397 E SurfaceFlinger: ro.third.bootvideo.path: path=/system/media/bootvideo/bootvideo.mp4
01-01 08:00:04.081  1397  1397 I SurfaceFlinger: persist.third.bootvideo.path: path=/data/video/bootvideo.mp4
01-01 08:00:04.082  1397  1397 E SurfaceFlinger: enter bootanima: path=/system/media/bootvideo/bootvideo.mp4
01-01 08:00:04.082  1397  1397 D SurfaceFlinger: Screen acquired, type=0 flinger=0xb7f477c8
01-01 08:00:04.086  1393  1435 D NetlinkEvent: NL param 'DEVPATH=/devices/virtual/block/loop4'
01-01 08:00:04.086  1393  1435 D NetlinkEvent: NL param 'MAJOR=7'
01-01 08:00:04.086  1393  1435 D NetlinkEvent: NL param 'MINOR=4'
01-01 08:00:04.086  1393  1435 D NetlinkEvent: NL param 'DEVNAME=loop4'
01-01 08:00:04.086  1393  1435 D NetlinkEvent: NL param 'DEVTYPE=disk'
01-01 08:00:04.086  1393  1435 D NetlinkEvent: NL param 'NPARTS=0'
01-01 08:00:04.086  1393  1435 D Vold    : [-vold_debug-214] :vm handleBlockEvent
01-01 08:00:04.086  1393  1435 D DirVolume: [-vold_debug-75] :handleBlockEvent begin
01-01 08:00:04.086  1393  1435 D Vold    : [-vold_debug-233] :No volumes handled block event for '/devices/virtual/block/loop4'
01-01 08:00:04.108  1393  1435 D NetlinkEvent: NL param 'DEVPATH=/devices/virtual/block/loop5'
01-01 08:00:04.108  1393  1435 D NetlinkEvent: NL param 'MAJOR=7'
01-01 08:00:04.108  1393  1435 D NetlinkEvent: NL param 'MINOR=5'
01-01 08:00:04.108  1393  1435 D NetlinkEvent: NL param 'DEVNAME=loop5'
01-01 08:00:04.108  1393  1435 D NetlinkEvent: NL param 'DEVTYPE=disk'
01-01 08:00:04.108  1393  1435 D NetlinkEvent: NL param 'NPARTS=0'
01-01 08:00:04.108  1393  1435 D Vold    : [-vold_debug-214] :vm handleBlockEvent
01-01 08:00:04.108  1393  1435 D DirVolume: [-vold_debug-75] :handleBlockEvent begin
01-01 08:00:04.108  1393  1435 D Vold    : [-vold_debug-233] :No volumes handled block event for '/devices/virtual/block/loop5'
01-01 08:00:04.129  1393  1435 D NetlinkEvent: NL param 'DEVPATH=/devices/virtual/block/loop6'
01-01 08:00:04.129  1393  1435 D NetlinkEvent: NL param 'MAJOR=7'
01-01 08:00:04.129  1393  1435 D NetlinkEvent: NL param 'MINOR=6'
01-01 08:00:04.129  1393  1435 D NetlinkEvent: NL param 'DEVNAME=loop6'
01-01 08:00:04.129  1393  1435 D NetlinkEvent: NL param 'DEVTYPE=disk'
01-01 08:00:04.129  1393  1435 D NetlinkEvent: NL param 'NPARTS=0'
01-01 08:00:04.129  1393  1435 D Vold    : [-vold_debug-214] :vm handleBlockEvent
01-01 08:00:04.129  1393  1435 D DirVolume: [-vold_debug-75] :handleBlockEvent begin
01-01 08:00:04.129  1393  1435 D Vold    : [-vold_debug-233] :No volumes handled block event for '/devices/virtual/block/loop6'
01-01 08:00:04.146  1393  1435 D NetlinkEvent: NL param 'DEVPATH=/devices/virtual/block/loop7'
01-01 08:00:04.146  1393  1435 D NetlinkEvent: NL param 'MAJOR=7'
01-01 08:00:04.146  1393  1435 D NetlinkEvent: NL param 'MINOR=7'
01-01 08:00:04.146  1393  1435 D NetlinkEvent: NL param 'DEVNAME=loop7'
01-01 08:00:04.146  1393  1435 D NetlinkEvent: NL param 'DEVTYPE=disk'
01-01 08:00:04.146  1393  1435 D NetlinkEvent: NL param 'NPARTS=0'
01-01 08:00:04.146  1393  1435 D Vold    : [-vold_debug-214] :vm handleBlockEvent
01-01 08:00:04.146  1393  1435 D DirVolume: [-vold_debug-75] :handleBlockEvent begin
01-01 08:00:04.146  1393  1435 D Vold    : [-vold_debug-233] :No volumes handled block event for '/devices/virtual/block/loop7'
01-01 08:00:04.157  1393  1435 D NetlinkEvent: NL param 'DEVPATH=/devices/virtual/block/ram10'
01-01 08:00:04.157  1393  1435 D NetlinkEvent: NL param 'MAJOR=1'
01-01 08:00:04.157  1393  1435 D NetlinkEvent: NL param 'MINOR=10'
01-01 08:00:04.157  1393  1435 D NetlinkEvent: NL param 'DEVNAME=ram10'
01-01 08:00:04.157  1393  1435 D NetlinkEvent: NL param 'DEVTYPE=disk'
01-01 08:00:04.157  1393  1435 D NetlinkEvent: NL param 'NPARTS=0'
01-01 08:00:04.157  1393  1435 D Vold    : [-vold_debug-214] :vm handleBlockEvent
01-01 08:00:04.157  1393  1435 D DirVolume: [-vold_debug-75] :handleBlockEvent begin
01-01 08:00:04.157  1393  1435 D Vold    : [-vold_debug-233] :No volumes handled block event for '/devices/virtual/block/ram10'
01-01 08:00:04.177  1393  1435 D NetlinkEvent: NL param 'DEVPATH=/devices/virtual/block/ram11'
01-01 08:00:04.177  1393  1435 D NetlinkEvent: NL param 'MAJOR=1'
01-01 08:00:04.177  1393  1435 D NetlinkEvent: NL param 'MINOR=11'
01-01 08:00:04.177  1393  1435 D NetlinkEvent: NL param 'DEVNAME=ram11'
01-01 08:00:04.177  1393  1435 D NetlinkEvent: NL param 'DEVTYPE=disk'
01-01 08:00:04.177  1393  1435 D NetlinkEvent: NL param 'NPARTS=0'
01-01 08:00:04.177  1393  1435 D Vold    : [-vold_debug-214] :vm handleBlockEvent
01-01 08:00:04.177  1393  1435 D DirVolume: [-vold_debug-75] :handleBlockEvent begin
01-01 08:00:04.177  1393  1435 D Vold    : [-vold_debug-233] :No volumes handled block event for '/devices/virtual/block/ram11'
01-01 08:00:04.199  1393  1435 D NetlinkEvent: NL param 'DEVPATH=/devices/virtual/block/ram12'
01-01 08:00:04.199  1393  1435 D NetlinkEvent: NL param 'MAJOR=1'
01-01 08:00:04.199  1393  1435 D NetlinkEvent: NL param 'MINOR=12'
01-01 08:00:04.199  1393  1435 D NetlinkEvent: NL param 'DEVNAME=ram12'
01-01 08:00:04.199  1393  1435 D NetlinkEvent: NL param 'DEVTYPE=disk'
01-01 08:00:04.199  1393  1435 D NetlinkEvent: NL param 'NPARTS=0'
01-01 08:00:04.199  1393  1435 D Vold    : [-vold_debug-214] :vm handleBlockEvent
01-01 08:00:04.199  1393  1435 D DirVolume: [-vold_debug-75] :handleBlockEvent begin
01-01 08:00:04.199  1393  1435 D Vold    : [-vold_debug-233] :No volumes handled block event for '/devices/virtual/block/ram12'
01-01 08:00:04.218  1412  1440 I HiMW_ini_provider: Load ini config:/atv/ini/cvte_yk06_v600.ini
01-01 08:00:04.222  1393  1435 D NetlinkEvent: NL param 'DEVPATH=/devices/virtual/block/ram13'
01-01 08:00:04.222  1393  1435 D NetlinkEvent: NL param 'MAJOR=1'
01-01 08:00:04.222  1393  1435 D NetlinkEvent: NL param 'MINOR=13'
01-01 08:00:04.222  1393  1435 D NetlinkEvent: NL param 'DEVNAME=ram13'
01-01 08:00:04.222  1393  1435 D NetlinkEvent: NL param 'DEVTYPE=disk'
01-01 08:00:04.222  1393  1435 D NetlinkEvent: NL param 'NPARTS=0'
01-01 08:00:04.222  1393  1435 D Vold    : [-vold_debug-214] :vm handleBlockEvent
01-01 08:00:04.222  1393  1435 D DirVolume: [-vold_debug-75] :handleBlockEvent begin
01-01 08:00:04.222  1393  1435 D Vold    : [-vold_debug-233] :No volumes handled block event for '/devices/virtual/block/ram13'
01-01 08:00:04.243  1393  1435 D NetlinkEvent: NL param 'DEVPATH=/devices/virtual/block/ram14'
01-01 08:00:04.243  1393  1435 D NetlinkEvent: NL param 'MAJOR=1'
01-01 08:00:04.243  1393  1435 D NetlinkEvent: NL param 'MINOR=14'
01-01 08:00:04.243  1393  1435 D NetlinkEvent: NL param 'DEVNAME=ram14'
01-01 08:00:04.243  1393  1435 D NetlinkEvent: NL param 'DEVTYPE=disk'
01-01 08:00:04.243  1393  1435 D NetlinkEvent: NL param 'NPARTS=0'
01-01 08:00:04.243  1393  1435 D Vold    : [-vold_debug-214] :vm handleBlockEvent
01-01 08:00:04.243  1393  1435 D DirVolume: [-vold_debug-75] :handleBlockEvent begin
01-01 08:00:04.243  1393  1435 D Vold    : [-vold_debug-233] :No volumes handled block event for '/devices/virtual/block/ram14'
01-01 08:00:04.262  1398  1398 I HiMW_ini_provider: Load ini config:/atv/ini/cvte_yk06_v600.ini
01-01 08:00:04.264  1393  1435 D NetlinkEvent: NL param 'DEVPATH=/devices/virtual/block/ram15'
01-01 08:00:04.264  1393  1435 D NetlinkEvent: NL param 'MAJOR=1'
01-01 08:00:04.264  1393  1435 D NetlinkEvent: NL param 'MINOR=15'
01-01 08:00:04.264  1393  1435 D NetlinkEvent: NL param 'DEVNAME=ram15'
01-01 08:00:04.264  1393  1435 D NetlinkEvent: NL param 'DEVTYPE=disk'
01-01 08:00:04.264  1393  1435 D NetlinkEvent: NL param 'NPARTS=0'
01-01 08:00:04.264  1393  1435 D Vold    : [-vold_debug-214] :vm handleBlockEvent
01-01 08:00:04.264  1393  1435 D DirVolume: [-vold_debug-75] :handleBlockEvent begin
01-01 08:00:04.264  1393  1435 D Vold    : [-vold_debug-233] :No volumes handled block event for '/devices/virtual/block/ram15'
01-01 08:00:04.278  1393  1435 D NetlinkEvent: NL param 'DEVPATH=/devices/virtual/block/zram0'
01-01 08:00:04.278  1393  1435 D NetlinkEvent: NL param 'MAJOR=253'
01-01 08:00:04.278  1393  1435 D NetlinkEvent: NL param 'MINOR=0'
01-01 08:00:04.278  1393  1435 D NetlinkEvent: NL param 'DEVNAME=zram0'
01-01 08:00:04.278  1393  1435 D NetlinkEvent: NL param 'DEVTYPE=disk'
01-01 08:00:04.278  1393  1435 D NetlinkEvent: NL param 'NPARTS=0'
01-01 08:00:04.278  1393  1435 D Vold    : [-vold_debug-214] :vm handleBlockEvent
01-01 08:00:04.278  1393  1435 D DirVolume: [-vold_debug-75] :handleBlockEvent begin
01-01 08:00:04.278  1393  1435 D Vold    : [-vold_debug-233] :No volumes handled block event for '/devices/virtual/block/zram0'
01-01 08:00:04.289  1393  1435 D NetlinkEvent: NL param 'DEVPATH=/devices/platform/hi_mci.1/mmc_host/mmc0/mmc0:0001/block/mmcblk0/mmcblk0rpmb'
01-01 08:00:04.289  1393  1435 D NetlinkEvent: NL param 'MAJOR=179'
01-01 08:00:04.289  1393  1435 D NetlinkEvent: NL param 'MINOR=24'
01-01 08:00:04.289  1393  1435 D NetlinkEvent: NL param 'DEVNAME=mmcblk0rpmb'
01-01 08:00:04.289  1393  1435 D NetlinkEvent: NL param 'DEVTYPE=disk'
01-01 08:00:04.289  1393  1435 D NetlinkEvent: NL param 'NPARTS=0'
01-01 08:00:04.289  1393  1435 D Vold    : [-vold_debug-214] :vm handleBlockEvent
01-01 08:00:04.289  1393  1435 D DirVolume: [-vold_debug-75] :handleBlockEvent begin
01-01 08:00:04.289  1393  1435 D Vold    : [-vold_debug-233] :No volumes handled block event for '/devices/platform/hi_mci.1/mmc_host/mmc0/mmc0:0001/block/mmcblk0/mmcblk0rpmb'
01-01 08:00:04.304  1393  1435 D NetlinkEvent: NL param 'DEVPATH=/devices/platform/hi_mci.1/mmc_host/mmc0/mmc0:0001/block/mmcblk0/mmcblk0boot0'
01-01 08:00:04.304  1393  1435 D NetlinkEvent: NL param 'MAJOR=179'
01-01 08:00:04.304  1393  1435 D NetlinkEvent: NL param 'MINOR=8'
01-01 08:00:04.304  1393  1435 D NetlinkEvent: NL param 'DEVNAME=mmcblk0boot0'
01-01 08:00:04.304  1393  1435 D NetlinkEvent: NL param 'DEVTYPE=disk'
01-01 08:00:04.304  1393  1435 D NetlinkEvent: NL param 'NPARTS=0'
01-01 08:00:04.304  1393  1435 D Vold    : [-vold_debug-214] :vm handleBlockEvent
01-01 08:00:04.304  1393  1435 D DirVolume: [-vold_debug-75] :handleBlockEvent begin
01-01 08:00:04.304  1393  1435 D Vold    : [-vold_debug-233] :No volumes handled block event for '/devices/platform/hi_mci.1/mmc_host/mmc0/mmc0:0001/block/mmcblk0/mmcblk0boot0'
01-01 08:00:04.318  1393  1435 D NetlinkEvent: NL param 'DEVPATH=/devices/platform/hi_mci.1/mmc_host/mmc0/mmc0:0001/block/mmcblk0/mmcblk0boot1'
01-01 08:00:04.318  1393  1435 D NetlinkEvent: NL param 'MAJOR=179'
01-01 08:00:04.318  1393  1435 D NetlinkEvent: NL param 'MINOR=16'
01-01 08:00:04.318  1393  1435 D NetlinkEvent: NL param 'DEVNAME=mmcblk0boot1'
01-01 08:00:04.318  1393  1435 D NetlinkEvent: NL param 'DEVTYPE=disk'
01-01 08:00:04.318  1393  1435 D NetlinkEvent: NL param 'NPARTS=0'
01-01 08:00:04.318  1393  1435 D Vold    : [-vold_debug-214] :vm handleBlockEvent
01-01 08:00:04.318  1393  1435 D DirVolume: [-vold_debug-75] :handleBlockEvent begin
01-01 08:00:04.318  1393  1435 D Vold    : [-vold_debug-233] :No volumes handled block event for '/devices/platform/hi_mci.1/mmc_host/mmc0/mmc0:0001/block/mmcblk0/mmcblk0boot1'
01-01 08:00:04.323  1393  1435 D NetlinkEvent: NL param 'DEVPATH=/devices/platform/hi_mci.1/mmc_host/mmc0/mmc0:0001/block/mmcblk0'
01-01 08:00:04.323  1393  1435 D NetlinkEvent: NL param 'MAJOR=179'
01-01 08:00:04.323  1393  1435 D NetlinkEvent: NL param 'MINOR=0'
01-01 08:00:04.323  1393  1435 D NetlinkEvent: NL param 'DEVNAME=mmcblk0'
01-01 08:00:04.323  1393  1435 D NetlinkEvent: NL param 'DEVTYPE=disk'
01-01 08:00:04.323  1393  1435 D NetlinkEvent: NL param 'NPARTS=16'
01-01 08:00:04.323  1393  1435 D Vold    : [-vold_debug-214] :vm handleBlockEvent
01-01 08:00:04.323  1393  1435 D DirVolume: [-vold_debug-75] :handleBlockEvent begin
01-01 08:00:04.323  1393  1435 D Vold    : [-vold_debug-233] :No volumes handled block event for '/devices/platform/hi_mci.1/mmc_host/mmc0/mmc0:0001/block/mmcblk0'
01-01 08:00:04.331  1406  1406 D MTKBT   : main : MTK Bluetooth for Huawei Release Date 2015-12-22
01-01 08:00:04.332  1393  1435 D NetlinkEvent: NL param 'DEVPATH=/devices/platform/hi_mci.1/mmc_host/mmc0/mmc0:0001/block/mmcblk0/mmcblk0p1'
01-01 08:00:04.332  1393  1435 D NetlinkEvent: NL param 'MAJOR=179'
01-01 08:00:04.332  1393  1435 D NetlinkEvent: NL param 'MINOR=1'
01-01 08:00:04.332  1393  1435 D NetlinkEvent: NL param 'DEVNAME=mmcblk0p1'
01-01 08:00:04.332  1393  1435 D NetlinkEvent: NL param 'DEVTYPE=partition'
01-01 08:00:04.332  1393  1435 D NetlinkEvent: NL param 'PARTN=1'
01-01 08:00:04.332  1393  1435 D NetlinkEvent: NL param 'PARTNAME=fastboot'
01-01 08:00:04.332  1393  1435 D Vold    : [-vold_debug-214] :vm handleBlockEvent
01-01 08:00:04.332  1393  1435 D DirVolume: [-vold_debug-75] :handleBlockEvent begin
01-01 08:00:04.332  1393  1435 D Vold    : [-vold_debug-233] :No volumes handled block event for '/devices/platform/hi_mci.1/mmc_host/mmc0/mmc0:0001/block/mmcblk0/mmcblk0p1'
01-01 08:00:04.353  1393  1435 D NetlinkEvent: NL param 'DEVPATH=/devices/platform/hi_mci.1/mmc_host/mmc0/mmc0:0001/block/mmcblk0/mmcblk0p2'
01-01 08:00:04.353  1393  1435 D NetlinkEvent: NL param 'MAJOR=179'
01-01 08:00:04.353  1393  1435 D NetlinkEvent: NL param 'MINOR=2'
01-01 08:00:04.353  1393  1435 D NetlinkEvent: NL param 'DEVNAME=mmcblk0p2'
01-01 08:00:04.353  1393  1435 D NetlinkEvent: NL param 'DEVTYPE=partition'
01-01 08:00:04.353  1393  1435 D NetlinkEvent: NL param 'PARTN=2'
01-01 08:00:04.353  1393  1435 D NetlinkEvent: NL param 'PARTNAME=bootargs'
01-01 08:00:04.353  1393  1435 D Vold    : [-vold_debug-214] :vm handleBlockEvent
01-01 08:00:04.353  1393  1435 D DirVolume: [-vold_debug-75] :handleBlockEvent begin
01-01 08:00:04.353  1393  1435 D Vold    : [-vold_debug-233] :No volumes handled block event for '/devices/platform/hi_mci.1/mmc_host/mmc0/mmc0:0001/block/mmcblk0/mmcblk0p2'
01-01 08:00:04.365  1393  1435 D NetlinkEvent: NL param 'DEVPATH=/devices/platform/hi_mci.1/mmc_host/mmc0/mmc0:0001/block/mmcblk0/mmcblk0p3'
01-01 08:00:04.365  1393  1435 D NetlinkEvent: NL param 'MAJOR=179'
01-01 08:00:04.365  1393  1435 D NetlinkEvent: NL param 'MINOR=3'
01-01 08:00:04.365  1393  1435 D NetlinkEvent: NL param 'DEVNAME=mmcblk0p3'
01-01 08:00:04.365  1393  1435 D NetlinkEvent: NL param 'DEVTYPE=partition'
01-01 08:00:04.365  1422  1422 E usbmonitor: insmod module /system/lib/modules/ehci-hcd.ko
01-01 08:00:04.365  1393  1435 D NetlinkEvent: NL param 'PARTN=3'
01-01 08:00:04.365  1393  1435 D NetlinkEvent: NL param 'PARTNAME=recovery'
01-01 08:00:04.365  1393  1435 D Vold    : [-vold_debug-214] :vm handleBlockEvent
01-01 08:00:04.365  1393  1435 D DirVolume: [-vold_debug-75] :handleBlockEvent begin
01-01 08:00:04.365  1393  1435 D Vold    : [-vold_debug-233] :No volumes handled block event for '/devices/platform/hi_mci.1/mmc_host/mmc0/mmc0:0001/block/mmcblk0/mmcblk0p3'
01-01 08:00:04.376  1393  1435 D NetlinkEvent: NL param 'DEVPATH=/devices/platform/hi_mci.1/mmc_host/mmc0/mmc0:0001/block/mmcblk0/mmcblk0p4'
01-01 08:00:04.376  1393  1435 D NetlinkEvent: NL param 'MAJOR=179'
01-01 08:00:04.376  1393  1435 D NetlinkEvent: NL param 'MINOR=4'
01-01 08:00:04.376  1393  1435 D NetlinkEvent: NL param 'DEVNAME=mmcblk0p4'
01-01 08:00:04.376  1393  1435 D NetlinkEvent: NL param 'DEVTYPE=partition'
01-01 08:00:04.376  1393  1435 D NetlinkEvent: NL param 'PARTN=4'
01-01 08:00:04.376  1393  1435 D NetlinkEvent: NL param 'PARTNAME=deviceinfo'
01-01 08:00:04.376  1393  1435 D Vold    : [-vold_debug-214] :vm handleBlockEvent
01-01 08:00:04.376  1393  1435 D DirVolume: [-vold_debug-75] :handleBlockEvent begin
01-01 08:00:04.376  1393  1435 D Vold    : [-vold_debug-233] :No volumes handled block event for '/devices/platform/hi_mci.1/mmc_host/mmc0/mmc0:0001/block/mmcblk0/mmcblk0p4'
01-01 08:00:04.378  1408  1408 I AOService: HDMI observer thread create success
01-01 08:00:04.384  1408  1534 I AOService: aoservice thead_loop start
01-01 08:00:04.389  1408  1534 I AOService: hdmi_observer  add@/devices/platform/hi_mci.1/mmc_host/mmc0/mmc0:0001/block/mmcblk0/mmcblk0p5
01-01 08:00:04.389  1393  1435 D NetlinkEvent: NL param 'DEVPATH=/devices/platform/hi_mci.1/mmc_host/mmc0/mmc0:0001/block/mmcblk0/mmcblk0p5'
01-01 08:00:04.389  1393  1435 D NetlinkEvent: NL param 'MAJOR=179'
01-01 08:00:04.389  1393  1435 D NetlinkEvent: NL param 'MINOR=5'
01-01 08:00:04.389  1393  1435 D NetlinkEvent: NL param 'DEVNAME=mmcblk0p5'
01-01 08:00:04.389  1393  1435 D NetlinkEvent: NL param 'DEVTYPE=partition'
01-01 08:00:04.389  1393  1435 D NetlinkEvent: NL param 'PARTN=5'
01-01 08:00:04.389  1393  1435 D NetlinkEvent: NL param 'PARTNAME=baseparam'
01-01 08:00:04.389  1393  1435 D Vold    : [-vold_debug-214] :vm handleBlockEvent
01-01 08:00:04.389  1393  1435 D DirVolume: [-vold_debug-75] :handleBlockEvent begin
01-01 08:00:04.389  1393  1435 D Vold    : [-vold_debug-233] :No volumes handled block event for '/devices/platform/hi_mci.1/mmc_host/mmc0/mmc0:0001/block/mmcblk0/mmcblk0p5'
01-01 08:00:04.399  1397  1397 D HiMW_lts_tvclient: constructor
01-01 08:00:04.399  1397  1397 E SurfaceFlinger: registCallback!!!
01-01 08:00:04.399  1493  1539 D libEGL  : loaded /system/lib/egl/libGLES_mali.so
01-01 08:00:04.422  1408  1534 I AOService: hdmi_observer  add@/devices/platform/hi_mci.1/mmc_host/mmc0/mmc0:0001/block/mmcblk0/mmcblk0p6
01-01 08:00:04.422  1408  1534 I AOService: hdmi_observer  add@/devices/platform/hi_mci.1/mmc_host/mmc0/mmc0:0001/block/mmcblk0/mmcblk0p7
01-01 08:00:04.422  1393  1435 D NetlinkEvent: NL param 'DEVPATH=/devices/platform/hi_mci.1/mmc_host/mmc0/mmc0:0001/block/mmcblk0/mmcblk0p6'
01-01 08:00:04.422  1393  1435 D NetlinkEvent: NL param 'MAJOR=179'
01-01 08:00:04.422  1393  1435 D NetlinkEvent: NL param 'MINOR=6'
01-01 08:00:04.422  1393  1435 D NetlinkEvent: NL param 'DEVNAME=mmcblk0p6'
01-01 08:00:04.422  1393  1435 D NetlinkEvent: NL param 'DEVTYPE=partition'
01-01 08:00:04.422  1393  1435 D NetlinkEvent: NL param 'PARTN=6'
01-01 08:00:04.422  1393  1435 D NetlinkEvent: NL param 'PARTNAME=panelparam'
01-01 08:00:04.422  1393  1435 D Vold    : [-vold_debug-214] :vm handleBlockEvent
01-01 08:00:04.422  1393  1435 D DirVolume: [-vold_debug-75] :handleBlockEvent begin
01-01 08:00:04.422  1393  1435 D Vold    : [-vold_debug-233] :No volumes handled block event for '/devices/platform/hi_mci.1/mmc_host/mmc0/mmc0:0001/block/mmcblk0/mmcblk0p6'
01-01 08:00:04.422  1393  1435 D NetlinkEvent: NL param 'DEVPATH=/devices/platform/hi_mci.1/mmc_host/mmc0/mmc0:0001/block/mmcblk0/mmcblk0p7'
01-01 08:00:04.422  1393  1435 D NetlinkEvent: NL param 'MAJOR=179'
01-01 08:00:04.422  1393  1435 D NetlinkEvent: NL param 'MINOR=7'
01-01 08:00:04.422  1393  1435 D NetlinkEvent: NL param 'DEVNAME=mmcblk0p7'
01-01 08:00:04.422  1393  1435 D NetlinkEvent: NL param 'DEVTYPE=partition'
01-01 08:00:04.422  1393  1435 D NetlinkEvent: NL param 'PARTN=7'
01-01 08:00:04.422  1393  1435 D NetlinkEvent: NL param 'PARTNAME=logo'
01-01 08:00:04.422  1393  1435 D Vold    : [-vold_debug-214] :vm handleBlockEvent
01-01 08:00:04.422  1393  1435 D DirVolume: [-vold_debug-75] :handleBlockEvent begin
01-01 08:00:04.422  1393  1435 D Vold    : [-vold_debug-233] :No volumes handled block event for '/devices/platform/hi_mci.1/mmc_host/mmc0/mmc0:0001/block/mmcblk0/mmcblk0p7'
01-01 08:00:04.429  1493  1539 E cutils-trace: Error opening trace file: No such file or directory (2)
01-01 08:00:04.434  1408  1534 I AOService: hdmi_observer  add@/devices/platform/hi_mci.1/mmc_host/mmc0/mmc0:0001/block/mmcblk0/mmcblk0p8
01-01 08:00:04.434  1393  1435 D NetlinkEvent: NL param 'DEVPATH=/devices/platform/hi_mci.1/mmc_host/mmc0/mmc0:0001/block/mmcblk0/mmcblk0p8'
01-01 08:00:04.434  1393  1435 D NetlinkEvent: NL param 'MAJOR=259'
01-01 08:00:04.434  1393  1435 D NetlinkEvent: NL param 'MINOR=0'
01-01 08:00:04.434  1393  1435 D NetlinkEvent: NL param 'DEVNAME=mmcblk0p8'
01-01 08:00:04.434  1393  1435 D NetlinkEvent: NL param 'DEVTYPE=partition'
01-01 08:00:04.434  1393  1435 D NetlinkEvent: NL param 'PARTN=8'
01-01 08:00:04.434  1393  1435 D NetlinkEvent: NL param 'PARTNAME=kernel'
01-01 08:00:04.434  1393  1435 D Vold    : [-vold_debug-214] :vm handleBlockEvent
01-01 08:00:04.434  1393  1435 D DirVolume: [-vold_debug-75] :handleBlockEvent begin
01-01 08:00:04.434  1393  1435 D Vold    : [-vold_debug-233] :No volumes handled block event for '/devices/platform/hi_mci.1/mmc_host/mmc0/mmc0:0001/block/mmcblk0/mmcblk0p8'
01-01 08:00:04.450  1408  1408 E AOService: EDID CAP 2
01-01 08:00:04.450  1408  1408 I AOService: get port sthdmi setting 1
01-01 08:00:04.456  1408  1534 I AOService: hdmi_observer  add@/devices/platform/hi_mci.1/mmc_host/mmc0/mmc0:0001/block/mmcblk0/mmcblk0p9
01-01 08:00:04.456  1393  1435 D NetlinkEvent: NL param 'DEVPATH=/devices/platform/hi_mci.1/mmc_host/mmc0/mmc0:0001/block/mmcblk0/mmcblk0p9'
01-01 08:00:04.456  1393  1435 D NetlinkEvent: NL param 'MAJOR=259'
01-01 08:00:04.456  1393  1435 D NetlinkEvent: NL param 'MINOR=1'
01-01 08:00:04.456  1393  1435 D NetlinkEvent: NL param 'DEVNAME=mmcblk0p9'
01-01 08:00:04.456  1393  1435 D NetlinkEvent: NL param 'DEVTYPE=partition'
01-01 08:00:04.456  1393  1435 D NetlinkEvent: NL param 'PARTN=9'
01-01 08:00:04.456  1393  1435 D NetlinkEvent: NL param 'PARTNAME=misc'
01-01 08:00:04.456  1393  1435 D Vold    : [-vold_debug-214] :vm handleBlockEvent
01-01 08:00:04.456  1393  1435 D DirVolume: [-vold_debug-75] :handleBlockEvent begin
01-01 08:00:04.456  1393  1435 D Vold    : [-vold_debug-233] :No volumes handled block event for '/devices/platform/hi_mci.1/mmc_host/mmc0/mmc0:0001/block/mmcblk0/mmcblk0p9'
01-01 08:00:04.461  1408  1534 I AOService: hdmi_observer  add@/devices/platform/hiusb-ehci.0/usb1
01-01 08:00:04.465  1408  1534 I AOService: hdmi_observer  add@/devices/platform/hi_mci.1/mmc_host/mmc0/mmc0:0001/block/mmcblk0/mmcblk0rpmb
01-01 08:00:04.465  1393  1435 D NetlinkEvent: NL param 'DEVPATH=/devices/platform/hi_mci.1/mmc_host/mmc0/mmc0:0001/block/mmcblk0/mmcblk0rpmb'
01-01 08:00:04.465  1393  1435 D NetlinkEvent: NL param 'MAJOR=179'
01-01 08:00:04.465  1393  1435 D NetlinkEvent: NL param 'MINOR=24'
01-01 08:00:04.465  1393  1435 D NetlinkEvent: NL param 'DEVNAME=mmcblk0rpmb'
01-01 08:00:04.465  1393  1435 D NetlinkEvent: NL param 'DEVTYPE=disk'
01-01 08:00:04.465  1393  1435 D NetlinkEvent: NL param 'NPARTS=0'
01-01 08:00:04.465  1393  1435 D Vold    : [-vold_debug-214] :vm handleBlockEvent
01-01 08:00:04.465  1393  1435 D DirVolume: [-vold_debug-75] :handleBlockEvent begin
01-01 08:00:04.465  1393  1435 D Vold    : [-vold_debug-233] :No volumes handled block event for '/devices/platform/hi_mci.1/mmc_host/mmc0/mmc0:0001/block/mmcblk0/mmcblk0rpmb'
01-01 08:00:04.474  1408  1534 I AOService: hdmi_observer  add@/devices/platform/hiusb-ehci.0/usb1/1-0:1.0
01-01 08:00:04.484  1408  1534 I AOService: hdmi_observer  add@/devices/platform/hi_mci.1/mmc_host/mmc0/mmc0:0001/block/mmcblk0/mmcblk0boot0
01-01 08:00:04.484  1393  1435 D NetlinkEvent: NL param 'DEVPATH=/devices/platform/hi_mci.1/mmc_host/mmc0/mmc0:0001/block/mmcblk0/mmcblk0boot0'
01-01 08:00:04.484  1393  1435 D NetlinkEvent: NL param 'MAJOR=179'
01-01 08:00:04.484  1393  1435 D NetlinkEvent: NL param 'MINOR=8'
01-01 08:00:04.484  1393  1435 D NetlinkEvent: NL param 'DEVNAME=mmcblk0boot0'
01-01 08:00:04.484  1393  1435 D NetlinkEvent: NL param 'DEVTYPE=disk'
01-01 08:00:04.484  1393  1435 D NetlinkEvent: NL param 'NPARTS=0'
01-01 08:00:04.484  1393  1435 D Vold    : [-vold_debug-214] :vm handleBlockEvent
01-01 08:00:04.484  1393  1435 D DirVolume: [-vold_debug-75] :handleBlockEvent begin
01-01 08:00:04.484  1393  1435 D Vold    : [-vold_debug-233] :No volumes handled block event for '/devices/platform/hi_mci.1/mmc_host/mmc0/mmc0:0001/block/mmcblk0/mmcblk0boot0'
01-01 08:00:04.499  1408  1534 I AOService: hdmi_observer  add@/bus/platform/drivers/hiusb-ehci
01-01 08:00:04.506  1408  1534 I AOService: hdmi_observer  add@/devices/platform/hi_mci.1/mmc_host/mmc0/mmc0:0001/block/mmcblk0/mmcblk0boot1
01-01 08:00:04.506  1393  1435 D NetlinkEvent: NL param 'DEVPATH=/devices/platform/hi_mci.1/mmc_host/mmc0/mmc0:0001/block/mmcblk0/mmcblk0boot1'
01-01 08:00:04.506  1393  1435 D NetlinkEvent: NL param 'MAJOR=179'
01-01 08:00:04.506  1393  1435 D NetlinkEvent: NL param 'MINOR=16'
01-01 08:00:04.506  1393  1435 D NetlinkEvent: NL param 'DEVNAME=mmcblk0boot1'
01-01 08:00:04.506  1393  1435 D NetlinkEvent: NL param 'DEVTYPE=disk'
01-01 08:00:04.506  1393  1435 D NetlinkEvent: NL param 'NPARTS=0'
01-01 08:00:04.506  1393  1435 D Vold    : [-vold_debug-214] :vm handleBlockEvent
01-01 08:00:04.506  1393  1435 D DirVolume: [-vold_debug-75] :handleBlockEvent begin
01-01 08:00:04.506  1393  1435 D Vold    : [-vold_debug-233] :No volumes handled block event for '/devices/platform/hi_mci.1/mmc_host/mmc0/mmc0:0001/block/mmcblk0/mmcblk0boot1'
01-01 08:00:04.530  1422  1422 E usbmonitor: insmod module /system/lib/modules/ohci-hcd.ko
01-01 08:00:04.532  1408  1534 I AOService: hdmi_observer  add@/module/ohci_hcd
01-01 08:00:04.566  1408  1534 I AOService: hdmi_observer  add@/devices/platform/hi_mci.1/mmc_host/mmc0/mmc0:0001/block/mmcblk0/mmcblk0p10
01-01 08:00:04.566  1393  1435 D NetlinkEvent: NL param 'DEVPATH=/devices/platform/hi_mci.1/mmc_host/mmc0/mmc0:0001/block/mmcblk0/mmcblk0p10'
01-01 08:00:04.566  1393  1435 D NetlinkEvent: NL param 'MAJOR=259'
01-01 08:00:04.566  1393  1435 D NetlinkEvent: NL param 'MINOR=2'
01-01 08:00:04.566  1393  1435 D NetlinkEvent: NL param 'DEVNAME=mmcblk0p10'
01-01 08:00:04.566  1393  1435 D NetlinkEvent: NL param 'DEVTYPE=partition'
01-01 08:00:04.566  1393  1435 D NetlinkEvent: NL param 'PARTN=10'
01-01 08:00:04.566  1393  1435 D NetlinkEvent: NL param 'PARTNAME=system'
01-01 08:00:04.566  1393  1435 D Vold    : [-vold_debug-214] :vm handleBlockEvent
01-01 08:00:04.566  1393  1435 D DirVolume: [-vold_debug-75] :handleBlockEvent begin
01-01 08:00:04.566  1393  1435 D Vold    : [-vold_debug-233] :No volumes handled block event for '/devices/platform/hi_mci.1/mmc_host/mmc0/mmc0:0001/block/mmcblk0/mmcblk0p10'
01-01 08:00:04.581  1408  1534 I AOService: hdmi_observer  add@/devices/platform/hiusb-ohci.0
01-01 08:00:04.592  1408  1534 I AOService: hdmi_observer  add@/devices/platform/hi_mci.1/mmc_host/mmc0/mmc0:0001/block/mmcblk0/mmcblk0p11
01-01 08:00:04.592  1393  1435 D NetlinkEvent: NL param 'DEVPATH=/devices/platform/hi_mci.1/mmc_host/mmc0/mmc0:0001/block/mmcblk0/mmcblk0p11'
01-01 08:00:04.592  1393  1435 D NetlinkEvent: NL param 'MAJOR=259'
01-01 08:00:04.592  1393  1435 D NetlinkEvent: NL param 'MINOR=3'
01-01 08:00:04.592  1393  1435 D NetlinkEvent: NL param 'DEVNAME=mmcblk0p11'
01-01 08:00:04.592  1393  1435 D NetlinkEvent: NL param 'DEVTYPE=partition'
01-01 08:00:04.592  1393  1435 D NetlinkEvent: NL param 'PARTN=11'
01-01 08:00:04.592  1393  1435 D NetlinkEvent: NL param 'PARTNAME=userdata'
01-01 08:00:04.592  1393  1435 D Vold    : [-vold_debug-214] :vm handleBlockEvent
01-01 08:00:04.592  1393  1435 D DirVolume: [-vold_debug-75] :handleBlockEvent begin
01-01 08:00:04.592  1393  1435 D Vold    : [-vold_debug-233] :No volumes handled block event for '/devices/platform/hi_mci.1/mmc_host/mmc0/mmc0:0001/block/mmcblk0/mmcblk0p11'
01-01 08:00:04.616  1408  1534 I AOService: hdmi_observer  add@/devices/platform/hi_mci.1/mmc_host/mmc0/mmc0:0001/block/mmcblk0/mmcblk0p12
01-01 08:00:04.616  1393  1435 D NetlinkEvent: NL param 'DEVPATH=/devices/platform/hi_mci.1/mmc_host/mmc0/mmc0:0001/block/mmcblk0/mmcblk0p12'
01-01 08:00:04.616  1393  1435 D NetlinkEvent: NL param 'MAJOR=259'
01-01 08:00:04.616  1393  1435 D NetlinkEvent: NL param 'MINOR=4'
01-01 08:00:04.616  1393  1435 D NetlinkEvent: NL param 'DEVNAME=mmcblk0p12'
01-01 08:00:04.616  1393  1435 D NetlinkEvent: NL param 'DEVTYPE=partition'
01-01 08:00:04.616  1393  1435 D NetlinkEvent: NL param 'PARTN=12'
01-01 08:00:04.616  1393  1435 D NetlinkEvent: NL param 'PARTNAME=atv'
01-01 08:00:04.616  1393  1435 D Vold    : [-vold_debug-214] :vm handleBlockEvent
01-01 08:00:04.616  1393  1435 D DirVolume: [-vold_debug-75] :handleBlockEvent begin
01-01 08:00:04.616  1393  1435 D Vold    : [-vold_debug-233] :No volumes handled block event for '/devices/platform/hi_mci.1/mmc_host/mmc0/mmc0:0001/block/mmcblk0/mmcblk0p12'
01-01 08:00:04.621  1408  1534 I AOService: hdmi_observer  add@/devices/platform/hi_mci.1/mmc_host/mmc0/mmc0:0001/block/mmcblk0/mmcblk0p13
01-01 08:00:04.621  1393  1435 D NetlinkEvent: NL param 'DEVPATH=/devices/platform/hi_mci.1/mmc_host/mmc0/mmc0:0001/block/mmcblk0/mmcblk0p13'
01-01 08:00:04.621  1393  1435 D NetlinkEvent: NL param 'MAJOR=259'
01-01 08:00:04.621  1393  1435 D NetlinkEvent: NL param 'MINOR=5'
01-01 08:00:04.621  1393  1435 D NetlinkEvent: NL param 'DEVNAME=mmcblk0p13'
01-01 08:00:04.621  1393  1435 D NetlinkEvent: NL param 'DEVTYPE=partition'
01-01 08:00:04.621  1393  1435 D NetlinkEvent: NL param 'PARTN=13'
01-01 08:00:04.621  1393  1435 D NetlinkEvent: NL param 'PARTNAME=factorydata'
01-01 08:00:04.621  1393  1435 D Vold    : [-vold_debug-214] :vm handleBlockEvent
01-01 08:00:04.621  1393  1435 D DirVolume: [-vold_debug-75] :handleBlockEvent begin
01-01 08:00:04.621  1393  1435 D Vold    : [-vold_debug-233] :No volumes handled block event for '/devices/platform/hi_mci.1/mmc_host/mmc0/mmc0:0001/block/mmcblk0/mmcblk0p13'
01-01 08:00:04.628  1408  1534 I AOService: hdmi_observer  add@/devices/platform/hi_mci.1/mmc_host/mmc0/mmc0:0001/block/mmcblk0/mmcblk0p14
01-01 08:00:04.628  1393  1435 D NetlinkEvent: NL param 'DEVPATH=/devices/platform/hi_mci.1/mmc_host/mmc0/mmc0:0001/block/mmcblk0/mmcblk0p14'
01-01 08:00:04.628  1393  1435 D NetlinkEvent: NL param 'MAJOR=259'
01-01 08:00:04.628  1393  1435 D NetlinkEvent: NL param 'MINOR=6'
01-01 08:00:04.628  1393  1435 D NetlinkEvent: NL param 'DEVNAME=mmcblk0p14'
01-01 08:00:04.628  1393  1435 D NetlinkEvent: NL param 'DEVTYPE=partition'
01-01 08:00:04.628  1393  1435 D NetlinkEvent: NL param 'PARTN=14'
01-01 08:00:04.628  1393  1435 D NetlinkEvent: NL param 'PARTNAME=cache'
01-01 08:00:04.628  1393  1435 D Vold    : [-vold_debug-214] :vm handleBlockEvent
01-01 08:00:04.628  1393  1435 D DirVolume: [-vold_debug-75] :handleBlockEvent begin
01-01 08:00:04.628  1393  1435 D Vold    : [-vold_debug-233] :No volumes handled block event for '/devices/platform/hi_mci.1/mmc_host/mmc0/mmc0:0001/block/mmcblk0/mmcblk0p14'
01-01 08:00:04.639  1408  1534 I AOService: hdmi_observer  add@/devices/platform/hi_mci.1/mmc_host/mmc0/mmc0:0001/block/mmcblk0/mmcblk0p15
01-01 08:00:04.639  1393  1435 D NetlinkEvent: NL param 'DEVPATH=/devices/platform/hi_mci.1/mmc_host/mmc0/mmc0:0001/block/mmcblk0/mmcblk0p15'
01-01 08:00:04.639  1393  1435 D NetlinkEvent: NL param 'MAJOR=259'
01-01 08:00:04.639  1393  1435 D NetlinkEvent: NL param 'MINOR=7'
01-01 08:00:04.639  1393  1435 D NetlinkEvent: NL param 'DEVNAME=mmcblk0p15'
01-01 08:00:04.639  1393  1435 D NetlinkEvent: NL param 'DEVTYPE=partition'
01-01 08:00:04.639  1393  1435 D NetlinkEvent: NL param 'PARTN=15'
01-01 08:00:04.639  1393  1435 D NetlinkEvent: NL param 'PARTNAME=bootmusic'
01-01 08:00:04.639  1393  1435 D Vold    : [-vold_debug-214] :vm handleBlockEvent
01-01 08:00:04.639  1393  1435 D DirVolume: [-vold_debug-75] :handleBlockEvent begin
01-01 08:00:04.639  1393  1435 D Vold    : [-vold_debug-233] :No volumes handled block event for '/devices/platform/hi_mci.1/mmc_host/mmc0/mmc0:0001/block/mmcblk0/mmcblk0p15'
01-01 08:00:04.642  1408  1534 I AOService: hdmi_observer  add@/devices/platform/hi_mci.1/mmc_host/mmc0/mmc0:0001/block/mmcblk0/mmcblk0p16
01-01 08:00:04.642  1393  1435 D NetlinkEvent: NL param 'DEVPATH=/devices/platform/hi_mci.1/mmc_host/mmc0/mmc0:0001/block/mmcblk0/mmcblk0p16'
01-01 08:00:04.642  1393  1435 D NetlinkEvent: NL param 'MAJOR=259'
01-01 08:00:04.642  1393  1435 D NetlinkEvent: NL param 'MINOR=8'
01-01 08:00:04.642  1393  1435 D NetlinkEvent: NL param 'DEVNAME=mmcblk0p16'
01-01 08:00:04.642  1393  1435 D NetlinkEvent: NL param 'DEVTYPE=partition'
01-01 08:00:04.642  1393  1435 D NetlinkEvent: NL param 'PARTN=16'
01-01 08:00:04.642  1393  1435 D NetlinkEvent: NL param 'PARTNAME=bootmusicsec'
01-01 08:00:04.642  1393  1435 D Vold    : [-vold_debug-214] :vm handleBlockEvent
01-01 08:00:04.642  1393  1435 D DirVolume: [-vold_debug-75] :handleBlockEvent begin
01-01 08:00:04.642  1393  1435 D Vold    : [-vold_debug-233] :No volumes handled block event for '/devices/platform/hi_mci.1/mmc_host/mmc0/mmc0:0001/block/mmcblk0/mmcblk0p16'
01-01 08:00:04.671  1408  1534 I AOService: hdmi_observer  add@/devices/platform/hiusb-ohci.0/usb2
01-01 08:00:04.679  1408  1534 I AOService: hdmi_observer  add@/devices/platform/hiusb-ohci.0/usb2/2-0:1.0
01-01 08:00:04.697  1408  1534 I AOService: hdmi_observer  add@/bus/platform/drivers/hiusb-ohci
01-01 08:00:04.710  1422  1422 E usbmonitor: insmod module /system/lib/modules/xhci-hcd.ko
01-01 08:00:04.714  1408  1534 I AOService: hdmi_observer  add@/module/xhci_hcd
01-01 08:00:04.921  1408  1534 I AOService: hdmi_observer  add@/devices/platform/hiusb-xhci.0/usb3
01-01 08:00:04.927  1408  1534 I AOService: hdmi_observer  add@/devices/platform/hiusb-ehci.0/usb1/1-1
01-01 08:00:04.935  1408  1534 I AOService: hdmi_observer  add@/devices/platform/hiusb-ehci.0/usb1/1-1/1-1:1.0
01-01 08:00:04.939  1408  1534 I AOService: hdmi_observer  add@/devices/platform/hiusb-xhci.0/usb3/3-0:1.0
01-01 08:00:04.966  1408  1534 I AOService: hdmi_observer  add@/devices/platform/hiusb-xhci.0/usb4
01-01 08:00:04.975  1408  1534 I AOService: hdmi_observer  add@/devices/platform/hiusb-xhci.0/usb4/4-0:1.0
01-01 08:00:04.980  1399  1399 D hiquickplay: func:[main][26], quickplay[false]
01-01 08:00:04.980  1399  1399 D hiquickplay: func:[main][29], quickplay[false]
01-01 08:00:04.987  1411  1411 D natvieDTVService: entern setPlugin dtv-live://plugin.libhidtv_plugin
01-01 08:00:04.987  1411  1411 D natvieDTVService: [registerPlugin] regist DTV plugin libhidtv_plugin.so
01-01 08:00:04.988  1408  1534 I AOService: hdmi_observer  add@/bus/platform/drivers/hiusb-xhci
01-01 08:00:05.065  1412  1440 I HiMW_ini_provider: update keys 125...
01-01 08:00:05.099  1398  1398 I HiMW_ini_provider: update keys 125...
01-01 08:00:05.250  1397  1397 W GraphicBufferAllocator: alloc(1280, 720, 1, 00001e02, ...) failed -12 (Out of memory)
01-01 08:00:05.250  1397  1397 D GraphicBufferAllocator: Allocated buffers:
01-01 08:00:05.250  1397  1397 D GraphicBufferAllocator: 0xb7f62210: 3600.00 KiB | 1280 (1280) x  720 |        1 | 0x00001e02
